
Optional file libmchp_peripheral.a not found

Optional file libmchp_peripheral_32MX320F128H.a not found
Archive member included to satisfy reference by file (symbol)

c:/program files/microchip/xc32/v3.01/bin/bin/../../lib/gcc/pic32mx/8.3.1\libgcc.a(floatunsisf.o)
                              build/default/production/_ext/1548841071/AD.o (__floatunsisf)
c:/program files/microchip/xc32/v3.01/bin/bin/../../lib/gcc/pic32mx/8.3.1/../../../../pic32mx/lib\libpic32.a(default-bootstrap-exception-handler.o)
                              C:\Users\erikv\AppData\Local\Temp\ccimciKC.o (_bootstrap_exception_handler)
c:/program files/microchip/xc32/v3.01/bin/bin/../../lib/gcc/pic32mx/8.3.1/../../../../pic32mx/lib\libpic32.a(default-on-reset.o)
                              C:\Users\erikv\AppData\Local\Temp\ccimciKC.o (_on_reset)
c:/program files/microchip/xc32/v3.01/bin/bin/../../lib/gcc/pic32mx/8.3.1/../../../../pic32mx/lib\libpic32.a(default-on-bootstrap.o)
                              C:\Users\erikv\AppData\Local\Temp\ccimciKC.o (_on_bootstrap)
c:/program files/microchip/xc32/v3.01/bin/bin/../../lib/gcc/pic32mx/8.3.1/../../../../pic32mx/lib\libpic32.a(default-nmi-handler.o)
                              C:\Users\erikv\AppData\Local\Temp\ccimciKC.o (_nmi_handler)
c:/program files/microchip/xc32/v3.01/bin/bin/../../lib/gcc/pic32mx/8.3.1/../../../../pic32mx/lib\libpic32.a(pic32_data_init.o)
                              C:\Users\erikv\AppData\Local\Temp\ccimciKC.o (__pic32_data_init)
c:/program files/microchip/xc32/v3.01/bin/bin/../../lib/gcc/pic32mx/8.3.1/../../../../pic32mx/lib\libpic32.a(general-exception.o)
                              C:\Users\erikv\AppData\Local\Temp\ccimciKC.o (_general_exception_context)
c:/program files/microchip/xc32/v3.01/bin/bin/../../lib/gcc/pic32mx/8.3.1/../../../../pic32mx/lib\libpic32.a(vector0.o)
                              C:\Users\erikv\AppData\Local\Temp\ccTkS7ER.o (__vector_dispatch_0)
c:/program files/microchip/xc32/v3.01/bin/bin/../../lib/gcc/pic32mx/8.3.1/../../../../pic32mx/lib\libpic32.a(vector1.o)
                              C:\Users\erikv\AppData\Local\Temp\ccTkS7ER.o (__vector_dispatch_1)
c:/program files/microchip/xc32/v3.01/bin/bin/../../lib/gcc/pic32mx/8.3.1/../../../../pic32mx/lib\libpic32.a(vector2.o)
                              C:\Users\erikv\AppData\Local\Temp\ccTkS7ER.o (__vector_dispatch_2)
c:/program files/microchip/xc32/v3.01/bin/bin/../../lib/gcc/pic32mx/8.3.1/../../../../pic32mx/lib\libpic32.a(vector3.o)
                              C:\Users\erikv\AppData\Local\Temp\ccTkS7ER.o (__vector_dispatch_3)
c:/program files/microchip/xc32/v3.01/bin/bin/../../lib/gcc/pic32mx/8.3.1/../../../../pic32mx/lib\libpic32.a(vector5.o)
                              C:\Users\erikv\AppData\Local\Temp\ccTkS7ER.o (__vector_dispatch_5)
c:/program files/microchip/xc32/v3.01/bin/bin/../../lib/gcc/pic32mx/8.3.1/../../../../pic32mx/lib\libpic32.a(vector6.o)
                              C:\Users\erikv\AppData\Local\Temp\ccTkS7ER.o (__vector_dispatch_6)
c:/program files/microchip/xc32/v3.01/bin/bin/../../lib/gcc/pic32mx/8.3.1/../../../../pic32mx/lib\libpic32.a(vector7.o)
                              C:\Users\erikv\AppData\Local\Temp\ccTkS7ER.o (__vector_dispatch_7)
c:/program files/microchip/xc32/v3.01/bin/bin/../../lib/gcc/pic32mx/8.3.1/../../../../pic32mx/lib\libpic32.a(vector8.o)
                              C:\Users\erikv\AppData\Local\Temp\ccTkS7ER.o (__vector_dispatch_8)
c:/program files/microchip/xc32/v3.01/bin/bin/../../lib/gcc/pic32mx/8.3.1/../../../../pic32mx/lib\libpic32.a(vector9.o)
                              C:\Users\erikv\AppData\Local\Temp\ccTkS7ER.o (__vector_dispatch_9)
c:/program files/microchip/xc32/v3.01/bin/bin/../../lib/gcc/pic32mx/8.3.1/../../../../pic32mx/lib\libpic32.a(vector10.o)
                              C:\Users\erikv\AppData\Local\Temp\ccTkS7ER.o (__vector_dispatch_10)
c:/program files/microchip/xc32/v3.01/bin/bin/../../lib/gcc/pic32mx/8.3.1/../../../../pic32mx/lib\libpic32.a(vector11.o)
                              C:\Users\erikv\AppData\Local\Temp\ccTkS7ER.o (__vector_dispatch_11)
c:/program files/microchip/xc32/v3.01/bin/bin/../../lib/gcc/pic32mx/8.3.1/../../../../pic32mx/lib\libpic32.a(vector12.o)
                              C:\Users\erikv\AppData\Local\Temp\ccTkS7ER.o (__vector_dispatch_12)
c:/program files/microchip/xc32/v3.01/bin/bin/../../lib/gcc/pic32mx/8.3.1/../../../../pic32mx/lib\libpic32.a(vector13.o)
                              C:\Users\erikv\AppData\Local\Temp\ccTkS7ER.o (__vector_dispatch_13)
c:/program files/microchip/xc32/v3.01/bin/bin/../../lib/gcc/pic32mx/8.3.1/../../../../pic32mx/lib\libpic32.a(vector14.o)
                              C:\Users\erikv\AppData\Local\Temp\ccTkS7ER.o (__vector_dispatch_14)
c:/program files/microchip/xc32/v3.01/bin/bin/../../lib/gcc/pic32mx/8.3.1/../../../../pic32mx/lib\libpic32.a(vector15.o)
                              C:\Users\erikv\AppData\Local\Temp\ccTkS7ER.o (__vector_dispatch_15)
[...]
Memory Configuration

Name             Origin             Length             Attributes
kseg0_program_mem 0x000000009d002000 0x000000000001d000 xr
kseg0_boot_mem   0x000000009d000490 0x0000000000000970
exception_mem    0x000000009d001000 0x0000000000001000
kseg1_boot_mem   0x00000000bd000000 0x0000000000000490
debug_exec_mem   0x00000000bfc02000 0x0000000000000ff0
config3          0x00000000bfc02ff0 0x0000000000000004
config2          0x00000000bfc02ff4 0x0000000000000004
config1          0x00000000bfc02ff8 0x0000000000000004
config0          0x00000000bfc02ffc 0x0000000000000004
kseg1_data_mem   0x00000000a0000000 0x0000000000004000 w !x
sfrs             0x00000000bf800000 0x0000000000100000
configsfrs       0x00000000bfc02ff0 0x0000000000000010
*default*        0x0000000000000000 0xffffffffffffffff

Linker script and memory map

LOAD c:/program files/microchip/xc32/v3.01/bin/bin/../../lib/gcc/pic32mx/8.3.1/../../../../pic32mx/lib\debug-exception-return.o
LOAD build/default/production/_ext/1548841071/ES_CheckEvents.o
LOAD build/default/production/_ext/1548841071/ES_Framework.o
LOAD build/default/production/_ext/1548841071/ES_KeyboardInput.o
LOAD build/default/production/_ext/1548841071/ES_Main.o
LOAD build/default/production/_ext/1548841071/ES_PostList.o
LOAD build/default/production/_ext/1548841071/ES_Queue.o
LOAD build/default/production/_ext/1548841071/ES_TattleTale.o
LOAD build/default/production/_ext/1548841071/ES_Timers.o
LOAD build/default/production/_ext/1548841071/TopHSM.o
LOAD build/default/production/_ext/1548841071/LoadingSubHSM.o
LOAD build/default/production/_ext/1548841071/CollisionLeftSubHSM.o
LOAD build/default/production/_ext/1548841071/LeftToRightSubHSM.o
LOAD build/default/production/_ext/1548841071/Service_Bumper.o
LOAD build/default/production/_ext/1548841071/Service_PeakDetector.o
LOAD build/default/production/_ext/1548841071/Service_TapeSensor.o
LOAD build/default/production/_ext/1548841071/EventChecker.o
LOAD build/default/production/_ext/1548841071/AD.o
LOAD build/default/production/_ext/1548841071/BOARD.o
LOAD build/default/production/_ext/1548841071/IO_Ports.o
LOAD build/default/production/_ext/1548841071/RC_Servo.o
LOAD build/default/production/_ext/1548841071/pwm.o
LOAD build/default/production/_ext/1548841071/serial.o
LOAD build/default/production/_ext/1548841071/robot.o
LOAD build/default/production/_ext/1548841071/timers.o
LOAD build/default/production/_ext/1548841071/LED.o
LOAD build/default/production/_ext/1548841071/LeftGameSubHSM.o
LOAD build/default/production/_ext/1548841071/FindGoalSubHSM.o
LOAD build/default/production/_ext/1548841071/RightGameSubHSM.o
LOAD build/default/production/_ext/1548841071/RightToLeftSubHSM.o
                0x0000000000000001                __MPLAB_BUILD = 0x1
                0x0000000000000400                PROVIDE (_min_stack_size = 0x400)
START GROUP
LOAD libmchp_peripheral.a
END GROUP
START GROUP
LOAD libmchp_peripheral_32MX320F128H.a
END GROUP
                0x0000000000000001                PROVIDE (_vector_spacing = 0x1)
                0x000000009d001000                _ebase_address = 0x9d001000
                0x00000000bd000000                _RESET_ADDR = 0xbd000000
                0x00000000bd000380                _BEV_EXCPT_ADDR = 0xbd000380
                0x00000000bd000480                _DBG_EXCPT_ADDR = 0xbd000480
                0x00000000bfc02000                _DBG_CODE_ADDR = 0xbfc02000
                0x0000000000000ff0                _DBG_CODE_SIZE = 0xff0
                0x000000009d001180                _GEN_EXCPT_ADDR = (_ebase_address + 0x180)

.config_BFC02FF0
 *(.config_BFC02FF0)

.config_BFC02FF4
 *(.config_BFC02FF4)

.config_BFC02FF8
 *(.config_BFC02FF8)

.config_BFC02FFC
 *(.config_BFC02FFC)
                [!provide]                        PROVIDE (_DBG_CODE_ADDR = 0xbfc02000)
                [!provide]                        PROVIDE (_DBG_CODE_SIZE = 0xff0)

.reset          0x00000000bd000000      0x19c
 *(.reset)
 .reset         0x00000000bd000000        0x8 C:\Users\erikv\AppData\Local\Temp\ccimciKC.o
                0x00000000bd000000                _reset
 *(.reset.startup)
 .reset.startup
                0x00000000bd000008      0x194 C:\Users\erikv\AppData\Local\Temp\ccimciKC.o
                0x00000000bd000008                _startup

.bev_excpt      0x00000000bd000380       0x10
 *(.bev_handler)
 .bev_handler   0x00000000bd000380       0x10 C:\Users\erikv\AppData\Local\Temp\ccimciKC.o

.dbg_excpt      0x00000000bd000480        0x0
                0x00000000bd000480                . = (. + DEFINED (_DEBUGGER)?0x8:0x0)

.dbg_code       0x00000000bfc02000        0x0
                0x00000000bfc02000                . = (. + DEFINED (_DEBUGGER)?_DBG_CODE_SIZE:0x0)

.app_excpt      0x000000009d001180       0x10
 *(.gen_handler)
 .gen_handler   0x000000009d001180       0x10 C:\Users\erikv\AppData\Local\Temp\ccimciKC.o

.vector_0       0x000000009d001200        0x8
 *(.vector_0)
 .vector_0      0x000000009d001200        0x8 c:/program files/microchip/xc32/v3.01/bin/bin/../../lib/gcc/pic32mx/8.3.1/../../../../pic32mx/lib\libpic32.a(vector0.o)
                0x000000009d001200                __vector_dispatch_0
                0x0000000000000001                ASSERT (((_vector_spacing == 0x0) || (SIZEOF (.vector_0) <= (_vector_spacing << 0x5))), function at exception vector 0 too large)

.vector_1       0x000000009d001220        0x8
 *(.vector_1)
 .vector_1      0x000000009d001220        0x8 c:/program files/microchip/xc32/v3.01/bin/bin/../../lib/gcc/pic32mx/8.3.1/../../../../pic32mx/lib\libpic32.a(vector1.o)
                0x000000009d001220                __vector_dispatch_1
                0x0000000000000001                ASSERT (((_vector_spacing == 0x0) || (SIZEOF (.vector_1) <= (_vector_spacing << 0x5))), function at exception vector 1 too large)

.vector_2       0x000000009d001240        0x8
 *(.vector_2)
 .vector_2      0x000000009d001240        0x8 c:/program files/microchip/xc32/v3.01/bin/bin/../../lib/gcc/pic32mx/8.3.1/../../../../pic32mx/lib\libpic32.a(vector2.o)
                0x000000009d001240                __vector_dispatch_2
                0x0000000000000001                ASSERT (((_vector_spacing == 0x0) || (SIZEOF (.vector_2) <= (_vector_spacing << 0x5))), function at exception vector 2 too large)

.vector_3       0x000000009d001260        0x8
 *(.vector_3)
 .vector_3      0x000000009d001260        0x8 c:/program files/microchip/xc32/v3.01/bin/bin/../../lib/gcc/pic32mx/8.3.1/../../../../pic32mx/lib\libpic32.a(vector3.o)
                0x000000009d001260                __vector_dispatch_3
                0x0000000000000001                ASSERT (((_vector_spacing == 0x0) || (SIZEOF (.vector_3) <= (_vector_spacing << 0x5))), function at exception vector 3 too large)

.vector_4       0x000000009d001280        0x8
 *(.vector_4)
 .vector_4      0x000000009d001280        0x8 build/default/production/_ext/1548841071/ES_Timers.o
                0x000000009d001280                __vector_dispatch_4
                0x0000000000000001                ASSERT (((_vector_spacing == 0x0) || (SIZEOF (.vector_4) <= (_vector_spacing << 0x5))), function at exception vector 4 too large)

.vector_5       0x000000009d0012a0        0x8
 *(.vector_5)
 .vector_5      0x000000009d0012a0        0x8 c:/program files/microchip/xc32/v3.01/bin/bin/../../lib/gcc/pic32mx/8.3.1/../../../../pic32mx/lib\libpic32.a(vector5.o)
                0x000000009d0012a0                __vector_dispatch_5
                0x0000000000000001                ASSERT (((_vector_spacing == 0x0) || (SIZEOF (.vector_5) <= (_vector_spacing << 0x5))), function at exception vector 5 too large)

.vector_6       0x000000009d0012c0        0x8
 *(.vector_6)
 .vector_6      0x000000009d0012c0        0x8 c:/program files/microchip/xc32/v3.01/bin/bin/../../lib/gcc/pic32mx/8.3.1/../../../../pic32mx/lib\libpic32.a(vector6.o)
                0x000000009d0012c0                __vector_dispatch_6
                0x0000000000000001                ASSERT (((_vector_spacing == 0x0) || (SIZEOF (.vector_6) <= (_vector_spacing << 0x5))), function at exception vector 6 too large)

.vector_7       0x000000009d0012e0        0x8
 *(.vector_7)
 .vector_7      0x000000009d0012e0        0x8 c:/program files/microchip/xc32/v3.01/bin/bin/../../lib/gcc/pic32mx/8.3.1/../../../../pic32mx/lib\libpic32.a(vector7.o)
                0x000000009d0012e0                __vector_dispatch_7
                0x0000000000000001                ASSERT (((_vector_spacing == 0x0) || (SIZEOF (.vector_7) <= (_vector_spacing << 0x5))), function at exception vector 7 too large)

.vector_8       0x000000009d001300        0x8
 *(.vector_8)
 .vector_8      0x000000009d001300        0x8 c:/program files/microchip/xc32/v3.01/bin/bin/../../lib/gcc/pic32mx/8.3.1/../../../../pic32mx/lib\libpic32.a(vector8.o)
                0x000000009d001300                __vector_dispatch_8
                0x0000000000000001                ASSERT (((_vector_spacing == 0x0) || (SIZEOF (.vector_8) <= (_vector_spacing << 0x5))), function at exception vector 8 too large)

.vector_9       0x000000009d001320        0x8
 *(.vector_9)
 .vector_9      0x000000009d001320        0x8 c:/program files/microchip/xc32/v3.01/bin/bin/../../lib/gcc/pic32mx/8.3.1/../../../../pic32mx/lib\libpic32.a(vector9.o)
                0x000000009d001320                __vector_dispatch_9
                0x0000000000000001                ASSERT (((_vector_spacing == 0x0) || (SIZEOF (.vector_9) <= (_vector_spacing << 0x5))), function at exception vector 9 too large)

.vector_10      0x000000009d001340        0x8
 *(.vector_10)
 .vector_10     0x000000009d001340        0x8 c:/program files/microchip/xc32/v3.01/bin/bin/../../lib/gcc/pic32mx/8.3.1/../../../../pic32mx/lib\libpic32.a(vector10.o)
                0x000000009d001340                __vector_dispatch_10
                0x0000000000000001                ASSERT (((_vector_spacing == 0x0) || (SIZEOF (.vector_10) <= (_vector_spacing << 0x5))), function at exception vector 10 too large)

.vector_11      0x000000009d001360        0x8
 *(.vector_11)
 .vector_11     0x000000009d001360        0x8 c:/program files/microchip/xc32/v3.01/bin/bin/../../lib/gcc/pic32mx/8.3.1/../../../../pic32mx/lib\libpic32.a(vector11.o)
                0x000000009d001360                __vector_dispatch_11
                0x0000000000000001                ASSERT (((_vector_spacing == 0x0) || (SIZEOF (.vector_11) <= (_vector_spacing << 0x5))), function at exception vector 11 too large)

.vector_12      0x000000009d001380        0x8
 *(.vector_12)
 .vector_12     0x000000009d001380        0x8 c:/program files/microchip/xc32/v3.01/bin/bin/../../lib/gcc/pic32mx/8.3.1/../../../../pic32mx/lib\libpic32.a(vector12.o)
                0x000000009d001380                __vector_dispatch_12
                0x0000000000000001                ASSERT (((_vector_spacing == 0x0) || (SIZEOF (.vector_12) <= (_vector_spacing << 0x5))), function at exception vector 12 too large)

.vector_13      0x000000009d0013a0        0x8
 *(.vector_13)
 .vector_13     0x000000009d0013a0        0x8 c:/program files/microchip/xc32/v3.01/bin/bin/../../lib/gcc/pic32mx/8.3.1/../../../../pic32mx/lib\libpic32.a(vector13.o)
                0x000000009d0013a0                __vector_dispatch_13
                0x0000000000000001                ASSERT (((_vector_spacing == 0x0) || (SIZEOF (.vector_13) <= (_vector_spacing << 0x5))), function at exception vector 13 too large)

.vector_14      0x000000009d0013c0        0x8
 *(.vector_14)
 .vector_14     0x000000009d0013c0        0x8 c:/program files/microchip/xc32/v3.01/bin/bin/../../lib/gcc/pic32mx/8.3.1/../../../../pic32mx/lib\libpic32.a(vector14.o)
                0x000000009d0013c0                __vector_dispatch_14
                0x0000000000000001                ASSERT (((_vector_spacing == 0x0) || (SIZEOF (.vector_14) <= (_vector_spacing << 0x5))), function at exception vector 14 too large)

.vector_15      0x000000009d0013e0        0x8
 *(.vector_15)
 .vector_15     0x000000009d0013e0        0x8 c:/program files/microchip/xc32/v3.01/bin/bin/../../lib/gcc/pic32mx/8.3.1/../../../../pic32mx/lib\libpic32.a(vector15.o)
                0x000000009d0013e0                __vector_dispatch_15
                0x0000000000000001                ASSERT (((_vector_spacing == 0x0) || (SIZEOF (.vector_15) <= (_vector_spacing << 0x5))), function at exception vector 15 too large)

.vector_16      0x000000009d001400        0x8
 *(.vector_16)
 .vector_16     0x000000009d001400        0x8 build/default/production/_ext/1548841071/RC_Servo.o
                0x000000009d001400                __vector_dispatch_16
                0x0000000000000001                ASSERT (((_vector_spacing == 0x0) || (SIZEOF (.vector_16) <= (_vector_spacing << 0x5))), function at exception vector 16 too large)

.vector_17      0x000000009d001420        0x8
 *(.vector_17)
 .vector_17     0x000000009d001420        0x8 c:/program files/microchip/xc32/v3.01/bin/bin/../../lib/gcc/pic32mx/8.3.1/../../../../pic32mx/lib\libpic32.a(vector17.o)
                0x000000009d001420                __vector_dispatch_17
                0x0000000000000001                ASSERT (((_vector_spacing == 0x0) || (SIZEOF (.vector_17) <= (_vector_spacing << 0x5))), function at exception vector 17 too large)

.vector_18      0x000000009d001440        0x8
 *(.vector_18)
 .vector_18     0x000000009d001440        0x8 c:/program files/microchip/xc32/v3.01/bin/bin/../../lib/gcc/pic32mx/8.3.1/../../../../pic32mx/lib\libpic32.a(vector18.o)
                0x000000009d001440                __vector_dispatch_18
                0x0000000000000001                ASSERT (((_vector_spacing == 0x0) || (SIZEOF (.vector_18) <= (_vector_spacing << 0x5))), function at exception vector 18 too large)

.vector_19      0x000000009d001460        0x8
 *(.vector_19)
 .vector_19     0x000000009d001460        0x8 c:/program files/microchip/xc32/v3.01/bin/bin/../../lib/gcc/pic32mx/8.3.1/../../../../pic32mx/lib\libpic32.a(vector19.o)
                0x000000009d001460                __vector_dispatch_19
                0x0000000000000001                ASSERT (((_vector_spacing == 0x0) || (SIZEOF (.vector_19) <= (_vector_spacing << 0x5))), function at exception vector 19 too large)

.vector_20      0x000000009d001480        0x8
 *(.vector_20)
 .vector_20     0x000000009d001480        0x8 build/default/production/_ext/1548841071/timers.o
                0x000000009d001480                __vector_dispatch_20
                0x0000000000000001                ASSERT (((_vector_spacing == 0x0) || (SIZEOF (.vector_20) <= (_vector_spacing << 0x5))), function at exception vector 20 too large)

.vector_21      0x000000009d0014a0        0x8
 *(.vector_21)
 .vector_21     0x000000009d0014a0        0x8 c:/program files/microchip/xc32/v3.01/bin/bin/../../lib/gcc/pic32mx/8.3.1/../../../../pic32mx/lib\libpic32.a(vector21.o)
                0x000000009d0014a0                __vector_dispatch_21
                0x0000000000000001                ASSERT (((_vector_spacing == 0x0) || (SIZEOF (.vector_21) <= (_vector_spacing << 0x5))), function at exception vector 21 too large)

.vector_22      0x000000009d0014c0        0x8
 *(.vector_22)
 .vector_22     0x000000009d0014c0        0x8 c:/program files/microchip/xc32/v3.01/bin/bin/../../lib/gcc/pic32mx/8.3.1/../../../../pic32mx/lib\libpic32.a(vector22.o)
                0x000000009d0014c0                __vector_dispatch_22
                0x0000000000000001                ASSERT (((_vector_spacing == 0x0) || (SIZEOF (.vector_22) <= (_vector_spacing << 0x5))), function at exception vector 22 too large)

.vector_23      0x000000009d0014e0        0x8
 *(.vector_23)
 .vector_23     0x000000009d0014e0        0x8 c:/program files/microchip/xc32/v3.01/bin/bin/../../lib/gcc/pic32mx/8.3.1/../../../../pic32mx/lib\libpic32.a(vector23.o)
                0x000000009d0014e0                __vector_dispatch_23
                0x0000000000000001                ASSERT (((_vector_spacing == 0x0) || (SIZEOF (.vector_23) <= (_vector_spacing << 0x5))), function at exception vector 23 too large)

.vector_24      0x000000009d001500        0x8
 *(.vector_24)
 .vector_24     0x000000009d001500        0x8 build/default/production/_ext/1548841071/serial.o
                0x000000009d001500                __vector_dispatch_24
                0x0000000000000001                ASSERT (((_vector_spacing == 0x0) || (SIZEOF (.vector_24) <= (_vector_spacing << 0x5))), function at exception vector 24 too large)

.vector_25      0x000000009d001520        0x8
 *(.vector_25)
 .vector_25     0x000000009d001520        0x8 c:/program files/microchip/xc32/v3.01/bin/bin/../../lib/gcc/pic32mx/8.3.1/../../../../pic32mx/lib\libpic32.a(vector25.o)
                0x000000009d001520                __vector_dispatch_25
                0x0000000000000001                ASSERT (((_vector_spacing == 0x0) || (SIZEOF (.vector_25) <= (_vector_spacing << 0x5))), function at exception vector 25 too large)

.vector_26      0x000000009d001540        0x8
 *(.vector_26)
 .vector_26     0x000000009d001540        0x8 c:/program files/microchip/xc32/v3.01/bin/bin/../../lib/gcc/pic32mx/8.3.1/../../../../pic32mx/lib\libpic32.a(vector26.o)
                0x000000009d001540                __vector_dispatch_26
                0x0000000000000001                ASSERT (((_vector_spacing == 0x0) || (SIZEOF (.vector_26) <= (_vector_spacing << 0x5))), function at exception vector 26 too large)

.vector_27      0x000000009d001560        0x8
 *(.vector_27)
 .vector_27     0x000000009d001560        0x8 build/default/production/_ext/1548841071/AD.o
                0x000000009d001560                __vector_dispatch_27
                0x0000000000000001                ASSERT (((_vector_spacing == 0x0) || (SIZEOF (.vector_27) <= (_vector_spacing << 0x5))), function at exception vector 27 too large)

.vector_28      0x000000009d001580        0x8
 *(.vector_28)
 .vector_28     0x000000009d001580        0x8 c:/program files/microchip/xc32/v3.01/bin/bin/../../lib/gcc/pic32mx/8.3.1/../../../../pic32mx/lib\libpic32.a(vector28.o)
                0x000000009d001580                __vector_dispatch_28
                0x0000000000000001                ASSERT (((_vector_spacing == 0x0) || (SIZEOF (.vector_28) <= (_vector_spacing << 0x5))), function at exception vector 28 too large)

.vector_29      0x000000009d0015a0        0x8
 *(.vector_29)
 .vector_29     0x000000009d0015a0        0x8 c:/program files/microchip/xc32/v3.01/bin/bin/../../lib/gcc/pic32mx/8.3.1/../../../../pic32mx/lib\libpic32.a(vector29.o)
                0x000000009d0015a0                __vector_dispatch_29
                0x0000000000000001                ASSERT (((_vector_spacing == 0x0) || (SIZEOF (.vector_29) <= (_vector_spacing << 0x5))), function at exception vector 29 too large)

.vector_30      0x000000009d0015c0        0x8
 *(.vector_30)
 .vector_30     0x000000009d0015c0        0x8 c:/program files/microchip/xc32/v3.01/bin/bin/../../lib/gcc/pic32mx/8.3.1/../../../../pic32mx/lib\libpic32.a(vector30.o)
                0x000000009d0015c0                __vector_dispatch_30
                0x0000000000000001                ASSERT (((_vector_spacing == 0x0) || (SIZEOF (.vector_30) <= (_vector_spacing << 0x5))), function at exception vector 30 too large)

.vector_31      0x000000009d0015e0        0x8
 *(.vector_31)
 .vector_31     0x000000009d0015e0        0x8 c:/program files/microchip/xc32/v3.01/bin/bin/../../lib/gcc/pic32mx/8.3.1/../../../../pic32mx/lib\libpic32.a(vector31.o)
                0x000000009d0015e0                __vector_dispatch_31
                0x0000000000000001                ASSERT (((_vector_spacing == 0x0) || (SIZEOF (.vector_31) <= (_vector_spacing << 0x5))), function at exception vector 31 too large)

.vector_32      0x000000009d001600        0x8
 *(.vector_32)
 .vector_32     0x000000009d001600        0x8 c:/program files/microchip/xc32/v3.01/bin/bin/../../lib/gcc/pic32mx/8.3.1/../../../../pic32mx/lib\libpic32.a(vector32.o)
                0x000000009d001600                __vector_dispatch_32
                0x0000000000000001                ASSERT (((_vector_spacing == 0x0) || (SIZEOF (.vector_32) <= (_vector_spacing << 0x5))), function at exception vector 32 too large)

.vector_33      0x000000009d001620        0x8
 *(.vector_33)
 .vector_33     0x000000009d001620        0x8 c:/program files/microchip/xc32/v3.01/bin/bin/../../lib/gcc/pic32mx/8.3.1/../../../../pic32mx/lib\libpic32.a(vector33.o)
                0x000000009d001620                __vector_dispatch_33
                0x0000000000000001                ASSERT (((_vector_spacing == 0x0) || (SIZEOF (.vector_33) <= (_vector_spacing << 0x5))), function at exception vector 33 too large)

.vector_34      0x000000009d001640        0x8
 *(.vector_34)
 .vector_34     0x000000009d001640        0x8 c:/program files/microchip/xc32/v3.01/bin/bin/../../lib/gcc/pic32mx/8.3.1/../../../../pic32mx/lib\libpic32.a(vector34.o)
                0x000000009d001640                __vector_dispatch_34
                0x0000000000000001                ASSERT (((_vector_spacing == 0x0) || (SIZEOF (.vector_34) <= (_vector_spacing << 0x5))), function at exception vector 34 too large)

.vector_35      0x000000009d001660        0x8
 *(.vector_35)
 .vector_35     0x000000009d001660        0x8 c:/program files/microchip/xc32/v3.01/bin/bin/../../lib/gcc/pic32mx/8.3.1/../../../../pic32mx/lib\libpic32.a(vector35.o)
                0x000000009d001660                __vector_dispatch_35
                0x0000000000000001                ASSERT (((_vector_spacing == 0x0) || (SIZEOF (.vector_35) <= (_vector_spacing << 0x5))), function at exception vector 35 too large)

.vector_36      0x000000009d001680        0x8
 *(.vector_36)
 .vector_36     0x000000009d001680        0x8 c:/program files/microchip/xc32/v3.01/bin/bin/../../lib/gcc/pic32mx/8.3.1/../../../../pic32mx/lib\libpic32.a(vector36.o)
                0x000000009d001680                __vector_dispatch_36
                0x0000000000000001                ASSERT (((_vector_spacing == 0x0) || (SIZEOF (.vector_36) <= (_vector_spacing << 0x5))), function at exception vector 36 too large)

.vector_37      0x000000009d0016a0        0x8
 *(.vector_37)
 .vector_37     0x000000009d0016a0        0x8 c:/program files/microchip/xc32/v3.01/bin/bin/../../lib/gcc/pic32mx/8.3.1/../../../../pic32mx/lib\libpic32.a(vector37.o)
                0x000000009d0016a0                __vector_dispatch_37
                0x0000000000000001                ASSERT (((_vector_spacing == 0x0) || (SIZEOF (.vector_37) <= (_vector_spacing << 0x5))), function at exception vector 37 too large)

.vector_38      0x000000009d0016c0        0x8
 *(.vector_38)
 .vector_38     0x000000009d0016c0        0x8 c:/program files/microchip/xc32/v3.01/bin/bin/../../lib/gcc/pic32mx/8.3.1/../../../../pic32mx/lib\libpic32.a(vector38.o)
                0x000000009d0016c0                __vector_dispatch_38
                0x0000000000000001                ASSERT (((_vector_spacing == 0x0) || (SIZEOF (.vector_38) <= (_vector_spacing << 0x5))), function at exception vector 38 too large)

.vector_39      0x000000009d0016e0        0x8
 *(.vector_39)
 .vector_39     0x000000009d0016e0        0x8 c:/program files/microchip/xc32/v3.01/bin/bin/../../lib/gcc/pic32mx/8.3.1/../../../../pic32mx/lib\libpic32.a(vector39.o)
                0x000000009d0016e0                __vector_dispatch_39
                0x0000000000000001                ASSERT (((_vector_spacing == 0x0) || (SIZEOF (.vector_39) <= (_vector_spacing << 0x5))), function at exception vector 39 too large)

.vector_40      0x000000009d001700        0x8
 *(.vector_40)
 .vector_40     0x000000009d001700        0x8 c:/program files/microchip/xc32/v3.01/bin/bin/../../lib/gcc/pic32mx/8.3.1/../../../../pic32mx/lib\libpic32.a(vector40.o)
                0x000000009d001700                __vector_dispatch_40
                0x0000000000000001                ASSERT (((_vector_spacing == 0x0) || (SIZEOF (.vector_40) <= (_vector_spacing << 0x5))), function at exception vector 40 too large)

.vector_41      0x000000009d001720        0x8
 *(.vector_41)
 .vector_41     0x000000009d001720        0x8 c:/program files/microchip/xc32/v3.01/bin/bin/../../lib/gcc/pic32mx/8.3.1/../../../../pic32mx/lib\libpic32.a(vector41.o)
                0x000000009d001720                __vector_dispatch_41
                0x0000000000000001                ASSERT (((_vector_spacing == 0x0) || (SIZEOF (.vector_41) <= (_vector_spacing << 0x5))), function at exception vector 41 too large)

.vector_42      0x000000009d001740        0x8
 *(.vector_42)
 .vector_42     0x000000009d001740        0x8 c:/program files/microchip/xc32/v3.01/bin/bin/../../lib/gcc/pic32mx/8.3.1/../../../../pic32mx/lib\libpic32.a(vector42.o)
                0x000000009d001740                __vector_dispatch_42
                0x0000000000000001                ASSERT (((_vector_spacing == 0x0) || (SIZEOF (.vector_42) <= (_vector_spacing << 0x5))), function at exception vector 42 too large)

.vector_43      0x000000009d001760        0x8
 *(.vector_43)
 .vector_43     0x000000009d001760        0x8 c:/program files/microchip/xc32/v3.01/bin/bin/../../lib/gcc/pic32mx/8.3.1/../../../../pic32mx/lib\libpic32.a(vector43.o)
                0x000000009d001760                __vector_dispatch_43
                0x0000000000000001                ASSERT (((_vector_spacing == 0x0) || (SIZEOF (.vector_43) <= (_vector_spacing << 0x5))), function at exception vector 43 too large)

.vector_44      0x000000009d001780        0x8
 *(.vector_44)
 .vector_44     0x000000009d001780        0x8 c:/program files/microchip/xc32/v3.01/bin/bin/../../lib/gcc/pic32mx/8.3.1/../../../../pic32mx/lib\libpic32.a(vector44.o)
                0x000000009d001780                __vector_dispatch_44
                0x0000000000000001                ASSERT (((_vector_spacing == 0x0) || (SIZEOF (.vector_44) <= (_vector_spacing << 0x5))), function at exception vector 44 too large)

.vector_45      0x000000009d0017a0        0x0
 *(.vector_45)
                0x0000000000000001                ASSERT (((_vector_spacing == 0x0) || (SIZEOF (.vector_45) <= (_vector_spacing << 0x5))), function at exception vector 45 too large)

.vector_46      0x000000009d0017c0        0x0
 *(.vector_46)
                0x0000000000000001                ASSERT (((_vector_spacing == 0x0) || (SIZEOF (.vector_46) <= (_vector_spacing << 0x5))), function at exception vector 46 too large)

.vector_47      0x000000009d0017e0        0x0
 *(.vector_47)
                0x0000000000000001                ASSERT (((_vector_spacing == 0x0) || (SIZEOF (.vector_47) <= (_vector_spacing << 0x5))), function at exception vector 47 too large)

.vector_48      0x000000009d001800        0x0
 *(.vector_48)
                0x0000000000000001                ASSERT (((_vector_spacing == 0x0) || (SIZEOF (.vector_48) <= (_vector_spacing << 0x5))), function at exception vector 48 too large)

.vector_49      0x000000009d001820        0x0
 *(.vector_49)
                0x0000000000000001                ASSERT (((_vector_spacing == 0x0) || (SIZEOF (.vector_49) <= (_vector_spacing << 0x5))), function at exception vector 49 too large)

.vector_50      0x000000009d001840        0x0
 *(.vector_50)
                0x0000000000000001                ASSERT (((_vector_spacing == 0x0) || (SIZEOF (.vector_50) <= (_vector_spacing << 0x5))), function at exception vector 50 too large)

.vector_51      0x000000009d001860        0x0
 *(.vector_51)
                0x0000000000000001                ASSERT (((_vector_spacing == 0x0) || (SIZEOF (.vector_51) <= (_vector_spacing << 0x5))), function at exception vector 51 too large)

.vector_52      0x000000009d001880        0x0
 *(.vector_52)
                0x0000000000000001                ASSERT (((_vector_spacing == 0x0) || (SIZEOF (.vector_52) <= (_vector_spacing << 0x5))), function at exception vector 52 too large)

.vector_53      0x000000009d0018a0        0x0
 *(.vector_53)
                0x0000000000000001                ASSERT (((_vector_spacing == 0x0) || (SIZEOF (.vector_53) <= (_vector_spacing << 0x5))), function at exception vector 53 too large)

.vector_54      0x000000009d0018c0        0x0
 *(.vector_54)
                0x0000000000000001                ASSERT (((_vector_spacing == 0x0) || (SIZEOF (.vector_54) <= (_vector_spacing << 0x5))), function at exception vector 54 too large)

.vector_55      0x000000009d0018e0        0x0
 *(.vector_55)
                0x0000000000000001                ASSERT (((_vector_spacing == 0x0) || (SIZEOF (.vector_55) <= (_vector_spacing << 0x5))), function at exception vector 55 too large)

.vector_56      0x000000009d001900        0x0
 *(.vector_56)
                0x0000000000000001                ASSERT (((_vector_spacing == 0x0) || (SIZEOF (.vector_56) <= (_vector_spacing << 0x5))), function at exception vector 56 too large)

.vector_57      0x000000009d001920        0x0
 *(.vector_57)
                0x0000000000000001                ASSERT (((_vector_spacing == 0x0) || (SIZEOF (.vector_57) <= (_vector_spacing << 0x5))), function at exception vector 57 too large)

.vector_58      0x000000009d001940        0x0
 *(.vector_58)
                0x0000000000000001                ASSERT (((_vector_spacing == 0x0) || (SIZEOF (.vector_58) <= (_vector_spacing << 0x5))), function at exception vector 58 too large)

.vector_59      0x000000009d001960        0x0
 *(.vector_59)
                0x0000000000000001                ASSERT (((_vector_spacing == 0x0) || (SIZEOF (.vector_59) <= (_vector_spacing << 0x5))), function at exception vector 59 too large)

.vector_60      0x000000009d001980        0x0
 *(.vector_60)
                0x0000000000000001                ASSERT (((_vector_spacing == 0x0) || (SIZEOF (.vector_60) <= (_vector_spacing << 0x5))), function at exception vector 60 too large)

.vector_61      0x000000009d0019a0        0x0
 *(.vector_61)
                0x0000000000000001                ASSERT (((_vector_spacing == 0x0) || (SIZEOF (.vector_61) <= (_vector_spacing << 0x5))), function at exception vector 61 too large)

.vector_62      0x000000009d0019c0        0x0
 *(.vector_62)
                0x0000000000000001                ASSERT (((_vector_spacing == 0x0) || (SIZEOF (.vector_62) <= (_vector_spacing << 0x5))), function at exception vector 62 too large)

.vector_63      0x000000009d0019e0        0x0
 *(.vector_63)
                0x0000000000000001                ASSERT (((_vector_spacing == 0x0) || (SIZEOF (.vector_63) <= (_vector_spacing << 0x5))), function at exception vector 63 too large)

.startup
 *(.startup)

.text           0x000000009d002000        0x0
 *(.stub .gnu.linkonce.t.*)
 *(.text.*personality*)
 *(.mips16.fn.*)
 *(.mips16.call.*)
 *(.gnu.warning)
                0x000000009d002000                . = ALIGN (0x4)

.init           0x000000009d002000        0x0
 *crti.o(.init)
 *crtbegin.o(.init)
 *(EXCLUDE_FILE(*crtn.o *crtend?.o *crtend.o) .init)
 *crtend.o(.init)
 *crtn.o(.init)
                0x000000009d002000                . = ALIGN (0x4)

.fini           0x000000009d002000        0x0
 *(.fini)
                0x000000009d002000                . = ALIGN (0x4)

.preinit_array  0x000000009d002000        0x0
                [!provide]                        PROVIDE (__preinit_array_start = .)
 *(.preinit_array)
                [!provide]                        PROVIDE (__preinit_array_end = .)
                0x000000009d002000                . = ALIGN (0x4)

.init_array     0x000000009d002000        0x0
                [!provide]                        PROVIDE (__init_array_start = .)
 *(SORT_BY_NAME(.init_array.*))
 *(.init_array)
                [!provide]                        PROVIDE (__init_array_end = .)
                0x000000009d002000                . = ALIGN (0x4)

.fini_array     0x000000009d002000        0x0
                [!provide]                        PROVIDE (__fini_array_start = .)
 *(SORT_BY_NAME(.fini_array.*))
 *(.fini_array)
                [!provide]                        PROVIDE (__fini_array_end = .)
                0x000000009d002000                . = ALIGN (0x4)

.ctors          0x000000009d002000        0x0
 *crtbegin.o(.ctors)
 *crtbegin?.o(.ctors)
 *(EXCLUDE_FILE(*crtend?.o *crtend.o) .ctors)
 *(SORT_BY_NAME(.ctors.*))
 *(.ctors)
                0x000000009d002000                . = ALIGN (0x4)

.dtors          0x000000009d002000        0x0
 *crtbegin.o(.dtors)
 *crtbegin?.o(.dtors)
 *(EXCLUDE_FILE(*crtend?.o *crtend.o) .dtors)
 *(SORT_BY_NAME(.dtors.*))
 *(.dtors)
                0x000000009d002000                . = ALIGN (0x4)

.rodata         0x000000009d002000        0x0
 *(.gnu.linkonce.r.*)
 *(.rodata1)
                0x000000009d002000                . = ALIGN (0x4)

.sdata2         0x000000009d002000        0x0
 *(.sdata2 .sdata2.* .gnu.linkonce.s2.*)
                0x000000009d002000                . = ALIGN (0x4)

.sbss2          0x000000009d002000        0x0
 *(.sbss2 .sbss2.* .gnu.linkonce.sb2.*)
                0x000000009d002000                . = ALIGN (0x4)

.eh_frame_hdr
 *(.eh_frame_hdr)
                0x000000009d002000                . = ALIGN (0x4)

.eh_frame
 *(.eh_frame)
                0x000000009d002000                . = ALIGN (0x4)

.gcc_except_table
 *(.gcc_except_table .gcc_except_table.*)
                0x000000009d002000                . = ALIGN (0x4)

.dbg_data       0x00000000a0000000        0x0
                0x00000000a0000000                . = (. + DEFINED (_DEBUGGER)?0x200:0x0)

.jcr            0x00000000a0000000        0x0
 *(.jcr)
                0x00000000a0000000                . = ALIGN (0x4)

.eh_frame
 *(.eh_frame)
                0x00000000a0000000                . = ALIGN (0x4)

.gcc_except_table
 *(.gcc_except_table .gcc_except_table.*)
                0x00000000a0000000                . = ALIGN (0x4)

.persist        0x00000000a0000000        0x0
                0x00000000a0000000                _persist_begin = .
 *(.persist .persist.*)
 *(.pbss .pbss.*)
                0x00000000a0000000                . = ALIGN (0x4)
                0x00000000a0000000                _persist_end = .

.data           0x00000000a0000000        0x0
 *(.gnu.linkonce.d.*)
 *(.data1)
                0x00000000a0000000                . = ALIGN (0x4)
                0x00000000a0000000                . = .
                0x00000000a0007ff0                _gp = (ALIGN (0x10) + 0x7ff0)

.got            0x00000000a0000000        0x0
 *(.got.plt)
 *(.got)
                0x00000000a0000000                . = ALIGN (0x4)

.sdata          0x00000000a0000000       0x1c
                0x00000000a0000000                _sdata_begin = .
 *(.sdata .sdata.* .gnu.linkonce.s.*)
 .sdata         0x00000000a0000000        0x4 build/default/production/_ext/1548841071/TopHSM.o
 .sdata         0x00000000a0000004        0x8 build/default/production/_ext/1548841071/EventChecker.o
 .sdata         0x00000000a000000c        0x4 build/default/production/_ext/1548841071/AD.o
 .sdata         0x00000000a0000010        0x7 build/default/production/_ext/1548841071/RC_Servo.o
 *fill*         0x00000000a0000017        0x1 
 .sdata         0x00000000a0000018        0x4 c:/program files/microchip/xc32/v3.01/bin/bin/../../lib/gcc/pic32mx/8.3.1/../../../../pic32mx/lib\liblega-c.a(_iobdata.o)
                0x00000000a0000018                _libc_data
                0x00000000a000001c                . = ALIGN (0x4)
                0x00000000a000001c                _sdata_end = .

.lit8
 *(.lit8)

.lit4
 *(.lit4)
                0x00000000a000001c                . = ALIGN (0x4)
                0x00000000a000001c                _data_end = .
                0x00000000a000001c                _bss_begin = .

.sbss           0x00000000a000001c      0x130
                0x00000000a000001c                _sbss_begin = .
 *(.dynsbss)
 *(.sbss .sbss.* .gnu.linkonce.sb.*)
 .sbss          0x00000000a000001c        0xc build/default/production/_ext/1548841071/ES_Framework.o
                0x00000000a000001c                Ready
 .sbss          0x00000000a0000028        0x1 build/default/production/_ext/1548841071/ES_KeyboardInput.o
 *fill*         0x00000000a0000029        0x3 
 .sbss          0x00000000a000002c       0x30 build/default/production/_ext/1548841071/ES_Timers.o
 .sbss          0x00000000a000005c        0xc build/default/production/_ext/1548841071/TopHSM.o
 .sbss          0x00000000a0000068        0xc build/default/production/_ext/1548841071/LoadingSubHSM.o
 .sbss          0x00000000a0000074        0x5 build/default/production/_ext/1548841071/CollisionLeftSubHSM.o
 *fill*         0x00000000a0000079        0x3 
 .sbss          0x00000000a000007c        0x5 build/default/production/_ext/1548841071/LeftToRightSubHSM.o
 *fill*         0x00000000a0000081        0x3 
 .sbss          0x00000000a0000084        0x8 build/default/production/_ext/1548841071/Service_Bumper.o
 .sbss          0x00000000a000008c        0x8 build/default/production/_ext/1548841071/Service_PeakDetector.o
 .sbss          0x00000000a0000094        0x8 build/default/production/_ext/1548841071/Service_TapeSensor.o
 .sbss          0x00000000a000009c       0x28 build/default/production/_ext/1548841071/EventChecker.o
                0x00000000a00000a4                peakBuffer2KHz
                0x00000000a00000ac                peakBuffer15KHz
 .sbss          0x00000000a00000c4       0x24 build/default/production/_ext/1548841071/AD.o
 .sbss          0x00000000a00000e8       0x12 build/default/production/_ext/1548841071/RC_Servo.o
                0x00000000a00000e8                RCenabled
 *fill*         0x00000000a00000fa        0x2 
 .sbss          0x00000000a00000fc        0xc build/default/production/_ext/1548841071/pwm.o
 .sbss          0x00000000a0000108        0xe build/default/production/_ext/1548841071/serial.o
 *fill*         0x00000000a0000116        0x2 
 .sbss          0x00000000a0000118        0xc build/default/production/_ext/1548841071/timers.o
 .sbss          0x00000000a0000124        0x2 build/default/production/_ext/1548841071/LED.o
 *fill*         0x00000000a0000126        0x2 
 .sbss          0x00000000a0000128        0x5 build/default/production/_ext/1548841071/LeftGameSubHSM.o
 *fill*         0x00000000a000012d        0x3 
 .sbss          0x00000000a0000130        0x5 build/default/production/_ext/1548841071/FindGoalSubHSM.o
 *fill*         0x00000000a0000135        0x3 
 .sbss          0x00000000a0000138        0x5 build/default/production/_ext/1548841071/RightGameSubHSM.o
 *fill*         0x00000000a000013d        0x3 
 .sbss          0x00000000a0000140        0x5 build/default/production/_ext/1548841071/RightToLeftSubHSM.o
 *fill*         0x00000000a0000145        0x3 
 .sbss          0x00000000a0000148        0x4 c:/program files/microchip/xc32/v3.01/bin/bin/../../lib/gcc/pic32mx/8.3.1/../../../../pic32mx/lib\liblega-c.a(errno.o)
                0x00000000a0000148                errno
 *(.scommon)
                0x00000000a000014c                _sbss_end = .
                0x00000000a000014c                . = ALIGN (0x4)

.bss            0x00000000a000014c        0x0
 *(.dynbss)
 *(COMMON)
                0x00000000a000014c                . = ALIGN ((. != 0x0)?0x4:0x1)
                0x00000000a000014c                . = ALIGN (0x4)
                0x00000000a000014c                _end = .
                0x00000000a000014c                _bss_end = .
                0x0000000000004000                _bmxdudba_address = LENGTH (kseg1_data_mem)
                0x0000000000004000                _bmxdupba_address = LENGTH (kseg1_data_mem)

/DISCARD/
 *(.pdr)
 *(.rel.dyn)
 *(.note.GNU-stack)
 *(.note.GNU-stack)
 *(.gnu_debuglink)
 *(.gnu.lto_*)
 *(.discard)

.gptab.sdata
 *(.gptab.data)
 *(.gptab.sdata)

.gptab.sbss
 *(.gptab.bss)
 *(.gptab.sbss)

.mdebug.abi32   0x00000000a000014c        0x0
 *(.mdebug.abi32)
 .mdebug.abi32  0x00000000a000014c        0x0 build/default/production/_ext/1548841071/ES_CheckEvents.o
 .mdebug.abi32  0x00000000a000014c        0x0 build/default/production/_ext/1548841071/ES_Framework.o
 .mdebug.abi32  0x00000000a000014c        0x0 build/default/production/_ext/1548841071/ES_KeyboardInput.o
 .mdebug.abi32  0x00000000a000014c        0x0 build/default/production/_ext/1548841071/ES_Main.o
 .mdebug.abi32  0x00000000a000014c        0x0 build/default/production/_ext/1548841071/ES_PostList.o
 .mdebug.abi32  0x00000000a000014c        0x0 build/default/production/_ext/1548841071/ES_Queue.o
 .mdebug.abi32  0x00000000a000014c        0x0 build/default/production/_ext/1548841071/ES_TattleTale.o
 .mdebug.abi32  0x00000000a000014c        0x0 build/default/production/_ext/1548841071/ES_Timers.o
 .mdebug.abi32  0x00000000a000014c        0x0 build/default/production/_ext/1548841071/TopHSM.o
 .mdebug.abi32  0x00000000a000014c        0x0 build/default/production/_ext/1548841071/LoadingSubHSM.o
 .mdebug.abi32  0x00000000a000014c        0x0 build/default/production/_ext/1548841071/CollisionLeftSubHSM.o
 .mdebug.abi32  0x00000000a000014c        0x0 build/default/production/_ext/1548841071/LeftToRightSubHSM.o
 .mdebug.abi32  0x00000000a000014c        0x0 build/default/production/_ext/1548841071/Service_Bumper.o
 .mdebug.abi32  0x00000000a000014c        0x0 build/default/production/_ext/1548841071/Service_PeakDetector.o
 .mdebug.abi32  0x00000000a000014c        0x0 build/default/production/_ext/1548841071/Service_TapeSensor.o
 .mdebug.abi32  0x00000000a000014c        0x0 build/default/production/_ext/1548841071/EventChecker.o
 .mdebug.abi32  0x00000000a000014c        0x0 build/default/production/_ext/1548841071/AD.o
 .mdebug.abi32  0x00000000a000014c        0x0 build/default/production/_ext/1548841071/BOARD.o
 .mdebug.abi32  0x00000000a000014c        0x0 build/default/production/_ext/1548841071/IO_Ports.o
 .mdebug.abi32  0x00000000a000014c        0x0 build/default/production/_ext/1548841071/RC_Servo.o
 .mdebug.abi32  0x00000000a000014c        0x0 build/default/production/_ext/1548841071/pwm.o
 .mdebug.abi32  0x00000000a000014c        0x0 build/default/production/_ext/1548841071/serial.o
 .mdebug.abi32  0x00000000a000014c        0x0 build/default/production/_ext/1548841071/robot.o
 .mdebug.abi32  0x00000000a000014c        0x0 build/default/production/_ext/1548841071/timers.o
 .mdebug.abi32  0x00000000a000014c        0x0 build/default/production/_ext/1548841071/LED.o
 .mdebug.abi32  0x00000000a000014c        0x0 build/default/production/_ext/1548841071/LeftGameSubHSM.o
 .mdebug.abi32  0x00000000a000014c        0x0 build/default/production/_ext/1548841071/FindGoalSubHSM.o
 .mdebug.abi32  0x00000000a000014c        0x0 build/default/production/_ext/1548841071/RightGameSubHSM.o
 .mdebug.abi32  0x00000000a000014c        0x0 build/default/production/_ext/1548841071/RightToLeftSubHSM.o
 .mdebug.abi32  0x00000000a000014c        0x0 c:/program files/microchip/xc32/v3.01/bin/bin/../../lib/gcc/pic32mx/8.3.1\libgcc.a(floatunsisf.o)
 .mdebug.abi32  0x00000000a000014c        0x0 c:/program files/microchip/xc32/v3.01/bin/bin/../../lib/gcc/pic32mx/8.3.1/../../../../pic32mx/lib\libpic32.a(default-bootstrap-exception-handler.o)
 .mdebug.abi32  0x00000000a000014c        0x0 c:/program files/microchip/xc32/v3.01/bin/bin/../../lib/gcc/pic32mx/8.3.1/../../../../pic32mx/lib\libpic32.a(default-on-reset.o)
 .mdebug.abi32  0x00000000a000014c        0x0 c:/program files/microchip/xc32/v3.01/bin/bin/../../lib/gcc/pic32mx/8.3.1/../../../../pic32mx/lib\libpic32.a(default-on-bootstrap.o)
 .mdebug.abi32  0x00000000a000014c        0x0 c:/program files/microchip/xc32/v3.01/bin/bin/../../lib/gcc/pic32mx/8.3.1/../../../../pic32mx/lib\libpic32.a(default-general-exception-handler.o)
 .mdebug.abi32  0x00000000a000014c        0x0 c:/program files/microchip/xc32/v3.01/bin/bin/../../lib/gcc/pic32mx/8.3.1/../../../../pic32mx/lib\libpic32.a(defaultinterrupt.o)
 .mdebug.abi32  0x00000000a000014c        0x0 c:/program files/microchip/xc32/v3.01/bin/bin/../../lib/gcc/pic32mx/8.3.1/../../../../pic32mx/lib\liblega-c.a(printf_cdnopuxX.eo)
 .mdebug.abi32  0x00000000a000014c        0x0 c:/program files/microchip/xc32/v3.01/bin/bin/../../lib/gcc/pic32mx/8.3.1/../../../../pic32mx/lib\liblega-c.a(printf_s.eo)
 .mdebug.abi32  0x00000000a000014c        0x0 c:/program files/microchip/xc32/v3.01/bin/bin/../../lib/gcc/pic32mx/8.3.1/../../../../pic32mx/lib\liblega-c.a(_doprnt_cdnopuxX.eo)
 .mdebug.abi32  0x00000000a000014c        0x0 c:/program files/microchip/xc32/v3.01/bin/bin/../../lib/gcc/pic32mx/8.3.1/../../../../pic32mx/lib\liblega-c.a(_doprnt_s.eo)
 .mdebug.abi32  0x00000000a000014c        0x0 c:/program files/microchip/xc32/v3.01/bin/bin/../../lib/gcc/pic32mx/8.3.1/../../../../pic32mx/lib\liblega-c.a(_iobdata.o)
 .mdebug.abi32  0x00000000a000014c        0x0 c:/program files/microchip/xc32/v3.01/bin/bin/../../lib/gcc/pic32mx/8.3.1/../../../../pic32mx/lib\liblega-c.a(_iobfuncs.o)
 .mdebug.abi32  0x00000000a000014c        0x0 c:/program files/microchip/xc32/v3.01/bin/bin/../../lib/gcc/pic32mx/8.3.1/../../../../pic32mx/lib\liblega-c.a(fputc.o)
 .mdebug.abi32  0x00000000a000014c        0x0 c:/program files/microchip/xc32/v3.01/bin/bin/../../lib/gcc/pic32mx/8.3.1/../../../../pic32mx/lib\liblega-c.a(strlen.o)
 .mdebug.abi32  0x00000000a000014c        0x0 c:/program files/microchip/xc32/v3.01/bin/bin/../../lib/gcc/pic32mx/8.3.1/../../../../pic32mx/lib\liblega-c.a(errno.o)
 .mdebug.abi32  0x00000000a000014c        0x0 c:/program files/microchip/xc32/v3.01/bin/bin/../../lib/gcc/pic32mx/8.3.1\libgcc.a(_udivdi3.o)
 .mdebug.abi32  0x00000000a000014c        0x0 c:/program files/microchip/xc32/v3.01/bin/bin/../../lib/gcc/pic32mx/8.3.1\libgcc.a(_umoddi3.o)
 .mdebug.abi32  0x00000000a000014c        0x0 c:/program files/microchip/xc32/v3.01/bin/bin/../../lib/gcc/pic32mx/8.3.1/../../../../pic32mx/lib\libpic32.a(_mon_write.o)

.mdebug.abiN32
 *(.mdebug.abiN32)

.mdebug.abi64
 *(.mdebug.abi64)

.mdebug.abiO64
 *(.mdebug.abiO64)

.mdebug.eabi32
 *(.mdebug.eabi32)

.mdebug.eabi64
 *(.mdebug.eabi64)

.gcc_compiled_long32
 *(.gcc_compiled_long32)

.gcc_compiled_long64
 *(.gcc_compiled_long64)

.stab
 *(.stab)

.stabstr
 *(.stabstr)

.stab.excl
 *(.stab.excl)

.stab.exclstr
 *(.stab.exclstr)

.stab.index
 *(.stab.index)

.stab.indexstr
 *(.stab.indexstr)

.comment        0x0000000000000000      0x28a
 *(.comment)
 .comment       0x0000000000000000       0x53 build/default/production/_ext/1548841071/ES_CheckEvents.o
                                         0x54 (size before relaxing)
 .comment       0x0000000000000053       0x54 build/default/production/_ext/1548841071/ES_Framework.o
 .comment       0x0000000000000053       0x54 build/default/production/_ext/1548841071/ES_KeyboardInput.o
 .comment       0x0000000000000053       0x54 build/default/production/_ext/1548841071/ES_Main.o
 .comment       0x0000000000000053       0x54 build/default/production/_ext/1548841071/ES_PostList.o
 .comment       0x0000000000000053       0x54 build/default/production/_ext/1548841071/ES_Queue.o
 .comment       0x0000000000000053       0x54 build/default/production/_ext/1548841071/ES_TattleTale.o
 .comment       0x0000000000000053       0x54 build/default/production/_ext/1548841071/ES_Timers.o
 .comment       0x0000000000000053       0x54 build/default/production/_ext/1548841071/TopHSM.o
 .comment       0x0000000000000053       0x54 build/default/production/_ext/1548841071/LoadingSubHSM.o
 .comment       0x0000000000000053       0x54 build/default/production/_ext/1548841071/CollisionLeftSubHSM.o
 .comment       0x0000000000000053       0x54 build/default/production/_ext/1548841071/LeftToRightSubHSM.o
 .comment       0x0000000000000053       0x54 build/default/production/_ext/1548841071/Service_Bumper.o
 .comment       0x0000000000000053       0x54 build/default/production/_ext/1548841071/Service_PeakDetector.o
 .comment       0x0000000000000053       0x54 build/default/production/_ext/1548841071/Service_TapeSensor.o
 .comment       0x0000000000000053       0x54 build/default/production/_ext/1548841071/EventChecker.o
 .comment       0x0000000000000053       0x54 build/default/production/_ext/1548841071/AD.o
 .comment       0x0000000000000053       0x54 build/default/production/_ext/1548841071/BOARD.o
 .comment       0x0000000000000053       0x54 build/default/production/_ext/1548841071/IO_Ports.o
 .comment       0x0000000000000053       0x54 build/default/production/_ext/1548841071/RC_Servo.o
 .comment       0x0000000000000053       0x54 build/default/production/_ext/1548841071/pwm.o
 .comment       0x0000000000000053       0x54 build/default/production/_ext/1548841071/serial.o
 .comment       0x0000000000000053       0x54 build/default/production/_ext/1548841071/robot.o
 .comment       0x0000000000000053       0x54 build/default/production/_ext/1548841071/timers.o
 .comment       0x0000000000000053       0x54 build/default/production/_ext/1548841071/LED.o
 .comment       0x0000000000000053       0x54 build/default/production/_ext/1548841071/LeftGameSubHSM.o
 .comment       0x0000000000000053       0x54 build/default/production/_ext/1548841071/FindGoalSubHSM.o
 .comment       0x0000000000000053       0x54 build/default/production/_ext/1548841071/RightGameSubHSM.o
 .comment       0x0000000000000053       0x54 build/default/production/_ext/1548841071/RightToLeftSubHSM.o
 .comment       0x0000000000000053       0x54 c:/program files/microchip/xc32/v3.01/bin/bin/../../lib/gcc/pic32mx/8.3.1\libgcc.a(floatunsisf.o)
 .comment       0x0000000000000053       0x54 c:/program files/microchip/xc32/v3.01/bin/bin/../../lib/gcc/pic32mx/8.3.1/../../../../pic32mx/lib\libpic32.a(default-bootstrap-exception-handler.o)
 .comment       0x0000000000000053       0x54 c:/program files/microchip/xc32/v3.01/bin/bin/../../lib/gcc/pic32mx/8.3.1/../../../../pic32mx/lib\libpic32.a(default-on-reset.o)
 .comment       0x0000000000000053       0x54 c:/program files/microchip/xc32/v3.01/bin/bin/../../lib/gcc/pic32mx/8.3.1/../../../../pic32mx/lib\libpic32.a(default-on-bootstrap.o)
 .comment       0x0000000000000053       0x54 c:/program files/microchip/xc32/v3.01/bin/bin/../../lib/gcc/pic32mx/8.3.1/../../../../pic32mx/lib\libpic32.a(default-general-exception-handler.o)
 .comment       0x0000000000000053       0x54 c:/program files/microchip/xc32/v3.01/bin/bin/../../lib/gcc/pic32mx/8.3.1/../../../../pic32mx/lib\libpic32.a(defaultinterrupt.o)
 .comment       0x0000000000000053       0x51 c:/program files/microchip/xc32/v3.01/bin/bin/../../lib/gcc/pic32mx/8.3.1/../../../../pic32mx/lib\liblega-c.a(printf_cdnopuxX.eo)
                                         0xa5 (size before relaxing)
 .comment       0x00000000000000a4       0xa5 c:/program files/microchip/xc32/v3.01/bin/bin/../../lib/gcc/pic32mx/8.3.1/../../../../pic32mx/lib\liblega-c.a(printf_s.eo)
 .comment       0x00000000000000a4       0x52 c:/program files/microchip/xc32/v3.01/bin/bin/../../lib/gcc/pic32mx/8.3.1/../../../../pic32mx/lib\liblega-c.a(_doprnt_cdnopuxX.eo)
                                         0xa6 (size before relaxing)
 .comment       0x00000000000000f6       0xa6 c:/program files/microchip/xc32/v3.01/bin/bin/../../lib/gcc/pic32mx/8.3.1/../../../../pic32mx/lib\liblega-c.a(_doprnt_s.eo)
 .comment       0x00000000000000f6       0x53 c:/program files/microchip/xc32/v3.01/bin/bin/../../lib/gcc/pic32mx/8.3.1/../../../../pic32mx/lib\liblega-c.a(_iobdata.o)
                                         0xa7 (size before relaxing)
 .comment       0x0000000000000149       0x54 c:/program files/microchip/xc32/v3.01/bin/bin/../../lib/gcc/pic32mx/8.3.1/../../../../pic32mx/lib\liblega-c.a(_iobfuncs.o)
                                         0xa8 (size before relaxing)
 .comment       0x000000000000019d       0x50 c:/program files/microchip/xc32/v3.01/bin/bin/../../lib/gcc/pic32mx/8.3.1/../../../../pic32mx/lib\liblega-c.a(fputc.o)
                                         0xa4 (size before relaxing)
 .comment       0x00000000000001ed       0x4f c:/program files/microchip/xc32/v3.01/bin/bin/../../lib/gcc/pic32mx/8.3.1/../../../../pic32mx/lib\liblega-c.a(strlen.o)
                                         0xa3 (size before relaxing)
 .comment       0x000000000000023c       0x4e c:/program files/microchip/xc32/v3.01/bin/bin/../../lib/gcc/pic32mx/8.3.1/../../../../pic32mx/lib\liblega-c.a(errno.o)
                                         0xa2 (size before relaxing)
 .comment       0x000000000000028a       0x54 c:/program files/microchip/xc32/v3.01/bin/bin/../../lib/gcc/pic32mx/8.3.1\libgcc.a(_udivdi3.o)
 .comment       0x000000000000028a       0x54 c:/program files/microchip/xc32/v3.01/bin/bin/../../lib/gcc/pic32mx/8.3.1\libgcc.a(_umoddi3.o)
 .comment       0x000000000000028a       0x54 c:/program files/microchip/xc32/v3.01/bin/bin/../../lib/gcc/pic32mx/8.3.1/../../../../pic32mx/lib\libpic32.a(_mon_write.o)

.debug
 *(.debug)

.line
 *(.line)

.debug_srcinfo
 *(.debug_srcinfo)

.debug_sfnames
 *(.debug_sfnames)

.debug_aranges  0x0000000000000000      0x4a8
 *(.debug_aranges)
 .debug_aranges
                0x0000000000000000       0x20 build/default/production/_ext/1548841071/ES_CheckEvents.o
 .debug_aranges
                0x0000000000000020       0x20 build/default/production/_ext/1548841071/ES_Framework.o
 .debug_aranges
                0x0000000000000040       0x20 build/default/production/_ext/1548841071/ES_KeyboardInput.o
 .debug_aranges
                0x0000000000000060       0x18 build/default/production/_ext/1548841071/ES_Main.o
 .debug_aranges
                0x0000000000000078       0x18 build/default/production/_ext/1548841071/ES_PostList.o
 .debug_aranges
                0x0000000000000090       0x20 build/default/production/_ext/1548841071/ES_Queue.o
 .debug_aranges
                0x00000000000000b0       0x18 build/default/production/_ext/1548841071/ES_TattleTale.o
 .debug_aranges
                0x00000000000000c8       0x20 build/default/production/_ext/1548841071/ES_Timers.o
 .debug_aranges
                0x00000000000000e8       0x20 build/default/production/_ext/1548841071/TopHSM.o
 .debug_aranges
                0x0000000000000108       0x20 build/default/production/_ext/1548841071/LoadingSubHSM.o
 .debug_aranges
                0x0000000000000128       0x20 build/default/production/_ext/1548841071/CollisionLeftSubHSM.o
 .debug_aranges
                0x0000000000000148       0x20 build/default/production/_ext/1548841071/LeftToRightSubHSM.o
 .debug_aranges
                0x0000000000000168       0x20 build/default/production/_ext/1548841071/Service_Bumper.o
 .debug_aranges
                0x0000000000000188       0x20 build/default/production/_ext/1548841071/Service_PeakDetector.o
 .debug_aranges
                0x00000000000001a8       0x20 build/default/production/_ext/1548841071/Service_TapeSensor.o
 .debug_aranges
                0x00000000000001c8       0x20 build/default/production/_ext/1548841071/EventChecker.o
 .debug_aranges
                0x00000000000001e8       0x20 build/default/production/_ext/1548841071/AD.o
 .debug_aranges
                0x0000000000000208       0x20 build/default/production/_ext/1548841071/BOARD.o
 .debug_aranges
                0x0000000000000228       0x20 build/default/production/_ext/1548841071/IO_Ports.o
 .debug_aranges
                0x0000000000000248       0x20 build/default/production/_ext/1548841071/RC_Servo.o
 .debug_aranges
                0x0000000000000268       0x20 build/default/production/_ext/1548841071/pwm.o
 .debug_aranges
                0x0000000000000288       0x20 build/default/production/_ext/1548841071/serial.o
 .debug_aranges
                0x00000000000002a8       0x20 build/default/production/_ext/1548841071/robot.o
 .debug_aranges
                0x00000000000002c8       0x20 build/default/production/_ext/1548841071/timers.o
 .debug_aranges
                0x00000000000002e8       0x20 build/default/production/_ext/1548841071/LED.o
 .debug_aranges
                0x0000000000000308       0x20 build/default/production/_ext/1548841071/LeftGameSubHSM.o
 .debug_aranges
                0x0000000000000328       0x20 build/default/production/_ext/1548841071/FindGoalSubHSM.o
 .debug_aranges
                0x0000000000000348       0x20 build/default/production/_ext/1548841071/RightGameSubHSM.o
 .debug_aranges
                0x0000000000000368       0x20 build/default/production/_ext/1548841071/RightToLeftSubHSM.o
 .debug_aranges
                0x0000000000000388       0x20 c:/program files/microchip/xc32/v3.01/bin/bin/../../lib/gcc/pic32mx/8.3.1\libgcc.a(floatunsisf.o)
 .debug_aranges
                0x00000000000003a8       0x20 c:/program files/microchip/xc32/v3.01/bin/bin/../../lib/gcc/pic32mx/8.3.1/../../../../pic32mx/lib\libpic32.a(default-bootstrap-exception-handler.o)
 .debug_aranges
                0x00000000000003c8       0x20 c:/program files/microchip/xc32/v3.01/bin/bin/../../lib/gcc/pic32mx/8.3.1/../../../../pic32mx/lib\libpic32.a(default-on-reset.o)
 .debug_aranges
                0x00000000000003e8       0x20 c:/program files/microchip/xc32/v3.01/bin/bin/../../lib/gcc/pic32mx/8.3.1/../../../../pic32mx/lib\libpic32.a(default-on-bootstrap.o)
 .debug_aranges
                0x0000000000000408       0x20 c:/program files/microchip/xc32/v3.01/bin/bin/../../lib/gcc/pic32mx/8.3.1/../../../../pic32mx/lib\libpic32.a(default-general-exception-handler.o)
 .debug_aranges
                0x0000000000000428       0x20 c:/program files/microchip/xc32/v3.01/bin/bin/../../lib/gcc/pic32mx/8.3.1/../../../../pic32mx/lib\libpic32.a(defaultinterrupt.o)
 .debug_aranges
                0x0000000000000448       0x20 c:/program files/microchip/xc32/v3.01/bin/bin/../../lib/gcc/pic32mx/8.3.1\libgcc.a(_udivdi3.o)
 .debug_aranges
                0x0000000000000468       0x20 c:/program files/microchip/xc32/v3.01/bin/bin/../../lib/gcc/pic32mx/8.3.1\libgcc.a(_umoddi3.o)
 .debug_aranges
                0x0000000000000488       0x20 c:/program files/microchip/xc32/v3.01/bin/bin/../../lib/gcc/pic32mx/8.3.1/../../../../pic32mx/lib\libpic32.a(_mon_write.o)

.debug_pubnames
 *(.debug_pubnames)

.debug_info     0x0000000000000000    0x8febb
 *(.debug_info .gnu.linkonce.wi.*)
 .debug_info    0x0000000000000000      0x144 build/default/production/_ext/1548841071/ES_CheckEvents.o
 .debug_info    0x0000000000000144      0x7ee build/default/production/_ext/1548841071/ES_Framework.o
 .debug_info    0x0000000000000932      0x580 build/default/production/_ext/1548841071/ES_KeyboardInput.o
 .debug_info    0x0000000000000eb2     0xa9bc build/default/production/_ext/1548841071/ES_Main.o
 .debug_info    0x000000000000b86e       0x8a build/default/production/_ext/1548841071/ES_PostList.o
 .debug_info    0x000000000000b8f8      0x340 build/default/production/_ext/1548841071/ES_Queue.o
 .debug_info    0x000000000000bc38     0xa9bc build/default/production/_ext/1548841071/ES_TattleTale.o
 .debug_info    0x00000000000165f4     0xaa63 build/default/production/_ext/1548841071/ES_Timers.o
 .debug_info    0x0000000000021057      0x634 build/default/production/_ext/1548841071/TopHSM.o
 .debug_info    0x000000000002168b      0x59e build/default/production/_ext/1548841071/LoadingSubHSM.o
 .debug_info    0x0000000000021c29      0x2f8 build/default/production/_ext/1548841071/CollisionLeftSubHSM.o
 .debug_info    0x0000000000021f21      0x2fe build/default/production/_ext/1548841071/LeftToRightSubHSM.o
 .debug_info    0x000000000002221f      0x571 build/default/production/_ext/1548841071/Service_Bumper.o
 .debug_info    0x0000000000022790      0x571 build/default/production/_ext/1548841071/Service_PeakDetector.o
 .debug_info    0x0000000000022d01      0x571 build/default/production/_ext/1548841071/Service_TapeSensor.o
 .debug_info    0x0000000000023272     0xaebc build/default/production/_ext/1548841071/EventChecker.o
 .debug_info    0x000000000002e12e     0xac75 build/default/production/_ext/1548841071/AD.o
 .debug_info    0x0000000000038da3     0xa6f4 build/default/production/_ext/1548841071/BOARD.o
 .debug_info    0x0000000000043497     0xabbc build/default/production/_ext/1548841071/IO_Ports.o
 .debug_info    0x000000000004e053     0xaa81 build/default/production/_ext/1548841071/RC_Servo.o
 .debug_info    0x0000000000058ad4     0xabc6 build/default/production/_ext/1548841071/pwm.o
 .debug_info    0x000000000006369a     0xa8d8 build/default/production/_ext/1548841071/serial.o
 .debug_info    0x000000000006df72     0xac72 build/default/production/_ext/1548841071/robot.o
 .debug_info    0x0000000000078be4     0xa8a9 build/default/production/_ext/1548841071/timers.o
 .debug_info    0x000000000008348d     0xaa67 build/default/production/_ext/1548841071/LED.o
 .debug_info    0x000000000008def4      0x334 build/default/production/_ext/1548841071/LeftGameSubHSM.o
 .debug_info    0x000000000008e228      0x30a build/default/production/_ext/1548841071/FindGoalSubHSM.o
 .debug_info    0x000000000008e532      0x334 build/default/production/_ext/1548841071/RightGameSubHSM.o
 .debug_info    0x000000000008e866      0x2fe build/default/production/_ext/1548841071/RightToLeftSubHSM.o
 .debug_info    0x000000000008eb64       0x9d c:/program files/microchip/xc32/v3.01/bin/bin/../../lib/gcc/pic32mx/8.3.1\libgcc.a(floatunsisf.o)
 .debug_info    0x000000000008ec01       0x41 c:/program files/microchip/xc32/v3.01/bin/bin/../../lib/gcc/pic32mx/8.3.1/../../../../pic32mx/lib\libpic32.a(default-bootstrap-exception-handler.o)
 .debug_info    0x000000000008ec42       0x3f c:/program files/microchip/xc32/v3.01/bin/bin/../../lib/gcc/pic32mx/8.3.1/../../../../pic32mx/lib\libpic32.a(default-on-reset.o)
 .debug_info    0x000000000008ec81       0x3f c:/program files/microchip/xc32/v3.01/bin/bin/../../lib/gcc/pic32mx/8.3.1/../../../../pic32mx/lib\libpic32.a(default-on-bootstrap.o)
 .debug_info    0x000000000008ecc0       0x41 c:/program files/microchip/xc32/v3.01/bin/bin/../../lib/gcc/pic32mx/8.3.1/../../../../pic32mx/lib\libpic32.a(default-general-exception-handler.o)
 .debug_info    0x000000000008ed01       0x40 c:/program files/microchip/xc32/v3.01/bin/bin/../../lib/gcc/pic32mx/8.3.1/../../../../pic32mx/lib\libpic32.a(defaultinterrupt.o)
 .debug_info    0x000000000008ed41      0x85c c:/program files/microchip/xc32/v3.01/bin/bin/../../lib/gcc/pic32mx/8.3.1\libgcc.a(_udivdi3.o)
 .debug_info    0x000000000008f59d      0x8d4 c:/program files/microchip/xc32/v3.01/bin/bin/../../lib/gcc/pic32mx/8.3.1\libgcc.a(_umoddi3.o)
 .debug_info    0x000000000008fe71       0x4a c:/program files/microchip/xc32/v3.01/bin/bin/../../lib/gcc/pic32mx/8.3.1/../../../../pic32mx/lib\libpic32.a(_mon_write.o)

.debug_abbrev   0x0000000000000000     0x3c3a
 *(.debug_abbrev)
 .debug_abbrev  0x0000000000000000       0xc9 build/default/production/_ext/1548841071/ES_CheckEvents.o
 .debug_abbrev  0x00000000000000c9      0x21a build/default/production/_ext/1548841071/ES_Framework.o
 .debug_abbrev  0x00000000000002e3      0x1b5 build/default/production/_ext/1548841071/ES_KeyboardInput.o
 .debug_abbrev  0x0000000000000498      0x204 build/default/production/_ext/1548841071/ES_Main.o
 .debug_abbrev  0x000000000000069c       0x59 build/default/production/_ext/1548841071/ES_PostList.o
 .debug_abbrev  0x00000000000006f5      0x12c build/default/production/_ext/1548841071/ES_Queue.o
 .debug_abbrev  0x0000000000000821      0x204 build/default/production/_ext/1548841071/ES_TattleTale.o
 .debug_abbrev  0x0000000000000a25      0x2a7 build/default/production/_ext/1548841071/ES_Timers.o
 .debug_abbrev  0x0000000000000ccc      0x17d build/default/production/_ext/1548841071/TopHSM.o
 .debug_abbrev  0x0000000000000e49      0x17d build/default/production/_ext/1548841071/LoadingSubHSM.o
 .debug_abbrev  0x0000000000000fc6      0x122 build/default/production/_ext/1548841071/CollisionLeftSubHSM.o
 .debug_abbrev  0x00000000000010e8      0x122 build/default/production/_ext/1548841071/LeftToRightSubHSM.o
 .debug_abbrev  0x000000000000120a      0x19d build/default/production/_ext/1548841071/Service_Bumper.o
 .debug_abbrev  0x00000000000013a7      0x19d build/default/production/_ext/1548841071/Service_PeakDetector.o
 .debug_abbrev  0x0000000000001544      0x19d build/default/production/_ext/1548841071/Service_TapeSensor.o
 .debug_abbrev  0x00000000000016e1      0x3c1 build/default/production/_ext/1548841071/EventChecker.o
 .debug_abbrev  0x0000000000001aa2      0x30b build/default/production/_ext/1548841071/AD.o
 .debug_abbrev  0x0000000000001dad      0x1d2 build/default/production/_ext/1548841071/BOARD.o
 .debug_abbrev  0x0000000000001f7f      0x262 build/default/production/_ext/1548841071/IO_Ports.o
 .debug_abbrev  0x00000000000021e1      0x2de build/default/production/_ext/1548841071/RC_Servo.o
 .debug_abbrev  0x00000000000024bf      0x2da build/default/production/_ext/1548841071/pwm.o
 .debug_abbrev  0x0000000000002799      0x2ae build/default/production/_ext/1548841071/serial.o
 .debug_abbrev  0x0000000000002a47      0x349 build/default/production/_ext/1548841071/robot.o
 .debug_abbrev  0x0000000000002d90      0x21b build/default/production/_ext/1548841071/timers.o
 .debug_abbrev  0x0000000000002fab      0x29e build/default/production/_ext/1548841071/LED.o
 .debug_abbrev  0x0000000000003249      0x122 build/default/production/_ext/1548841071/LeftGameSubHSM.o
 .debug_abbrev  0x000000000000336b      0x122 build/default/production/_ext/1548841071/FindGoalSubHSM.o
 .debug_abbrev  0x000000000000348d      0x122 build/default/production/_ext/1548841071/RightGameSubHSM.o
 .debug_abbrev  0x00000000000035af      0x122 build/default/production/_ext/1548841071/RightToLeftSubHSM.o
 .debug_abbrev  0x00000000000036d1       0x7d c:/program files/microchip/xc32/v3.01/bin/bin/../../lib/gcc/pic32mx/8.3.1\libgcc.a(floatunsisf.o)
 .debug_abbrev  0x000000000000374e       0x31 c:/program files/microchip/xc32/v3.01/bin/bin/../../lib/gcc/pic32mx/8.3.1/../../../../pic32mx/lib\libpic32.a(default-bootstrap-exception-handler.o)
 .debug_abbrev  0x000000000000377f       0x2e c:/program files/microchip/xc32/v3.01/bin/bin/../../lib/gcc/pic32mx/8.3.1/../../../../pic32mx/lib\libpic32.a(default-on-reset.o)
 .debug_abbrev  0x00000000000037ad       0x2e c:/program files/microchip/xc32/v3.01/bin/bin/../../lib/gcc/pic32mx/8.3.1/../../../../pic32mx/lib\libpic32.a(default-on-bootstrap.o)
 .debug_abbrev  0x00000000000037db       0x31 c:/program files/microchip/xc32/v3.01/bin/bin/../../lib/gcc/pic32mx/8.3.1/../../../../pic32mx/lib\libpic32.a(default-general-exception-handler.o)
 .debug_abbrev  0x000000000000380c       0x31 c:/program files/microchip/xc32/v3.01/bin/bin/../../lib/gcc/pic32mx/8.3.1/../../../../pic32mx/lib\libpic32.a(defaultinterrupt.o)
 .debug_abbrev  0x000000000000383d      0x1d8 c:/program files/microchip/xc32/v3.01/bin/bin/../../lib/gcc/pic32mx/8.3.1\libgcc.a(_udivdi3.o)
 .debug_abbrev  0x0000000000003a15      0x1ee c:/program files/microchip/xc32/v3.01/bin/bin/../../lib/gcc/pic32mx/8.3.1\libgcc.a(_umoddi3.o)
 .debug_abbrev  0x0000000000003c03       0x37 c:/program files/microchip/xc32/v3.01/bin/bin/../../lib/gcc/pic32mx/8.3.1/../../../../pic32mx/lib\libpic32.a(_mon_write.o)

.debug_line     0x0000000000000000     0x645a
 *(.debug_line)
 .debug_line    0x0000000000000000      0x1b8 build/default/production/_ext/1548841071/ES_CheckEvents.o
 .debug_line    0x00000000000001b8      0x306 build/default/production/_ext/1548841071/ES_Framework.o
 .debug_line    0x00000000000004be      0x222 build/default/production/_ext/1548841071/ES_KeyboardInput.o
 .debug_line    0x00000000000006e0      0x227 build/default/production/_ext/1548841071/ES_Main.o
 .debug_line    0x0000000000000907       0x7d build/default/production/_ext/1548841071/ES_PostList.o
 .debug_line    0x0000000000000984      0x253 build/default/production/_ext/1548841071/ES_Queue.o
 .debug_line    0x0000000000000bd7      0x227 build/default/production/_ext/1548841071/ES_TattleTale.o
 .debug_line    0x0000000000000dfe      0x398 build/default/production/_ext/1548841071/ES_Timers.o
 .debug_line    0x0000000000001196      0x361 build/default/production/_ext/1548841071/TopHSM.o
 .debug_line    0x00000000000014f7      0x272 build/default/production/_ext/1548841071/LoadingSubHSM.o
 .debug_line    0x0000000000001769      0x24a build/default/production/_ext/1548841071/CollisionLeftSubHSM.o
 .debug_line    0x00000000000019b3      0x266 build/default/production/_ext/1548841071/LeftToRightSubHSM.o
 .debug_line    0x0000000000001c19      0x235 build/default/production/_ext/1548841071/Service_Bumper.o
 .debug_line    0x0000000000001e4e      0x23e build/default/production/_ext/1548841071/Service_PeakDetector.o
 .debug_line    0x000000000000208c      0x239 build/default/production/_ext/1548841071/Service_TapeSensor.o
 .debug_line    0x00000000000022c5      0x424 build/default/production/_ext/1548841071/EventChecker.o
 .debug_line    0x00000000000026e9      0x4b7 build/default/production/_ext/1548841071/AD.o
 .debug_line    0x0000000000002ba0      0x1e1 build/default/production/_ext/1548841071/BOARD.o
 .debug_line    0x0000000000002d81      0x3fd build/default/production/_ext/1548841071/IO_Ports.o
 .debug_line    0x000000000000317e      0x522 build/default/production/_ext/1548841071/RC_Servo.o
 .debug_line    0x00000000000036a0      0x427 build/default/production/_ext/1548841071/pwm.o
 .debug_line    0x0000000000003ac7      0x359 build/default/production/_ext/1548841071/serial.o
 .debug_line    0x0000000000003e20      0x37f build/default/production/_ext/1548841071/robot.o
 .debug_line    0x000000000000419f      0x2e0 build/default/production/_ext/1548841071/timers.o
 .debug_line    0x000000000000447f      0x626 build/default/production/_ext/1548841071/LED.o
 .debug_line    0x0000000000004aa5      0x369 build/default/production/_ext/1548841071/LeftGameSubHSM.o
 .debug_line    0x0000000000004e0e      0x227 build/default/production/_ext/1548841071/FindGoalSubHSM.o
 .debug_line    0x0000000000005035      0x341 build/default/production/_ext/1548841071/RightGameSubHSM.o
 .debug_line    0x0000000000005376      0x266 build/default/production/_ext/1548841071/RightToLeftSubHSM.o
 .debug_line    0x00000000000055dc       0xba c:/program files/microchip/xc32/v3.01/bin/bin/../../lib/gcc/pic32mx/8.3.1\libgcc.a(floatunsisf.o)
 .debug_line    0x0000000000005696       0xca c:/program files/microchip/xc32/v3.01/bin/bin/../../lib/gcc/pic32mx/8.3.1/../../../../pic32mx/lib\libpic32.a(default-bootstrap-exception-handler.o)
 .debug_line    0x0000000000005760       0xa6 c:/program files/microchip/xc32/v3.01/bin/bin/../../lib/gcc/pic32mx/8.3.1/../../../../pic32mx/lib\libpic32.a(default-on-reset.o)
 .debug_line    0x0000000000005806       0xaa c:/program files/microchip/xc32/v3.01/bin/bin/../../lib/gcc/pic32mx/8.3.1/../../../../pic32mx/lib\libpic32.a(default-on-bootstrap.o)
 .debug_line    0x00000000000058b0       0xc8 c:/program files/microchip/xc32/v3.01/bin/bin/../../lib/gcc/pic32mx/8.3.1/../../../../pic32mx/lib\libpic32.a(default-general-exception-handler.o)
 .debug_line    0x0000000000005978       0xc9 c:/program files/microchip/xc32/v3.01/bin/bin/../../lib/gcc/pic32mx/8.3.1/../../../../pic32mx/lib\libpic32.a(defaultinterrupt.o)
 .debug_line    0x0000000000005a41      0x490 c:/program files/microchip/xc32/v3.01/bin/bin/../../lib/gcc/pic32mx/8.3.1\libgcc.a(_udivdi3.o)
 .debug_line    0x0000000000005ed1      0x4d9 c:/program files/microchip/xc32/v3.01/bin/bin/../../lib/gcc/pic32mx/8.3.1\libgcc.a(_umoddi3.o)
 .debug_line    0x00000000000063aa       0xb0 c:/program files/microchip/xc32/v3.01/bin/bin/../../lib/gcc/pic32mx/8.3.1/../../../../pic32mx/lib\libpic32.a(_mon_write.o)

.debug_frame    0x0000000000000000     0x1828
 *(.debug_frame)
 .debug_frame   0x0000000000000000       0x30 build/default/production/_ext/1548841071/ES_CheckEvents.o
 .debug_frame   0x0000000000000030       0xc0 build/default/production/_ext/1548841071/ES_Framework.o
 .debug_frame   0x00000000000000f0       0x98 build/default/production/_ext/1548841071/ES_KeyboardInput.o
 .debug_frame   0x0000000000000188       0x90 build/default/production/_ext/1548841071/ES_Queue.o
 .debug_frame   0x0000000000000218      0x14c build/default/production/_ext/1548841071/ES_Timers.o
 .debug_frame   0x0000000000000364       0x7c build/default/production/_ext/1548841071/TopHSM.o
 .debug_frame   0x00000000000003e0       0x58 build/default/production/_ext/1548841071/LoadingSubHSM.o
 .debug_frame   0x0000000000000438       0x58 build/default/production/_ext/1548841071/CollisionLeftSubHSM.o
 .debug_frame   0x0000000000000490       0x58 build/default/production/_ext/1548841071/LeftToRightSubHSM.o
 .debug_frame   0x00000000000004e8       0x7c build/default/production/_ext/1548841071/Service_Bumper.o
 .debug_frame   0x0000000000000564       0x7c build/default/production/_ext/1548841071/Service_PeakDetector.o
 .debug_frame   0x00000000000005e0       0x7c build/default/production/_ext/1548841071/Service_TapeSensor.o
 .debug_frame   0x000000000000065c      0x120 build/default/production/_ext/1548841071/EventChecker.o
 .debug_frame   0x000000000000077c      0x190 build/default/production/_ext/1548841071/AD.o
 .debug_frame   0x000000000000090c       0x74 build/default/production/_ext/1548841071/BOARD.o
 .debug_frame   0x0000000000000980      0x200 build/default/production/_ext/1548841071/IO_Ports.o
 .debug_frame   0x0000000000000b80      0x1f8 build/default/production/_ext/1548841071/RC_Servo.o
 .debug_frame   0x0000000000000d78      0x148 build/default/production/_ext/1548841071/pwm.o
 .debug_frame   0x0000000000000ec0      0x15c build/default/production/_ext/1548841071/serial.o
 .debug_frame   0x000000000000101c      0x26c build/default/production/_ext/1548841071/robot.o
 .debug_frame   0x0000000000001288      0x174 build/default/production/_ext/1548841071/timers.o
 .debug_frame   0x00000000000013fc      0x170 build/default/production/_ext/1548841071/LED.o
 .debug_frame   0x000000000000156c       0x58 build/default/production/_ext/1548841071/LeftGameSubHSM.o
 .debug_frame   0x00000000000015c4       0x58 build/default/production/_ext/1548841071/FindGoalSubHSM.o
 .debug_frame   0x000000000000161c       0x58 build/default/production/_ext/1548841071/RightGameSubHSM.o
 .debug_frame   0x0000000000001674       0x58 build/default/production/_ext/1548841071/RightToLeftSubHSM.o
 .debug_frame   0x00000000000016cc       0x2c c:/program files/microchip/xc32/v3.01/bin/bin/../../lib/gcc/pic32mx/8.3.1\libgcc.a(floatunsisf.o)
 .debug_frame   0x00000000000016f8       0x2c c:/program files/microchip/xc32/v3.01/bin/bin/../../lib/gcc/pic32mx/8.3.1/../../../../pic32mx/lib\libpic32.a(default-bootstrap-exception-handler.o)
 .debug_frame   0x0000000000001724       0x20 c:/program files/microchip/xc32/v3.01/bin/bin/../../lib/gcc/pic32mx/8.3.1/../../../../pic32mx/lib\libpic32.a(default-on-reset.o)
 .debug_frame   0x0000000000001744       0x20 c:/program files/microchip/xc32/v3.01/bin/bin/../../lib/gcc/pic32mx/8.3.1/../../../../pic32mx/lib\libpic32.a(default-on-bootstrap.o)
 .debug_frame   0x0000000000001764       0x2c c:/program files/microchip/xc32/v3.01/bin/bin/../../lib/gcc/pic32mx/8.3.1/../../../../pic32mx/lib\libpic32.a(default-general-exception-handler.o)
 .debug_frame   0x0000000000001790       0x20 c:/program files/microchip/xc32/v3.01/bin/bin/../../lib/gcc/pic32mx/8.3.1/../../../../pic32mx/lib\libpic32.a(defaultinterrupt.o)
 .debug_frame   0x00000000000017b0       0x20 c:/program files/microchip/xc32/v3.01/bin/bin/../../lib/gcc/pic32mx/8.3.1\libgcc.a(_udivdi3.o)
 .debug_frame   0x00000000000017d0       0x20 c:/program files/microchip/xc32/v3.01/bin/bin/../../lib/gcc/pic32mx/8.3.1\libgcc.a(_umoddi3.o)
 .debug_frame   0x00000000000017f0       0x38 c:/program files/microchip/xc32/v3.01/bin/bin/../../lib/gcc/pic32mx/8.3.1/../../../../pic32mx/lib\libpic32.a(_mon_write.o)

.debug_str      0x0000000000000000    0x378e9
 *(.debug_str)
 .debug_str     0x0000000000000000      0x393 build/default/production/_ext/1548841071/ES_CheckEvents.o
 .debug_str     0x0000000000000393      0x7fc build/default/production/_ext/1548841071/ES_Framework.o
 .debug_str     0x0000000000000b8f      0x6df build/default/production/_ext/1548841071/ES_KeyboardInput.o
 .debug_str     0x000000000000126e     0x397f build/default/production/_ext/1548841071/ES_Main.o
 .debug_str     0x0000000000004bed      0x31a build/default/production/_ext/1548841071/ES_PostList.o
 .debug_str     0x0000000000004f07      0x59d build/default/production/_ext/1548841071/ES_Queue.o
 .debug_str     0x00000000000054a4     0x3985 build/default/production/_ext/1548841071/ES_TattleTale.o
 .debug_str     0x0000000000008e29     0x3b10 build/default/production/_ext/1548841071/ES_Timers.o
 .debug_str     0x000000000000c939      0x7b3 build/default/production/_ext/1548841071/TopHSM.o
 .debug_str     0x000000000000d0ec      0x728 build/default/production/_ext/1548841071/LoadingSubHSM.o
 .debug_str     0x000000000000d814      0x5f6 build/default/production/_ext/1548841071/CollisionLeftSubHSM.o
 .debug_str     0x000000000000de0a      0x605 build/default/production/_ext/1548841071/LeftToRightSubHSM.o
 .debug_str     0x000000000000e40f      0x6d4 build/default/production/_ext/1548841071/Service_Bumper.o
 .debug_str     0x000000000000eae3      0x6ec build/default/production/_ext/1548841071/Service_PeakDetector.o
 .debug_str     0x000000000000f1cf      0x6e4 build/default/production/_ext/1548841071/Service_TapeSensor.o
 .debug_str     0x000000000000f8b3     0x3d44 build/default/production/_ext/1548841071/EventChecker.o
 .debug_str     0x00000000000135f7     0x3ad9 build/default/production/_ext/1548841071/AD.o
 .debug_str     0x00000000000170d0     0x3824 build/default/production/_ext/1548841071/BOARD.o
 .debug_str     0x000000000001a8f4     0x39f8 build/default/production/_ext/1548841071/IO_Ports.o
 .debug_str     0x000000000001e2ec     0x3997 build/default/production/_ext/1548841071/RC_Servo.o
 .debug_str     0x0000000000021c83     0x3a73 build/default/production/_ext/1548841071/pwm.o
 .debug_str     0x00000000000256f6     0x3932 build/default/production/_ext/1548841071/serial.o
 .debug_str     0x0000000000029028     0x3a93 build/default/production/_ext/1548841071/robot.o
 .debug_str     0x000000000002cabb     0x3904 build/default/production/_ext/1548841071/timers.o
 .debug_str     0x00000000000303bf     0x3946 build/default/production/_ext/1548841071/LED.o
 .debug_str     0x0000000000033d05      0x69b build/default/production/_ext/1548841071/LeftGameSubHSM.o
 .debug_str     0x00000000000343a0      0x610 build/default/production/_ext/1548841071/FindGoalSubHSM.o
 .debug_str     0x00000000000349b0      0x69f build/default/production/_ext/1548841071/RightGameSubHSM.o
 .debug_str     0x000000000003504f      0x605 build/default/production/_ext/1548841071/RightToLeftSubHSM.o
 .debug_str     0x0000000000035654      0x31c c:/program files/microchip/xc32/v3.01/bin/bin/../../lib/gcc/pic32mx/8.3.1\libgcc.a(floatunsisf.o)
 .debug_str     0x0000000000035970      0x3b3 c:/program files/microchip/xc32/v3.01/bin/bin/../../lib/gcc/pic32mx/8.3.1/../../../../pic32mx/lib\libpic32.a(default-bootstrap-exception-handler.o)
 .debug_str     0x0000000000035d23      0x38d c:/program files/microchip/xc32/v3.01/bin/bin/../../lib/gcc/pic32mx/8.3.1/../../../../pic32mx/lib\libpic32.a(default-on-reset.o)
 .debug_str     0x00000000000360b0      0x395 c:/program files/microchip/xc32/v3.01/bin/bin/../../lib/gcc/pic32mx/8.3.1/../../../../pic32mx/lib\libpic32.a(default-on-bootstrap.o)
 .debug_str     0x0000000000036445      0x3af c:/program files/microchip/xc32/v3.01/bin/bin/../../lib/gcc/pic32mx/8.3.1/../../../../pic32mx/lib\libpic32.a(default-general-exception-handler.o)
 .debug_str     0x00000000000367f4      0x3a7 c:/program files/microchip/xc32/v3.01/bin/bin/../../lib/gcc/pic32mx/8.3.1/../../../../pic32mx/lib\libpic32.a(defaultinterrupt.o)
 .debug_str     0x0000000000036b9b      0x4e3 c:/program files/microchip/xc32/v3.01/bin/bin/../../lib/gcc/pic32mx/8.3.1\libgcc.a(_udivdi3.o)
 .debug_str     0x000000000003707e      0x4e3 c:/program files/microchip/xc32/v3.01/bin/bin/../../lib/gcc/pic32mx/8.3.1\libgcc.a(_umoddi3.o)
 .debug_str     0x0000000000037561      0x388 c:/program files/microchip/xc32/v3.01/bin/bin/../../lib/gcc/pic32mx/8.3.1/../../../../pic32mx/lib\libpic32.a(_mon_write.o)

.debug_loc      0x0000000000000000     0x15cc
 *(.debug_loc)
 .debug_loc     0x0000000000000000       0x84 c:/program files/microchip/xc32/v3.01/bin/bin/../../lib/gcc/pic32mx/8.3.1\libgcc.a(floatunsisf.o)
 .debug_loc     0x0000000000000084       0x2c c:/program files/microchip/xc32/v3.01/bin/bin/../../lib/gcc/pic32mx/8.3.1/../../../../pic32mx/lib\libpic32.a(default-bootstrap-exception-handler.o)
 .debug_loc     0x00000000000000b0       0x2c c:/program files/microchip/xc32/v3.01/bin/bin/../../lib/gcc/pic32mx/8.3.1/../../../../pic32mx/lib\libpic32.a(default-general-exception-handler.o)
 .debug_loc     0x00000000000000dc      0xb5b c:/program files/microchip/xc32/v3.01/bin/bin/../../lib/gcc/pic32mx/8.3.1\libgcc.a(_udivdi3.o)
 .debug_loc     0x0000000000000c37      0x969 c:/program files/microchip/xc32/v3.01/bin/bin/../../lib/gcc/pic32mx/8.3.1\libgcc.a(_umoddi3.o)
 .debug_loc     0x00000000000015a0       0x2c c:/program files/microchip/xc32/v3.01/bin/bin/../../lib/gcc/pic32mx/8.3.1/../../../../pic32mx/lib\libpic32.a(_mon_write.o)

.debug_macinfo
 *(.debug_macinfo)

.debug_weaknames
 *(.debug_weaknames)

.debug_funcnames
 *(.debug_funcnames)

.debug_typenames
 *(.debug_typenames)

.debug_varnames
 *(.debug_varnames)

.debug_pubtypes
 *(.debug_pubtypes)

.debug_ranges   0x0000000000000000      0x1d0
 *(.debug_ranges)
 .debug_ranges  0x0000000000000000       0x10 c:/program files/microchip/xc32/v3.01/bin/bin/../../lib/gcc/pic32mx/8.3.1/../../../../pic32mx/lib\libpic32.a(default-bootstrap-exception-handler.o)
 .debug_ranges  0x0000000000000010       0x10 c:/program files/microchip/xc32/v3.01/bin/bin/../../lib/gcc/pic32mx/8.3.1/../../../../pic32mx/lib\libpic32.a(default-on-reset.o)
 .debug_ranges  0x0000000000000020       0x10 c:/program files/microchip/xc32/v3.01/bin/bin/../../lib/gcc/pic32mx/8.3.1/../../../../pic32mx/lib\libpic32.a(default-on-bootstrap.o)
 .debug_ranges  0x0000000000000030       0x10 c:/program files/microchip/xc32/v3.01/bin/bin/../../lib/gcc/pic32mx/8.3.1/../../../../pic32mx/lib\libpic32.a(default-general-exception-handler.o)
 .debug_ranges  0x0000000000000040       0x10 c:/program files/microchip/xc32/v3.01/bin/bin/../../lib/gcc/pic32mx/8.3.1/../../../../pic32mx/lib\libpic32.a(defaultinterrupt.o)
 .debug_ranges  0x0000000000000050       0xd0 c:/program files/microchip/xc32/v3.01/bin/bin/../../lib/gcc/pic32mx/8.3.1\libgcc.a(_udivdi3.o)
 .debug_ranges  0x0000000000000120       0xa0 c:/program files/microchip/xc32/v3.01/bin/bin/../../lib/gcc/pic32mx/8.3.1\libgcc.a(_umoddi3.o)
 .debug_ranges  0x00000000000001c0       0x10 c:/program files/microchip/xc32/v3.01/bin/bin/../../lib/gcc/pic32mx/8.3.1/../../../../pic32mx/lib\libpic32.a(_mon_write.o)

.gnu.attributes
                0x0000000000000000       0x10
 *(.gnu.attributes)
 .gnu.attributes
                0x0000000000000000       0x10 c:/program files/microchip/xc32/v3.01/bin/bin/../../lib/gcc/pic32mx/8.3.1/../../../../pic32mx/lib\debug-exception-return.o
 .gnu.attributes
                0x0000000000000010       0x10 build/default/production/_ext/1548841071/ES_CheckEvents.o
 .gnu.attributes
                0x0000000000000020       0x10 build/default/production/_ext/1548841071/ES_Framework.o
 .gnu.attributes
                0x0000000000000030       0x10 build/default/production/_ext/1548841071/ES_KeyboardInput.o
 .gnu.attributes
                0x0000000000000040       0x10 build/default/production/_ext/1548841071/ES_Main.o
 .gnu.attributes
                0x0000000000000050       0x10 build/default/production/_ext/1548841071/ES_PostList.o
 .gnu.attributes
                0x0000000000000060       0x10 build/default/production/_ext/1548841071/ES_Queue.o
 .gnu.attributes
                0x0000000000000070       0x10 build/default/production/_ext/1548841071/ES_TattleTale.o
 .gnu.attributes
                0x0000000000000080       0x10 build/default/production/_ext/1548841071/ES_Timers.o
 .gnu.attributes
                0x0000000000000090       0x10 build/default/production/_ext/1548841071/TopHSM.o
 .gnu.attributes
                0x00000000000000a0       0x10 build/default/production/_ext/1548841071/LoadingSubHSM.o
 .gnu.attributes
                0x00000000000000b0       0x10 build/default/production/_ext/1548841071/CollisionLeftSubHSM.o
 .gnu.attributes
                0x00000000000000c0       0x10 build/default/production/_ext/1548841071/LeftToRightSubHSM.o
 .gnu.attributes
                0x00000000000000d0       0x10 build/default/production/_ext/1548841071/Service_Bumper.o
 .gnu.attributes
                0x00000000000000e0       0x10 build/default/production/_ext/1548841071/Service_PeakDetector.o
 .gnu.attributes
                0x00000000000000f0       0x10 build/default/production/_ext/1548841071/Service_TapeSensor.o
 .gnu.attributes
                0x0000000000000100       0x10 build/default/production/_ext/1548841071/EventChecker.o
 .gnu.attributes
                0x0000000000000110       0x10 build/default/production/_ext/1548841071/AD.o
 .gnu.attributes
                0x0000000000000120       0x10 build/default/production/_ext/1548841071/BOARD.o
 .gnu.attributes
                0x0000000000000130       0x10 build/default/production/_ext/1548841071/IO_Ports.o
 .gnu.attributes
                0x0000000000000140       0x10 build/default/production/_ext/1548841071/RC_Servo.o
 .gnu.attributes
                0x0000000000000150       0x10 build/default/production/_ext/1548841071/pwm.o
 .gnu.attributes
                0x0000000000000160       0x10 build/default/production/_ext/1548841071/serial.o
 .gnu.attributes
                0x0000000000000170       0x10 build/default/production/_ext/1548841071/robot.o
 .gnu.attributes
                0x0000000000000180       0x10 build/default/production/_ext/1548841071/timers.o
 .gnu.attributes
                0x0000000000000190       0x10 build/default/production/_ext/1548841071/LED.o
 .gnu.attributes
                0x00000000000001a0       0x10 build/default/production/_ext/1548841071/LeftGameSubHSM.o
 .gnu.attributes
                0x00000000000001b0       0x10 build/default/production/_ext/1548841071/FindGoalSubHSM.o
 .gnu.attributes
                0x00000000000001c0       0x10 build/default/production/_ext/1548841071/RightGameSubHSM.o
 .gnu.attributes
                0x00000000000001d0       0x10 build/default/production/_ext/1548841071/RightToLeftSubHSM.o
 .gnu.attributes
                0x00000000000001e0       0x10 C:\Users\erikv\AppData\Local\Temp\ccimciKC.o
 .gnu.attributes
                0x00000000000001f0       0x10 C:\Users\erikv\AppData\Local\Temp\ccshkLzI.o
 .gnu.attributes
                0x0000000000000200       0x10 C:\Users\erikv\AppData\Local\Temp\ccTkS7ER.o
 .gnu.attributes
                0x0000000000000210       0x10 c:/program files/microchip/xc32/v3.01/bin/bin/../../lib/gcc/pic32mx/8.3.1/../../../../pic32mx/lib\pic32_software_reset.o
 .gnu.attributes
                0x0000000000000220       0x10 c:/program files/microchip/xc32/v3.01/bin/bin/../../lib/gcc/pic32mx/8.3.1\libgcc.a(floatunsisf.o)
 .gnu.attributes
                0x0000000000000230       0x10 c:/program files/microchip/xc32/v3.01/bin/bin/../../lib/gcc/pic32mx/8.3.1/../../../../pic32mx/lib\libpic32.a(default-bootstrap-exception-handler.o)
 .gnu.attributes
                0x0000000000000240       0x10 c:/program files/microchip/xc32/v3.01/bin/bin/../../lib/gcc/pic32mx/8.3.1/../../../../pic32mx/lib\libpic32.a(default-on-reset.o)
 .gnu.attributes
                0x0000000000000250       0x10 c:/program files/microchip/xc32/v3.01/bin/bin/../../lib/gcc/pic32mx/8.3.1/../../../../pic32mx/lib\libpic32.a(default-on-bootstrap.o)
 .gnu.attributes
                0x0000000000000260       0x10 c:/program files/microchip/xc32/v3.01/bin/bin/../../lib/gcc/pic32mx/8.3.1/../../../../pic32mx/lib\libpic32.a(default-nmi-handler.o)
 .gnu.attributes
                0x0000000000000270       0x10 c:/program files/microchip/xc32/v3.01/bin/bin/../../lib/gcc/pic32mx/8.3.1/../../../../pic32mx/lib\libpic32.a(pic32_data_init.o)
 .gnu.attributes
                0x0000000000000280       0x10 c:/program files/microchip/xc32/v3.01/bin/bin/../../lib/gcc/pic32mx/8.3.1/../../../../pic32mx/lib\libpic32.a(general-exception.o)
 .gnu.attributes
                0x0000000000000290       0x10 c:/program files/microchip/xc32/v3.01/bin/bin/../../lib/gcc/pic32mx/8.3.1/../../../../pic32mx/lib\libpic32.a(vector0.o)
 .gnu.attributes
                0x00000000000002a0       0x10 c:/program files/microchip/xc32/v3.01/bin/bin/../../lib/gcc/pic32mx/8.3.1/../../../../pic32mx/lib\libpic32.a(vector1.o)
 .gnu.attributes
                0x00000000000002b0       0x10 c:/program files/microchip/xc32/v3.01/bin/bin/../../lib/gcc/pic32mx/8.3.1/../../../../pic32mx/lib\libpic32.a(vector2.o)
 .gnu.attributes
                0x00000000000002c0       0x10 c:/program files/microchip/xc32/v3.01/bin/bin/../../lib/gcc/pic32mx/8.3.1/../../../../pic32mx/lib\libpic32.a(vector3.o)
 .gnu.attributes
                0x00000000000002d0       0x10 c:/program files/microchip/xc32/v3.01/bin/bin/../../lib/gcc/pic32mx/8.3.1/../../../../pic32mx/lib\libpic32.a(vector5.o)
 .gnu.attributes
                0x00000000000002e0       0x10 c:/program files/microchip/xc32/v3.01/bin/bin/../../lib/gcc/pic32mx/8.3.1/../../../../pic32mx/lib\libpic32.a(vector6.o)
 .gnu.attributes
                0x00000000000002f0       0x10 c:/program files/microchip/xc32/v3.01/bin/bin/../../lib/gcc/pic32mx/8.3.1/../../../../pic32mx/lib\libpic32.a(vector7.o)
 .gnu.attributes
                0x0000000000000300       0x10 c:/program files/microchip/xc32/v3.01/bin/bin/../../lib/gcc/pic32mx/8.3.1/../../../../pic32mx/lib\libpic32.a(vector8.o)
 .gnu.attributes
                0x0000000000000310       0x10 c:/program files/microchip/xc32/v3.01/bin/bin/../../lib/gcc/pic32mx/8.3.1/../../../../pic32mx/lib\libpic32.a(vector9.o)
 .gnu.attributes
                0x0000000000000320       0x10 c:/program files/microchip/xc32/v3.01/bin/bin/../../lib/gcc/pic32mx/8.3.1/../../../../pic32mx/lib\libpic32.a(vector10.o)
 .gnu.attributes
                0x0000000000000330       0x10 c:/program files/microchip/xc32/v3.01/bin/bin/../../lib/gcc/pic32mx/8.3.1/../../../../pic32mx/lib\libpic32.a(vector11.o)
 .gnu.attributes
                0x0000000000000340       0x10 c:/program files/microchip/xc32/v3.01/bin/bin/../../lib/gcc/pic32mx/8.3.1/../../../../pic32mx/lib\libpic32.a(vector12.o)
 .gnu.attributes
                0x0000000000000350       0x10 c:/program files/microchip/xc32/v3.01/bin/bin/../../lib/gcc/pic32mx/8.3.1/../../../../pic32mx/lib\libpic32.a(vector13.o)
 .gnu.attributes
                0x0000000000000360       0x10 c:/program files/microchip/xc32/v3.01/bin/bin/../../lib/gcc/pic32mx/8.3.1/../../../../pic32mx/lib\libpic32.a(vector14.o)
 .gnu.attributes
                0x0000000000000370       0x10 c:/program files/microchip/xc32/v3.01/bin/bin/../../lib/gcc/pic32mx/8.3.1/../../../../pic32mx/lib\libpic32.a(vector15.o)
 .gnu.attributes
                0x0000000000000380       0x10 c:/program files/microchip/xc32/v3.01/bin/bin/../../lib/gcc/pic32mx/8.3.1/../../../../pic32mx/lib\libpic32.a(vector17.o)
 .gnu.attributes
                0x0000000000000390       0x10 c:/program files/microchip/xc32/v3.01/bin/bin/../../lib/gcc/pic32mx/8.3.1/../../../../pic32mx/lib\libpic32.a(vector18.o)
 .gnu.attributes
                0x00000000000003a0       0x10 c:/program files/microchip/xc32/v3.01/bin/bin/../../lib/gcc/pic32mx/8.3.1/../../../../pic32mx/lib\libpic32.a(vector19.o)
 .gnu.attributes
                0x00000000000003b0       0x10 c:/program files/microchip/xc32/v3.01/bin/bin/../../lib/gcc/pic32mx/8.3.1/../../../../pic32mx/lib\libpic32.a(vector21.o)
 .gnu.attributes
                0x00000000000003c0       0x10 c:/program files/microchip/xc32/v3.01/bin/bin/../../lib/gcc/pic32mx/8.3.1/../../../../pic32mx/lib\libpic32.a(vector22.o)
 .gnu.attributes
                0x00000000000003d0       0x10 c:/program files/microchip/xc32/v3.01/bin/bin/../../lib/gcc/pic32mx/8.3.1/../../../../pic32mx/lib\libpic32.a(vector23.o)
 .gnu.attributes
                0x00000000000003e0       0x10 c:/program files/microchip/xc32/v3.01/bin/bin/../../lib/gcc/pic32mx/8.3.1/../../../../pic32mx/lib\libpic32.a(vector25.o)
 .gnu.attributes
                0x00000000000003f0       0x10 c:/program files/microchip/xc32/v3.01/bin/bin/../../lib/gcc/pic32mx/8.3.1/../../../../pic32mx/lib\libpic32.a(vector26.o)
 .gnu.attributes
                0x0000000000000400       0x10 c:/program files/microchip/xc32/v3.01/bin/bin/../../lib/gcc/pic32mx/8.3.1/../../../../pic32mx/lib\libpic32.a(vector28.o)
 .gnu.attributes
                0x0000000000000410       0x10 c:/program files/microchip/xc32/v3.01/bin/bin/../../lib/gcc/pic32mx/8.3.1/../../../../pic32mx/lib\libpic32.a(vector29.o)
 .gnu.attributes
                0x0000000000000420       0x10 c:/program files/microchip/xc32/v3.01/bin/bin/../../lib/gcc/pic32mx/8.3.1/../../../../pic32mx/lib\libpic32.a(vector30.o)
 .gnu.attributes
                0x0000000000000430       0x10 c:/program files/microchip/xc32/v3.01/bin/bin/../../lib/gcc/pic32mx/8.3.1/../../../../pic32mx/lib\libpic32.a(vector31.o)
 .gnu.attributes
                0x0000000000000440       0x10 c:/program files/microchip/xc32/v3.01/bin/bin/../../lib/gcc/pic32mx/8.3.1/../../../../pic32mx/lib\libpic32.a(vector32.o)
 .gnu.attributes
                0x0000000000000450       0x10 c:/program files/microchip/xc32/v3.01/bin/bin/../../lib/gcc/pic32mx/8.3.1/../../../../pic32mx/lib\libpic32.a(vector33.o)
 .gnu.attributes
                0x0000000000000460       0x10 c:/program files/microchip/xc32/v3.01/bin/bin/../../lib/gcc/pic32mx/8.3.1/../../../../pic32mx/lib\libpic32.a(vector34.o)
 .gnu.attributes
                0x0000000000000470       0x10 c:/program files/microchip/xc32/v3.01/bin/bin/../../lib/gcc/pic32mx/8.3.1/../../../../pic32mx/lib\libpic32.a(vector35.o)
 .gnu.attributes
                0x0000000000000480       0x10 c:/program files/microchip/xc32/v3.01/bin/bin/../../lib/gcc/pic32mx/8.3.1/../../../../pic32mx/lib\libpic32.a(vector36.o)
 .gnu.attributes
                0x0000000000000490       0x10 c:/program files/microchip/xc32/v3.01/bin/bin/../../lib/gcc/pic32mx/8.3.1/../../../../pic32mx/lib\libpic32.a(vector37.o)
 .gnu.attributes