
Optional file libmchp_peripheral.a not found

Optional file libmchp_peripheral_32MX320F128H.a not found
Archive member included to satisfy reference by file (symbol)

c:/program files/microchip/xc32/v3.01/bin/bin/../../lib/gcc/pic32mx/8.3.1\libgcc.a(floatunsisf.o)
                              build/default/production/_ext/1548841071/AD.o (__floatunsisf)
c:/program files/microchip/xc32/v3.01/bin/bin/../../lib/gcc/pic32mx/8.3.1/../../../../pic32mx/lib\libpic32.a(default-bootstrap-exception-handler.o)
                              C:\Users\erikv\AppData\Local\Temp\ccrOvOKn.o (_bootstrap_exception_handler)
c:/program files/microchip/xc32/v3.01/bin/bin/../../lib/gcc/pic32mx/8.3.1/../../../../pic32mx/lib\libpic32.a(default-on-reset.o)
                              C:\Users\erikv\AppData\Local\Temp\ccrOvOKn.o (_on_reset)
c:/program files/microchip/xc32/v3.01/bin/bin/../../lib/gcc/pic32mx/8.3.1/../../../../pic32mx/lib\libpic32.a(default-on-bootstrap.o)
                              C:\Users\erikv\AppData\Local\Temp\ccrOvOKn.o (_on_bootstrap)
c:/program files/microchip/xc32/v3.01/bin/bin/../../lib/gcc/pic32mx/8.3.1/../../../../pic32mx/lib\libpic32.a(default-nmi-handler.o)
                              C:\Users\erikv\AppData\Local\Temp\ccrOvOKn.o (_nmi_handler)
c:/program files/microchip/xc32/v3.01/bin/bin/../../lib/gcc/pic32mx/8.3.1/../../../../pic32mx/lib\libpic32.a(pic32_data_init.o)
                              C:\Users\erikv\AppData\Local\Temp\ccrOvOKn.o (__pic32_data_init)
c:/program files/microchip/xc32/v3.01/bin/bin/../../lib/gcc/pic32mx/8.3.1/../../../../pic32mx/lib\libpic32.a(general-exception.o)
                              C:\Users\erikv\AppData\Local\Temp\ccrOvOKn.o (_general_exception_context)
c:/program files/microchip/xc32/v3.01/bin/bin/../../lib/gcc/pic32mx/8.3.1/../../../../pic32mx/lib\libpic32.a(vector0.o)
                              C:\Users\erikv\AppData\Local\Temp\cclk3Fre.o (__vector_dispatch_0)
c:/program files/microchip/xc32/v3.01/bin/bin/../../lib/gcc/pic32mx/8.3.1/../../../../pic32mx/lib\libpic32.a(vector1.o)
                              C:\Users\erikv\AppData\Local\Temp\cclk3Fre.o (__vector_dispatch_1)
c:/program files/microchip/xc32/v3.01/bin/bin/../../lib/gcc/pic32mx/8.3.1/../../../../pic32mx/lib\libpic32.a(vector2.o)
                              C:\Users\erikv\AppData\Local\Temp\cclk3Fre.o (__vector_dispatch_2)
c:/program files/microchip/xc32/v3.01/bin/bin/../../lib/gcc/pic32mx/8.3.1/../../../../pic32mx/lib\libpic32.a(vector3.o)
                              C:\Users\erikv\AppData\Local\Temp\cclk3Fre.o (__vector_dispatch_3)
c:/program files/microchip/xc32/v3.01/bin/bin/../../lib/gcc/pic32mx/8.3.1/../../../../pic32mx/lib\libpic32.a(vector5.o)
                              C:\Users\erikv\AppData\Local\Temp\cclk3Fre.o (__vector_dispatch_5)
c:/program files/microchip/xc32/v3.01/bin/bin/../../lib/gcc/pic32mx/8.3.1/../../../../pic32mx/lib\libpic32.a(vector6.o)
                              C:\Users\erikv\AppData\Local\Temp\cclk3Fre.o (__vector_dispatch_6)
c:/program files/microchip/xc32/v3.01/bin/bin/../../lib/gcc/pic32mx/8.3.1/../../../../pic32mx/lib\libpic32.a(vector7.o)
                              C:\Users\erikv\AppData\Local\Temp\cclk3Fre.o (__vector_dispatch_7)
c:/program files/microchip/xc32/v3.01/bin/bin/../../lib/gcc/pic32mx/8.3.1/../../../../pic32mx/lib\libpic32.a(vector8.o)
                              C:\Users\erikv\AppData\Local\Temp\cclk3Fre.o (__vector_dispatch_8)
c:/program files/microchip/xc32/v3.01/bin/bin/../../lib/gcc/pic32mx/8.3.1/../../../../pic32mx/lib\libpic32.a(vector9.o)
                              C:\Users\erikv\AppData\Local\Temp\cclk3Fre.o (__vector_dispatch_9)
c:/program files/microchip/xc32/v3.01/bin/bin/../../lib/gcc/pic32mx/8.3.1/../../../../pic32mx/lib\libpic32.a(vector10.o)
                              C:\Users\erikv\AppData\Local\Temp\cclk3Fre.o (__vector_dispatch_10)
c:/program files/microchip/xc32/v3.01/bin/bin/../../lib/gcc/pic32mx/8.3.1/../../../../pic32mx/lib\libpic32.a(vector11.o)
                              C:\Users\erikv\AppData\Local\Temp\cclk3Fre.o (__vector_dispatch_11)
c:/program files/microchip/xc32/v3.01/bin/bin/../../lib/gcc/pic32mx/8.3.1/../../../../pic32mx/lib\libpic32.a(vector12.o)
                              C:\Users\erikv\AppData\Local\Temp\cclk3Fre.o (__vector_dispatch_12)
c:/program files/microchip/xc32/v3.01/bin/bin/../../lib/gcc/pic32mx/8.3.1/../../../../pic32mx/lib\libpic32.a(vector13.o)
                              C:\Users\erikv\AppData\Local\Temp\cclk3Fre.o (__vector_dispatch_13)
c:/program files/microchip/xc32/v3.01/bin/bin/../../lib/gcc/pic32mx/8.3.1/../../../../pic32mx/lib\libpic32.a(vector14.o)
                              C:\Users\erikv\AppData\Local\Temp\cclk3Fre.o (__vector_dispatch_14)
c:/program files/microchip/xc32/v3.01/bin/bin/../../lib/gcc/pic32mx/8.3.1/../../../../pic32mx/lib\libpic32.a(vector15.o)
                              C:\Users\erikv\AppData\Local\Temp\cclk3Fre.o (__vector_dispatch_15)
[...]
Memory Configuration

Name             Origin             Length             Attributes
kseg0_program_mem 0x000000009d002000 0x000000000001d000 xr
kseg0_boot_mem   0x000000009d000490 0x0000000000000970
exception_mem    0x000000009d001000 0x0000000000001000
kseg1_boot_mem   0x00000000bd000000 0x0000000000000490
debug_exec_mem   0x00000000bfc02000 0x0000000000000ff0
config3          0x00000000bfc02ff0 0x0000000000000004
config2          0x00000000bfc02ff4 0x0000000000000004
config1          0x00000000bfc02ff8 0x0000000000000004
config0          0x00000000bfc02ffc 0x0000000000000004
kseg1_data_mem   0x00000000a0000000 0x0000000000004000 w !x
sfrs             0x00000000bf800000 0x0000000000100000
configsfrs       0x00000000bfc02ff0 0x0000000000000010
*default*        0x0000000000000000 0xffffffffffffffff

Linker script and memory map

LOAD c:/program files/microchip/xc32/v3.01/bin/bin/../../lib/gcc/pic32mx/8.3.1/../../../../pic32mx/lib\debug-exception-return.o
LOAD build/default/production/_ext/1548841071/ES_CheckEvents.o
LOAD build/default/production/_ext/1548841071/ES_Framework.o
LOAD build/default/production/_ext/1548841071/ES_KeyboardInput.o
LOAD build/default/production/_ext/1548841071/ES_Main.o
LOAD build/default/production/_ext/1548841071/ES_PostList.o
LOAD build/default/production/_ext/1548841071/ES_Queue.o
LOAD build/default/production/_ext/1548841071/ES_TattleTale.o
LOAD build/default/production/_ext/1548841071/ES_Timers.o
LOAD build/default/production/_ext/1548841071/Zone1SubHSM.o
LOAD build/default/production/_ext/1548841071/ShootingSubHSM.o
LOAD build/default/production/_ext/1548841071/Zone23SubHSM.o
LOAD build/default/production/_ext/1548841071/ZoneLoadingSubHSM.o
LOAD build/default/production/_ext/1548841071/TopHSM.o
LOAD build/default/production/_ext/1548841071/ReturningHSM.o
LOAD build/default/production/_ext/1548841071/LoadingSubHSM.o
LOAD build/default/production/_ext/1548841071/Service_Bumper.o
LOAD build/default/production/_ext/1548841071/Service_PingSensor.o
LOAD build/default/production/_ext/1548841071/Service_PeakDetector.o
LOAD build/default/production/_ext/1548841071/AD.o
LOAD build/default/production/_ext/1548841071/BOARD.o
LOAD build/default/production/_ext/1548841071/IO_Ports.o
LOAD build/default/production/_ext/1548841071/pwm.o
LOAD build/default/production/_ext/1548841071/serial.o
LOAD build/default/production/_ext/1548841071/robot.o
LOAD build/default/production/_ext/1548841071/EventChecker.o
LOAD build/default/production/_ext/1548841071/timers.o
LOAD build/default/production/_ext/1548841071/LED.o
LOAD build/default/production/_ext/1548841071/Service_TapeSensor.o
LOAD build/default/production/_ext/1922363930/ping.o
                0x0000000000000001                __MPLAB_BUILD = 0x1
                0x0000000000000400                PROVIDE (_min_stack_size = 0x400)
START GROUP
LOAD libmchp_peripheral.a
END GROUP
START GROUP
LOAD libmchp_peripheral_32MX320F128H.a
END GROUP
                0x0000000000000001                PROVIDE (_vector_spacing = 0x1)
                0x000000009d001000                _ebase_address = 0x9d001000
                0x00000000bd000000                _RESET_ADDR = 0xbd000000
                0x00000000bd000380                _BEV_EXCPT_ADDR = 0xbd000380
                0x00000000bd000480                _DBG_EXCPT_ADDR = 0xbd000480
                0x00000000bfc02000                _DBG_CODE_ADDR = 0xbfc02000
                0x0000000000000ff0                _DBG_CODE_SIZE = 0xff0
                0x000000009d001180                _GEN_EXCPT_ADDR = (_ebase_address + 0x180)

.config_BFC02FF0
 *(.config_BFC02FF0)

.config_BFC02FF4
 *(.config_BFC02FF4)

.config_BFC02FF8
 *(.config_BFC02FF8)

.config_BFC02FFC
 *(.config_BFC02FFC)
                [!provide]                        PROVIDE (_DBG_CODE_ADDR = 0xbfc02000)
                [!provide]                        PROVIDE (_DBG_CODE_SIZE = 0xff0)

.reset          0x00000000bd000000      0x19c
 *(.reset)
 .reset         0x00000000bd000000        0x8 C:\Users\erikv\AppData\Local\Temp\ccrOvOKn.o
                0x00000000bd000000                _reset
 *(.reset.startup)
 .reset.startup
                0x00000000bd000008      0x194 C:\Users\erikv\AppData\Local\Temp\ccrOvOKn.o
                0x00000000bd000008                _startup

.bev_excpt      0x00000000bd000380       0x10
 *(.bev_handler)
 .bev_handler   0x00000000bd000380       0x10 C:\Users\erikv\AppData\Local\Temp\ccrOvOKn.o

.dbg_excpt      0x00000000bd000480        0x0
                0x00000000bd000480                . = (. + DEFINED (_DEBUGGER)?0x8:0x0)

.dbg_code       0x00000000bfc02000        0x0
                0x00000000bfc02000                . = (. + DEFINED (_DEBUGGER)?_DBG_CODE_SIZE:0x0)

.app_excpt      0x000000009d001180       0x10
 *(.gen_handler)
 .gen_handler   0x000000009d001180       0x10 C:\Users\erikv\AppData\Local\Temp\ccrOvOKn.o

.vector_0       0x000000009d001200        0x8
 *(.vector_0)
 .vector_0      0x000000009d001200        0x8 c:/program files/microchip/xc32/v3.01/bin/bin/../../lib/gcc/pic32mx/8.3.1/../../../../pic32mx/lib\libpic32.a(vector0.o)
                0x000000009d001200                __vector_dispatch_0
                0x0000000000000001                ASSERT (((_vector_spacing == 0x0) || (SIZEOF (.vector_0) <= (_vector_spacing << 0x5))), function at exception vector 0 too large)

.vector_1       0x000000009d001220        0x8
 *(.vector_1)
 .vector_1      0x000000009d001220        0x8 c:/program files/microchip/xc32/v3.01/bin/bin/../../lib/gcc/pic32mx/8.3.1/../../../../pic32mx/lib\libpic32.a(vector1.o)
                0x000000009d001220                __vector_dispatch_1
                0x0000000000000001                ASSERT (((_vector_spacing == 0x0) || (SIZEOF (.vector_1) <= (_vector_spacing << 0x5))), function at exception vector 1 too large)

.vector_2       0x000000009d001240        0x8
 *(.vector_2)
 .vector_2      0x000000009d001240        0x8 c:/program files/microchip/xc32/v3.01/bin/bin/../../lib/gcc/pic32mx/8.3.1/../../../../pic32mx/lib\libpic32.a(vector2.o)
                0x000000009d001240                __vector_dispatch_2
                0x0000000000000001                ASSERT (((_vector_spacing == 0x0) || (SIZEOF (.vector_2) <= (_vector_spacing << 0x5))), function at exception vector 2 too large)

.vector_3       0x000000009d001260        0x8
 *(.vector_3)
 .vector_3      0x000000009d001260        0x8 c:/program files/microchip/xc32/v3.01/bin/bin/../../lib/gcc/pic32mx/8.3.1/../../../../pic32mx/lib\libpic32.a(vector3.o)
                0x000000009d001260                __vector_dispatch_3
                0x0000000000000001                ASSERT (((_vector_spacing == 0x0) || (SIZEOF (.vector_3) <= (_vector_spacing << 0x5))), function at exception vector 3 too large)

.vector_4       0x000000009d001280        0x8
 *(.vector_4)
 .vector_4      0x000000009d001280        0x8 build/default/production/_ext/1548841071/ES_Timers.o
                0x000000009d001280                __vector_dispatch_4
                0x0000000000000001                ASSERT (((_vector_spacing == 0x0) || (SIZEOF (.vector_4) <= (_vector_spacing << 0x5))), function at exception vector 4 too large)

.vector_5       0x000000009d0012a0        0x8
 *(.vector_5)
 .vector_5      0x000000009d0012a0        0x8 c:/program files/microchip/xc32/v3.01/bin/bin/../../lib/gcc/pic32mx/8.3.1/../../../../pic32mx/lib\libpic32.a(vector5.o)
                0x000000009d0012a0                __vector_dispatch_5
                0x0000000000000001                ASSERT (((_vector_spacing == 0x0) || (SIZEOF (.vector_5) <= (_vector_spacing << 0x5))), function at exception vector 5 too large)

.vector_6       0x000000009d0012c0        0x8
 *(.vector_6)
 .vector_6      0x000000009d0012c0        0x8 c:/program files/microchip/xc32/v3.01/bin/bin/../../lib/gcc/pic32mx/8.3.1/../../../../pic32mx/lib\libpic32.a(vector6.o)
                0x000000009d0012c0                __vector_dispatch_6
                0x0000000000000001                ASSERT (((_vector_spacing == 0x0) || (SIZEOF (.vector_6) <= (_vector_spacing << 0x5))), function at exception vector 6 too large)

.vector_7       0x000000009d0012e0        0x8
 *(.vector_7)
 .vector_7      0x000000009d0012e0        0x8 c:/program files/microchip/xc32/v3.01/bin/bin/../../lib/gcc/pic32mx/8.3.1/../../../../pic32mx/lib\libpic32.a(vector7.o)
                0x000000009d0012e0                __vector_dispatch_7
                0x0000000000000001                ASSERT (((_vector_spacing == 0x0) || (SIZEOF (.vector_7) <= (_vector_spacing << 0x5))), function at exception vector 7 too large)

.vector_8       0x000000009d001300        0x8
 *(.vector_8)
 .vector_8      0x000000009d001300        0x8 c:/program files/microchip/xc32/v3.01/bin/bin/../../lib/gcc/pic32mx/8.3.1/../../../../pic32mx/lib\libpic32.a(vector8.o)
                0x000000009d001300                __vector_dispatch_8
                0x0000000000000001                ASSERT (((_vector_spacing == 0x0) || (SIZEOF (.vector_8) <= (_vector_spacing << 0x5))), function at exception vector 8 too large)

.vector_9       0x000000009d001320        0x8
 *(.vector_9)
 .vector_9      0x000000009d001320        0x8 c:/program files/microchip/xc32/v3.01/bin/bin/../../lib/gcc/pic32mx/8.3.1/../../../../pic32mx/lib\libpic32.a(vector9.o)
                0x000000009d001320                __vector_dispatch_9
                0x0000000000000001                ASSERT (((_vector_spacing == 0x0) || (SIZEOF (.vector_9) <= (_vector_spacing << 0x5))), function at exception vector 9 too large)

.vector_10      0x000000009d001340        0x8
 *(.vector_10)
 .vector_10     0x000000009d001340        0x8 c:/program files/microchip/xc32/v3.01/bin/bin/../../lib/gcc/pic32mx/8.3.1/../../../../pic32mx/lib\libpic32.a(vector10.o)
                0x000000009d001340                __vector_dispatch_10
                0x0000000000000001                ASSERT (((_vector_spacing == 0x0) || (SIZEOF (.vector_10) <= (_vector_spacing << 0x5))), function at exception vector 10 too large)

.vector_11      0x000000009d001360        0x8
 *(.vector_11)
 .vector_11     0x000000009d001360        0x8 c:/program files/microchip/xc32/v3.01/bin/bin/../../lib/gcc/pic32mx/8.3.1/../../../../pic32mx/lib\libpic32.a(vector11.o)
                0x000000009d001360                __vector_dispatch_11
                0x0000000000000001                ASSERT (((_vector_spacing == 0x0) || (SIZEOF (.vector_11) <= (_vector_spacing << 0x5))), function at exception vector 11 too large)

.vector_12      0x000000009d001380        0x8
 *(.vector_12)
 .vector_12     0x000000009d001380        0x8 c:/program files/microchip/xc32/v3.01/bin/bin/../../lib/gcc/pic32mx/8.3.1/../../../../pic32mx/lib\libpic32.a(vector12.o)
                0x000000009d001380                __vector_dispatch_12
                0x0000000000000001                ASSERT (((_vector_spacing == 0x0) || (SIZEOF (.vector_12) <= (_vector_spacing << 0x5))), function at exception vector 12 too large)

.vector_13      0x000000009d0013a0        0x8
 *(.vector_13)
 .vector_13     0x000000009d0013a0        0x8 c:/program files/microchip/xc32/v3.01/bin/bin/../../lib/gcc/pic32mx/8.3.1/../../../../pic32mx/lib\libpic32.a(vector13.o)
                0x000000009d0013a0                __vector_dispatch_13
                0x0000000000000001                ASSERT (((_vector_spacing == 0x0) || (SIZEOF (.vector_13) <= (_vector_spacing << 0x5))), function at exception vector 13 too large)

.vector_14      0x000000009d0013c0        0x8
 *(.vector_14)
 .vector_14     0x000000009d0013c0        0x8 c:/program files/microchip/xc32/v3.01/bin/bin/../../lib/gcc/pic32mx/8.3.1/../../../../pic32mx/lib\libpic32.a(vector14.o)
                0x000000009d0013c0                __vector_dispatch_14
                0x0000000000000001                ASSERT (((_vector_spacing == 0x0) || (SIZEOF (.vector_14) <= (_vector_spacing << 0x5))), function at exception vector 14 too large)

.vector_15      0x000000009d0013e0        0x8
 *(.vector_15)
 .vector_15     0x000000009d0013e0        0x8 c:/program files/microchip/xc32/v3.01/bin/bin/../../lib/gcc/pic32mx/8.3.1/../../../../pic32mx/lib\libpic32.a(vector15.o)
                0x000000009d0013e0                __vector_dispatch_15
                0x0000000000000001                ASSERT (((_vector_spacing == 0x0) || (SIZEOF (.vector_15) <= (_vector_spacing << 0x5))), function at exception vector 15 too large)

.vector_16      0x000000009d001400        0x8
 *(.vector_16)
 .vector_16     0x000000009d001400        0x8 build/default/production/_ext/1922363930/ping.o
                0x000000009d001400                __vector_dispatch_16
                0x0000000000000001                ASSERT (((_vector_spacing == 0x0) || (SIZEOF (.vector_16) <= (_vector_spacing << 0x5))), function at exception vector 16 too large)

.vector_17      0x000000009d001420        0x8
 *(.vector_17)
 .vector_17     0x000000009d001420        0x8 c:/program files/microchip/xc32/v3.01/bin/bin/../../lib/gcc/pic32mx/8.3.1/../../../../pic32mx/lib\libpic32.a(vector17.o)
                0x000000009d001420                __vector_dispatch_17
                0x0000000000000001                ASSERT (((_vector_spacing == 0x0) || (SIZEOF (.vector_17) <= (_vector_spacing << 0x5))), function at exception vector 17 too large)

.vector_18      0x000000009d001440        0x8
 *(.vector_18)
 .vector_18     0x000000009d001440        0x8 c:/program files/microchip/xc32/v3.01/bin/bin/../../lib/gcc/pic32mx/8.3.1/../../../../pic32mx/lib\libpic32.a(vector18.o)
                0x000000009d001440                __vector_dispatch_18
                0x0000000000000001                ASSERT (((_vector_spacing == 0x0) || (SIZEOF (.vector_18) <= (_vector_spacing << 0x5))), function at exception vector 18 too large)

.vector_19      0x000000009d001460        0x8
 *(.vector_19)
 .vector_19     0x000000009d001460        0x8 c:/program files/microchip/xc32/v3.01/bin/bin/../../lib/gcc/pic32mx/8.3.1/../../../../pic32mx/lib\libpic32.a(vector19.o)
                0x000000009d001460                __vector_dispatch_19
                0x0000000000000001                ASSERT (((_vector_spacing == 0x0) || (SIZEOF (.vector_19) <= (_vector_spacing << 0x5))), function at exception vector 19 too large)

.vector_20      0x000000009d001480        0x8
 *(.vector_20)
 .vector_20     0x000000009d001480        0x8 build/default/production/_ext/1548841071/timers.o
                0x000000009d001480                __vector_dispatch_20
                0x0000000000000001                ASSERT (((_vector_spacing == 0x0) || (SIZEOF (.vector_20) <= (_vector_spacing << 0x5))), function at exception vector 20 too large)

.vector_21      0x000000009d0014a0        0x8
 *(.vector_21)
 .vector_21     0x000000009d0014a0        0x8 c:/program files/microchip/xc32/v3.01/bin/bin/../../lib/gcc/pic32mx/8.3.1/../../../../pic32mx/lib\libpic32.a(vector21.o)
                0x000000009d0014a0                __vector_dispatch_21
                0x0000000000000001                ASSERT (((_vector_spacing == 0x0) || (SIZEOF (.vector_21) <= (_vector_spacing << 0x5))), function at exception vector 21 too large)

.vector_22      0x000000009d0014c0        0x8
 *(.vector_22)
 .vector_22     0x000000009d0014c0        0x8 c:/program files/microchip/xc32/v3.01/bin/bin/../../lib/gcc/pic32mx/8.3.1/../../../../pic32mx/lib\libpic32.a(vector22.o)
                0x000000009d0014c0                __vector_dispatch_22
                0x0000000000000001                ASSERT (((_vector_spacing == 0x0) || (SIZEOF (.vector_22) <= (_vector_spacing << 0x5))), function at exception vector 22 too large)

.vector_23      0x000000009d0014e0        0x8
 *(.vector_23)
 .vector_23     0x000000009d0014e0        0x8 c:/program files/microchip/xc32/v3.01/bin/bin/../../lib/gcc/pic32mx/8.3.1/../../../../pic32mx/lib\libpic32.a(vector23.o)
                0x000000009d0014e0                __vector_dispatch_23
                0x0000000000000001                ASSERT (((_vector_spacing == 0x0) || (SIZEOF (.vector_23) <= (_vector_spacing << 0x5))), function at exception vector 23 too large)

.vector_24      0x000000009d001500        0x8
 *(.vector_24)
 .vector_24     0x000000009d001500        0x8 build/default/production/_ext/1548841071/serial.o
                0x000000009d001500                __vector_dispatch_24
                0x0000000000000001                ASSERT (((_vector_spacing == 0x0) || (SIZEOF (.vector_24) <= (_vector_spacing << 0x5))), function at exception vector 24 too large)

.vector_25      0x000000009d001520        0x8
 *(.vector_25)
 .vector_25     0x000000009d001520        0x8 c:/program files/microchip/xc32/v3.01/bin/bin/../../lib/gcc/pic32mx/8.3.1/../../../../pic32mx/lib\libpic32.a(vector25.o)
                0x000000009d001520                __vector_dispatch_25
                0x0000000000000001                ASSERT (((_vector_spacing == 0x0) || (SIZEOF (.vector_25) <= (_vector_spacing << 0x5))), function at exception vector 25 too large)

.vector_26      0x000000009d001540        0x8
 *(.vector_26)
 .vector_26     0x000000009d001540        0x8 build/default/production/_ext/1922363930/ping.o
                0x000000009d001540                __vector_dispatch_26
                0x0000000000000001                ASSERT (((_vector_spacing == 0x0) || (SIZEOF (.vector_26) <= (_vector_spacing << 0x5))), function at exception vector 26 too large)

.vector_27      0x000000009d001560        0x8
 *(.vector_27)
 .vector_27     0x000000009d001560        0x8 build/default/production/_ext/1548841071/AD.o
                0x000000009d001560                __vector_dispatch_27
                0x0000000000000001                ASSERT (((_vector_spacing == 0x0) || (SIZEOF (.vector_27) <= (_vector_spacing << 0x5))), function at exception vector 27 too large)

.vector_28      0x000000009d001580        0x8
 *(.vector_28)
 .vector_28     0x000000009d001580        0x8 c:/program files/microchip/xc32/v3.01/bin/bin/../../lib/gcc/pic32mx/8.3.1/../../../../pic32mx/lib\libpic32.a(vector28.o)
                0x000000009d001580                __vector_dispatch_28
                0x0000000000000001                ASSERT (((_vector_spacing == 0x0) || (SIZEOF (.vector_28) <= (_vector_spacing << 0x5))), function at exception vector 28 too large)

.vector_29      0x000000009d0015a0        0x8
 *(.vector_29)
 .vector_29     0x000000009d0015a0        0x8 c:/program files/microchip/xc32/v3.01/bin/bin/../../lib/gcc/pic32mx/8.3.1/../../../../pic32mx/lib\libpic32.a(vector29.o)
                0x000000009d0015a0                __vector_dispatch_29
                0x0000000000000001                ASSERT (((_vector_spacing == 0x0) || (SIZEOF (.vector_29) <= (_vector_spacing << 0x5))), function at exception vector 29 too large)

.vector_30      0x000000009d0015c0        0x8
 *(.vector_30)
 .vector_30     0x000000009d0015c0        0x8 c:/program files/microchip/xc32/v3.01/bin/bin/../../lib/gcc/pic32mx/8.3.1/../../../../pic32mx/lib\libpic32.a(vector30.o)
                0x000000009d0015c0                __vector_dispatch_30
                0x0000000000000001                ASSERT (((_vector_spacing == 0x0) || (SIZEOF (.vector_30) <= (_vector_spacing << 0x5))), function at exception vector 30 too large)

.vector_31      0x000000009d0015e0        0x8
 *(.vector_31)
 .vector_31     0x000000009d0015e0        0x8 c:/program files/microchip/xc32/v3.01/bin/bin/../../lib/gcc/pic32mx/8.3.1/../../../../pic32mx/lib\libpic32.a(vector31.o)
                0x000000009d0015e0                __vector_dispatch_31
                0x0000000000000001                ASSERT (((_vector_spacing == 0x0) || (SIZEOF (.vector_31) <= (_vector_spacing << 0x5))), function at exception vector 31 too large)

.vector_32      0x000000009d001600        0x8
 *(.vector_32)
 .vector_32     0x000000009d001600        0x8 c:/program files/microchip/xc32/v3.01/bin/bin/../../lib/gcc/pic32mx/8.3.1/../../../../pic32mx/lib\libpic32.a(vector32.o)
                0x000000009d001600                __vector_dispatch_32
                0x0000000000000001                ASSERT (((_vector_spacing == 0x0) || (SIZEOF (.vector_32) <= (_vector_spacing << 0x5))), function at exception vector 32 too large)

.vector_33      0x000000009d001620        0x8
 *(.vector_33)
 .vector_33     0x000000009d001620        0x8 c:/program files/microchip/xc32/v3.01/bin/bin/../../lib/gcc/pic32mx/8.3.1/../../../../pic32mx/lib\libpic32.a(vector33.o)
                0x000000009d001620                __vector_dispatch_33
                0x0000000000000001                ASSERT (((_vector_spacing == 0x0) || (SIZEOF (.vector_33) <= (_vector_spacing << 0x5))), function at exception vector 33 too large)

.vector_34      0x000000009d001640        0x8
 *(.vector_34)
 .vector_34     0x000000009d001640        0x8 c:/program files/microchip/xc32/v3.01/bin/bin/../../lib/gcc/pic32mx/8.3.1/../../../../pic32mx/lib\libpic32.a(vector34.o)
                0x000000009d001640                __vector_dispatch_34
                0x0000000000000001                ASSERT (((_vector_spacing == 0x0) || (SIZEOF (.vector_34) <= (_vector_spacing << 0x5))), function at exception vector 34 too large)

.vector_35      0x000000009d001660        0x8
 *(.vector_35)
 .vector_35     0x000000009d001660        0x8 c:/program files/microchip/xc32/v3.01/bin/bin/../../lib/gcc/pic32mx/8.3.1/../../../../pic32mx/lib\libpic32.a(vector35.o)
                0x000000009d001660                __vector_dispatch_35
                0x0000000000000001                ASSERT (((_vector_spacing == 0x0) || (SIZEOF (.vector_35) <= (_vector_spacing << 0x5))), function at exception vector 35 too large)

.vector_36      0x000000009d001680        0x8
 *(.vector_36)
 .vector_36     0x000000009d001680        0x8 c:/program files/microchip/xc32/v3.01/bin/bin/../../lib/gcc/pic32mx/8.3.1/../../../../pic32mx/lib\libpic32.a(vector36.o)
                0x000000009d001680                __vector_dispatch_36
                0x0000000000000001                ASSERT (((_vector_spacing == 0x0) || (SIZEOF (.vector_36) <= (_vector_spacing << 0x5))), function at exception vector 36 too large)

.vector_37      0x000000009d0016a0        0x8
 *(.vector_37)
 .vector_37     0x000000009d0016a0        0x8 c:/program files/microchip/xc32/v3.01/bin/bin/../../lib/gcc/pic32mx/8.3.1/../../../../pic32mx/lib\libpic32.a(vector37.o)
                0x000000009d0016a0                __vector_dispatch_37
                0x0000000000000001                ASSERT (((_vector_spacing == 0x0) || (SIZEOF (.vector_37) <= (_vector_spacing << 0x5))), function at exception vector 37 too large)

.vector_38      0x000000009d0016c0        0x8
 *(.vector_38)
 .vector_38     0x000000009d0016c0        0x8 c:/program files/microchip/xc32/v3.01/bin/bin/../../lib/gcc/pic32mx/8.3.1/../../../../pic32mx/lib\libpic32.a(vector38.o)
                0x000000009d0016c0                __vector_dispatch_38
                0x0000000000000001                ASSERT (((_vector_spacing == 0x0) || (SIZEOF (.vector_38) <= (_vector_spacing << 0x5))), function at exception vector 38 too large)

.vector_39      0x000000009d0016e0        0x8
 *(.vector_39)
 .vector_39     0x000000009d0016e0        0x8 c:/program files/microchip/xc32/v3.01/bin/bin/../../lib/gcc/pic32mx/8.3.1/../../../../pic32mx/lib\libpic32.a(vector39.o)
                0x000000009d0016e0                __vector_dispatch_39
                0x0000000000000001                ASSERT (((_vector_spacing == 0x0) || (SIZEOF (.vector_39) <= (_vector_spacing << 0x5))), function at exception vector 39 too large)

.vector_40      0x000000009d001700        0x8
 *(.vector_40)
 .vector_40     0x000000009d001700        0x8 c:/program files/microchip/xc32/v3.01/bin/bin/../../lib/gcc/pic32mx/8.3.1/../../../../pic32mx/lib\libpic32.a(vector40.o)
                0x000000009d001700                __vector_dispatch_40
                0x0000000000000001                ASSERT (((_vector_spacing == 0x0) || (SIZEOF (.vector_40) <= (_vector_spacing << 0x5))), function at exception vector 40 too large)

.vector_41      0x000000009d001720        0x8
 *(.vector_41)
 .vector_41     0x000000009d001720        0x8 c:/program files/microchip/xc32/v3.01/bin/bin/../../lib/gcc/pic32mx/8.3.1/../../../../pic32mx/lib\libpic32.a(vector41.o)
                0x000000009d001720                __vector_dispatch_41
                0x0000000000000001                ASSERT (((_vector_spacing == 0x0) || (SIZEOF (.vector_41) <= (_vector_spacing << 0x5))), function at exception vector 41 too large)

.vector_42      0x000000009d001740        0x8
 *(.vector_42)
 .vector_42     0x000000009d001740        0x8 c:/program files/microchip/xc32/v3.01/bin/bin/../../lib/gcc/pic32mx/8.3.1/../../../../pic32mx/lib\libpic32.a(vector42.o)
                0x000000009d001740                __vector_dispatch_42
                0x0000000000000001                ASSERT (((_vector_spacing == 0x0) || (SIZEOF (.vector_42) <= (_vector_spacing << 0x5))), function at exception vector 42 too large)

.vector_43      0x000000009d001760        0x8
 *(.vector_43)
 .vector_43     0x000000009d001760        0x8 c:/program files/microchip/xc32/v3.01/bin/bin/../../lib/gcc/pic32mx/8.3.1/../../../../pic32mx/lib\libpic32.a(vector43.o)
                0x000000009d001760                __vector_dispatch_43
                0x0000000000000001                ASSERT (((_vector_spacing == 0x0) || (SIZEOF (.vector_43) <= (_vector_spacing << 0x5))), function at exception vector 43 too large)

.vector_44      0x000000009d001780        0x8
 *(.vector_44)
 .vector_44     0x000000009d001780        0x8 c:/program files/microchip/xc32/v3.01/bin/bin/../../lib/gcc/pic32mx/8.3.1/../../../../pic32mx/lib\libpic32.a(vector44.o)
                0x000000009d001780                __vector_dispatch_44
                0x0000000000000001                ASSERT (((_vector_spacing == 0x0) || (SIZEOF (.vector_44) <= (_vector_spacing << 0x5))), function at exception vector 44 too large)

.vector_45      0x000000009d0017a0        0x0
 *(.vector_45)
                0x0000000000000001                ASSERT (((_vector_spacing == 0x0) || (SIZEOF (.vector_45) <= (_vector_spacing << 0x5))), function at exception vector 45 too large)

.vector_46      0x000000009d0017c0        0x0
 *(.vector_46)
                0x0000000000000001                ASSERT (((_vector_spacing == 0x0) || (SIZEOF (.vector_46) <= (_vector_spacing << 0x5))), function at exception vector 46 too large)

.vector_47      0x000000009d0017e0        0x0
 *(.vector_47)
                0x0000000000000001                ASSERT (((_vector_spacing == 0x0) || (SIZEOF (.vector_47) <= (_vector_spacing << 0x5))), function at exception vector 47 too large)

.vector_48      0x000000009d001800        0x0
 *(.vector_48)
                0x0000000000000001                ASSERT (((_vector_spacing == 0x0) || (SIZEOF (.vector_48) <= (_vector_spacing << 0x5))), function at exception vector 48 too large)

.vector_49      0x000000009d001820        0x0
 *(.vector_49)
                0x0000000000000001                ASSERT (((_vector_spacing == 0x0) || (SIZEOF (.vector_49) <= (_vector_spacing << 0x5))), function at exception vector 49 too large)

.vector_50      0x000000009d001840        0x0
 *(.vector_50)
                0x0000000000000001                ASSERT (((_vector_spacing == 0x0) || (SIZEOF (.vector_50) <= (_vector_spacing << 0x5))), function at exception vector 50 too large)

.vector_51      0x000000009d001860        0x0
 *(.vector_51)
                0x0000000000000001                ASSERT (((_vector_spacing == 0x0) || (SIZEOF (.vector_51) <= (_vector_spacing << 0x5))), function at exception vector 51 too large)

.vector_52      0x000000009d001880        0x0
 *(.vector_52)
                0x0000000000000001                ASSERT (((_vector_spacing == 0x0) || (SIZEOF (.vector_52) <= (_vector_spacing << 0x5))), function at exception vector 52 too large)

.vector_53      0x000000009d0018a0        0x0
 *(.vector_53)
                0x0000000000000001                ASSERT (((_vector_spacing == 0x0) || (SIZEOF (.vector_53) <= (_vector_spacing << 0x5))), function at exception vector 53 too large)

.vector_54      0x000000009d0018c0        0x0
 *(.vector_54)
                0x0000000000000001                ASSERT (((_vector_spacing == 0x0) || (SIZEOF (.vector_54) <= (_vector_spacing << 0x5))), function at exception vector 54 too large)

.vector_55      0x000000009d0018e0        0x0
 *(.vector_55)
                0x0000000000000001                ASSERT (((_vector_spacing == 0x0) || (SIZEOF (.vector_55) <= (_vector_spacing << 0x5))), function at exception vector 55 too large)

.vector_56      0x000000009d001900        0x0
 *(.vector_56)
                0x0000000000000001                ASSERT (((_vector_spacing == 0x0) || (SIZEOF (.vector_56) <= (_vector_spacing << 0x5))), function at exception vector 56 too large)

.vector_57      0x000000009d001920        0x0
 *(.vector_57)
                0x0000000000000001                ASSERT (((_vector_spacing == 0x0) || (SIZEOF (.vector_57) <= (_vector_spacing << 0x5))), function at exception vector 57 too large)

.vector_58      0x000000009d001940        0x0
 *(.vector_58)
                0x0000000000000001                ASSERT (((_vector_spacing == 0x0) || (SIZEOF (.vector_58) <= (_vector_spacing << 0x5))), function at exception vector 58 too large)

.vector_59      0x000000009d001960        0x0
 *(.vector_59)
                0x0000000000000001                ASSERT (((_vector_spacing == 0x0) || (SIZEOF (.vector_59) <= (_vector_spacing << 0x5))), function at exception vector 59 too large)

.vector_60      0x000000009d001980        0x0
 *(.vector_60)
                0x0000000000000001                ASSERT (((_vector_spacing == 0x0) || (SIZEOF (.vector_60) <= (_vector_spacing << 0x5))), function at exception vector 60 too large)

.vector_61      0x000000009d0019a0        0x0
 *(.vector_61)
                0x0000000000000001                ASSERT (((_vector_spacing == 0x0) || (SIZEOF (.vector_61) <= (_vector_spacing << 0x5))), function at exception vector 61 too large)

.vector_62      0x000000009d0019c0        0x0
 *(.vector_62)
                0x0000000000000001                ASSERT (((_vector_spacing == 0x0) || (SIZEOF (.vector_62) <= (_vector_spacing << 0x5))), function at exception vector 62 too large)

.vector_63      0x000000009d0019e0        0x0
 *(.vector_63)
                0x0000000000000001                ASSERT (((_vector_spacing == 0x0) || (SIZEOF (.vector_63) <= (_vector_spacing << 0x5))), function at exception vector 63 too large)

.startup
 *(.startup)

.text           0x000000009d002000        0x0
 *(.stub .gnu.linkonce.t.*)
 *(.text.*personality*)
 *(.mips16.fn.*)
 *(.mips16.call.*)
 *(.gnu.warning)
                0x000000009d002000                . = ALIGN (0x4)

.init           0x000000009d002000        0x0
 *crti.o(.init)
 *crtbegin.o(.init)
 *(EXCLUDE_FILE(*crtn.o *crtend?.o *crtend.o) .init)
 *crtend.o(.init)
 *crtn.o(.init)
                0x000000009d002000                . = ALIGN (0x4)

.fini           0x000000009d002000        0x0
 *(.fini)
                0x000000009d002000                . = ALIGN (0x4)

.preinit_array  0x000000009d002000        0x0
                [!provide]                        PROVIDE (__preinit_array_start = .)
 *(.preinit_array)
                [!provide]                        PROVIDE (__preinit_array_end = .)
                0x000000009d002000                . = ALIGN (0x4)

.init_array     0x000000009d002000        0x0
                [!provide]                        PROVIDE (__init_array_start = .)
 *(SORT_BY_NAME(.init_array.*))
 *(.init_array)
                [!provide]                        PROVIDE (__init_array_end = .)
                0x000000009d002000                . = ALIGN (0x4)

.fini_array     0x000000009d002000        0x0
                [!provide]                        PROVIDE (__fini_array_start = .)
 *(SORT_BY_NAME(.fini_array.*))
 *(.fini_array)
                [!provide]                        PROVIDE (__fini_array_end = .)
                0x000000009d002000                . = ALIGN (0x4)

.ctors          0x000000009d002000        0x0
 *crtbegin.o(.ctors)
 *crtbegin?.o(.ctors)
 *(EXCLUDE_FILE(*crtend?.o *crtend.o) .ctors)
 *(SORT_BY_NAME(.ctors.*))
 *(.ctors)
                0x000000009d002000                . = ALIGN (0x4)

.dtors          0x000000009d002000        0x0
 *crtbegin.o(.dtors)
 *crtbegin?.o(.dtors)
 *(EXCLUDE_FILE(*crtend?.o *crtend.o) .dtors)
 *(SORT_BY_NAME(.dtors.*))
 *(.dtors)
                0x000000009d002000                . = ALIGN (0x4)

.rodata         0x000000009d002000        0x0
 *(.gnu.linkonce.r.*)
 *(.rodata1)
                0x000000009d002000                . = ALIGN (0x4)

.sdata2         0x000000009d002000        0x0
 *(.sdata2 .sdata2.* .gnu.linkonce.s2.*)
                0x000000009d002000                . = ALIGN (0x4)

.sbss2          0x000000009d002000        0x0
 *(.sbss2 .sbss2.* .gnu.linkonce.sb2.*)
                0x000000009d002000                . = ALIGN (0x4)

.eh_frame_hdr
 *(.eh_frame_hdr)
                0x000000009d002000                . = ALIGN (0x4)

.eh_frame
 *(.eh_frame)
                0x000000009d002000                . = ALIGN (0x4)

.gcc_except_table
 *(.gcc_except_table .gcc_except_table.*)
                0x000000009d002000                . = ALIGN (0x4)

.dbg_data       0x00000000a0000000        0x0
                0x00000000a0000000                . = (. + DEFINED (_DEBUGGER)?0x200:0x0)

.jcr            0x00000000a0000000        0x0
 *(.jcr)
                0x00000000a0000000                . = ALIGN (0x4)

.eh_frame
 *(.eh_frame)
                0x00000000a0000000                . = ALIGN (0x4)

.gcc_except_table
 *(.gcc_except_table .gcc_except_table.*)
                0x00000000a0000000                . = ALIGN (0x4)

.persist        0x00000000a0000000        0x0
                0x00000000a0000000                _persist_begin = .
 *(.persist .persist.*)
 *(.pbss .pbss.*)
                0x00000000a0000000                . = ALIGN (0x4)
                0x00000000a0000000                _persist_end = .

.data           0x00000000a0000000        0x0
 *(.gnu.linkonce.d.*)
 *(.data1)
                0x00000000a0000000                . = ALIGN (0x4)
                0x00000000a0000000                . = .
                0x00000000a0007ff0                _gp = (ALIGN (0x10) + 0x7ff0)

.got            0x00000000a0000000        0x0
 *(.got.plt)
 *(.got)
                0x00000000a0000000                . = ALIGN (0x4)

.sdata          0x00000000a0000000       0x20
                0x00000000a0000000                _sdata_begin = .
 *(.sdata .sdata.* .gnu.linkonce.s.*)
 .sdata         0x00000000a0000000        0x8 build/default/production/_ext/1548841071/ShootingSubHSM.o
 .sdata         0x00000000a0000008        0x8 build/default/production/_ext/1548841071/ReturningHSM.o
 .sdata         0x00000000a0000010        0x4 build/default/production/_ext/1548841071/AD.o
 .sdata         0x00000000a0000014        0x8 build/default/production/_ext/1548841071/EventChecker.o
 .sdata         0x00000000a000001c        0x4 c:/program files/microchip/xc32/v3.01/bin/bin/../../lib/gcc/pic32mx/8.3.1/../../../../pic32mx/lib\liblega-c.a(_iobdata.o)
                0x00000000a000001c                _libc_data
                0x00000000a0000020                . = ALIGN (0x4)
                0x00000000a0000020                _sdata_end = .

.lit8
 *(.lit8)

.lit4
 *(.lit4)
                0x00000000a0000020                . = ALIGN (0x4)
                0x00000000a0000020                _data_end = .
                0x00000000a0000020                _bss_begin = .

.sbss           0x00000000a0000020      0x118
                0x00000000a0000020                _sbss_begin = .
 *(.dynsbss)
 *(.sbss .sbss.* .gnu.linkonce.sb.*)
 .sbss          0x00000000a0000020        0xc build/default/production/_ext/1548841071/ES_Framework.o
                0x00000000a0000020                Ready
 .sbss          0x00000000a000002c        0x1 build/default/production/_ext/1548841071/ES_KeyboardInput.o
 .sbss          0x00000000a000002d        0x4 build/default/production/_ext/1548841071/ES_TattleTale.o
 *fill*         0x00000000a0000031        0x3 
 .sbss          0x00000000a0000034       0x30 build/default/production/_ext/1548841071/ES_Timers.o
 .sbss          0x00000000a0000064        0x5 build/default/production/_ext/1548841071/Zone1SubHSM.o
 *fill*         0x00000000a0000069        0x3 
 .sbss          0x00000000a000006c        0x5 build/default/production/_ext/1548841071/ShootingSubHSM.o
 *fill*         0x00000000a0000071        0x3 
 .sbss          0x00000000a0000074        0x5 build/default/production/_ext/1548841071/Zone23SubHSM.o
 *fill*         0x00000000a0000079        0x3 
 .sbss          0x00000000a000007c        0x5 build/default/production/_ext/1548841071/ZoneLoadingSubHSM.o
 *fill*         0x00000000a0000081        0x3 
 .sbss          0x00000000a0000084        0x5 build/default/production/_ext/1548841071/TopHSM.o
 *fill*         0x00000000a0000089        0x3 
 .sbss          0x00000000a000008c        0x5 build/default/production/_ext/1548841071/ReturningHSM.o
 *fill*         0x00000000a0000091        0x3 
 .sbss          0x00000000a0000094        0xc build/default/production/_ext/1548841071/LoadingSubHSM.o
 .sbss          0x00000000a00000a0        0x8 build/default/production/_ext/1548841071/Service_Bumper.o
 .sbss          0x00000000a00000a8       0x10 build/default/production/_ext/1548841071/Service_PingSensor.o
 .sbss          0x00000000a00000b8        0x8 build/default/production/_ext/1548841071/Service_PeakDetector.o
 .sbss          0x00000000a00000c0       0x24 build/default/production/_ext/1548841071/AD.o
 .sbss          0x00000000a00000e4        0xc build/default/production/_ext/1548841071/pwm.o
 .sbss          0x00000000a00000f0        0xe build/default/production/_ext/1548841071/serial.o
 *fill*         0x00000000a00000fe        0x2 
 .sbss          0x00000000a0000100       0x18 build/default/production/_ext/1548841071/EventChecker.o
 .sbss          0x00000000a0000118        0xc build/default/production/_ext/1548841071/timers.o
 .sbss          0x00000000a0000124        0x2 build/default/production/_ext/1548841071/LED.o
 *fill*         0x00000000a0000126        0x2 
 .sbss          0x00000000a0000128        0x8 build/default/production/_ext/1548841071/Service_TapeSensor.o
 .sbss          0x00000000a0000130        0x1 build/default/production/_ext/1922363930/ping.o
 *fill*         0x00000000a0000131        0x3 
 .sbss          0x00000000a0000134        0x4 c:/program files/microchip/xc32/v3.01/bin/bin/../../lib/gcc/pic32mx/8.3.1/../../../../pic32mx/lib\liblega-c.a(errno.o)
                0x00000000a0000134                errno
 *(.scommon)
                0x00000000a0000138                _sbss_end = .
                0x00000000a0000138                . = ALIGN (0x4)

.bss            0x00000000a0000138        0x0
 *(.dynbss)
 *(COMMON)
                0x00000000a0000138                . = ALIGN ((. != 0x0)?0x4:0x1)
                0x00000000a0000138                . = ALIGN (0x4)
                0x00000000a0000138                _end = .
                0x00000000a0000138                _bss_end = .
                0x0000000000004000                _bmxdudba_address = LENGTH (kseg1_data_mem)
                0x0000000000004000                _bmxdupba_address = LENGTH (kseg1_data_mem)

/DISCARD/
 *(.pdr)
 *(.rel.dyn)
 *(.note.GNU-stack)
 *(.note.GNU-stack)
 *(.gnu_debuglink)
 *(.gnu.lto_*)
 *(.discard)

.gptab.sdata
 *(.gptab.data)
 *(.gptab.sdata)

.gptab.sbss
 *(.gptab.bss)
 *(.gptab.sbss)

.mdebug.abi32   0x00000000a0000138        0x0
 *(.mdebug.abi32)
 .mdebug.abi32  0x00000000a0000138        0x0 build/default/production/_ext/1548841071/ES_CheckEvents.o
 .mdebug.abi32  0x00000000a0000138        0x0 build/default/production/_ext/1548841071/ES_Framework.o
 .mdebug.abi32  0x00000000a0000138        0x0 build/default/production/_ext/1548841071/ES_KeyboardInput.o
 .mdebug.abi32  0x00000000a0000138        0x0 build/default/production/_ext/1548841071/ES_Main.o
 .mdebug.abi32  0x00000000a0000138        0x0 build/default/production/_ext/1548841071/ES_PostList.o
 .mdebug.abi32  0x00000000a0000138        0x0 build/default/production/_ext/1548841071/ES_Queue.o
 .mdebug.abi32  0x00000000a0000138        0x0 build/default/production/_ext/1548841071/ES_TattleTale.o
 .mdebug.abi32  0x00000000a0000138        0x0 build/default/production/_ext/1548841071/ES_Timers.o
 .mdebug.abi32  0x00000000a0000138        0x0 build/default/production/_ext/1548841071/Zone1SubHSM.o
 .mdebug.abi32  0x00000000a0000138        0x0 build/default/production/_ext/1548841071/ShootingSubHSM.o
 .mdebug.abi32  0x00000000a0000138        0x0 build/default/production/_ext/1548841071/Zone23SubHSM.o
 .mdebug.abi32  0x00000000a0000138        0x0 build/default/production/_ext/1548841071/ZoneLoadingSubHSM.o
 .mdebug.abi32  0x00000000a0000138        0x0 build/default/production/_ext/1548841071/TopHSM.o
 .mdebug.abi32  0x00000000a0000138        0x0 build/default/production/_ext/1548841071/ReturningHSM.o
 .mdebug.abi32  0x00000000a0000138        0x0 build/default/production/_ext/1548841071/LoadingSubHSM.o
 .mdebug.abi32  0x00000000a0000138        0x0 build/default/production/_ext/1548841071/Service_Bumper.o
 .mdebug.abi32  0x00000000a0000138        0x0 build/default/production/_ext/1548841071/Service_PingSensor.o
 .mdebug.abi32  0x00000000a0000138        0x0 build/default/production/_ext/1548841071/Service_PeakDetector.o
 .mdebug.abi32  0x00000000a0000138        0x0 build/default/production/_ext/1548841071/AD.o
 .mdebug.abi32  0x00000000a0000138        0x0 build/default/production/_ext/1548841071/BOARD.o
 .mdebug.abi32  0x00000000a0000138        0x0 build/default/production/_ext/1548841071/IO_Ports.o
 .mdebug.abi32  0x00000000a0000138        0x0 build/default/production/_ext/1548841071/pwm.o
 .mdebug.abi32  0x00000000a0000138        0x0 build/default/production/_ext/1548841071/serial.o
 .mdebug.abi32  0x00000000a0000138        0x0 build/default/production/_ext/1548841071/robot.o
 .mdebug.abi32  0x00000000a0000138        0x0 build/default/production/_ext/1548841071/EventChecker.o
 .mdebug.abi32  0x00000000a0000138        0x0 build/default/production/_ext/1548841071/timers.o
 .mdebug.abi32  0x00000000a0000138        0x0 build/default/production/_ext/1548841071/LED.o
 .mdebug.abi32  0x00000000a0000138        0x0 build/default/production/_ext/1548841071/Service_TapeSensor.o
 .mdebug.abi32  0x00000000a0000138        0x0 build/default/production/_ext/1922363930/ping.o
 .mdebug.abi32  0x00000000a0000138        0x0 c:/program files/microchip/xc32/v3.01/bin/bin/../../lib/gcc/pic32mx/8.3.1\libgcc.a(floatunsisf.o)
 .mdebug.abi32  0x00000000a0000138        0x0 c:/program files/microchip/xc32/v3.01/bin/bin/../../lib/gcc/pic32mx/8.3.1/../../../../pic32mx/lib\libpic32.a(default-bootstrap-exception-handler.o)
 .mdebug.abi32  0x00000000a0000138        0x0 c:/program files/microchip/xc32/v3.01/bin/bin/../../lib/gcc/pic32mx/8.3.1/../../../../pic32mx/lib\libpic32.a(default-on-reset.o)
 .mdebug.abi32  0x00000000a0000138        0x0 c:/program files/microchip/xc32/v3.01/bin/bin/../../lib/gcc/pic32mx/8.3.1/../../../../pic32mx/lib\libpic32.a(default-on-bootstrap.o)
 .mdebug.abi32  0x00000000a0000138        0x0 c:/program files/microchip/xc32/v3.01/bin/bin/../../lib/gcc/pic32mx/8.3.1/../../../../pic32mx/lib\libpic32.a(default-general-exception-handler.o)
 .mdebug.abi32  0x00000000a0000138        0x0 c:/program files/microchip/xc32/v3.01/bin/bin/../../lib/gcc/pic32mx/8.3.1/../../../../pic32mx/lib\libpic32.a(defaultinterrupt.o)
 .mdebug.abi32  0x00000000a0000138        0x0 c:/program files/microchip/xc32/v3.01/bin/bin/../../lib/gcc/pic32mx/8.3.1/../../../../pic32mx/lib\liblega-c.a(fputc.o)
 .mdebug.abi32  0x00000000a0000138        0x0 c:/program files/microchip/xc32/v3.01/bin/bin/../../lib/gcc/pic32mx/8.3.1/../../../../pic32mx/lib\liblega-c.a(fputs.o)
 .mdebug.abi32  0x00000000a0000138        0x0 c:/program files/microchip/xc32/v3.01/bin/bin/../../lib/gcc/pic32mx/8.3.1/../../../../pic32mx/lib\liblega-c.a(printf_cdnopsuxX.eo)
 .mdebug.abi32  0x00000000a0000138        0x0 c:/program files/microchip/xc32/v3.01/bin/bin/../../lib/gcc/pic32mx/8.3.1/../../../../pic32mx/lib\liblega-c.a(printf_cdnopuxX.eo)
 .mdebug.abi32  0x00000000a0000138        0x0 c:/program files/microchip/xc32/v3.01/bin/bin/../../lib/gcc/pic32mx/8.3.1/../../../../pic32mx/lib\liblega-c.a(printf_s.eo)
 .mdebug.abi32  0x00000000a0000138        0x0 c:/program files/microchip/xc32/v3.01/bin/bin/../../lib/gcc/pic32mx/8.3.1/../../../../pic32mx/lib\liblega-c.a(strlen.o)
 .mdebug.abi32  0x00000000a0000138        0x0 c:/program files/microchip/xc32/v3.01/bin/bin/../../lib/gcc/pic32mx/8.3.1/../../../../pic32mx/lib\liblega-c.a(_doprnt_cdnopsuxX.eo)
 .mdebug.abi32  0x00000000a0000138        0x0 c:/program files/microchip/xc32/v3.01/bin/bin/../../lib/gcc/pic32mx/8.3.1/../../../../pic32mx/lib\liblega-c.a(_doprnt_cdnopuxX.eo)
 .mdebug.abi32  0x00000000a0000138        0x0 c:/program files/microchip/xc32/v3.01/bin/bin/../../lib/gcc/pic32mx/8.3.1/../../../../pic32mx/lib\liblega-c.a(_doprnt_s.eo)
 .mdebug.abi32  0x00000000a0000138        0x0 c:/program files/microchip/xc32/v3.01/bin/bin/../../lib/gcc/pic32mx/8.3.1/../../../../pic32mx/lib\liblega-c.a(_iobdata.o)
 .mdebug.abi32  0x00000000a0000138        0x0 c:/program files/microchip/xc32/v3.01/bin/bin/../../lib/gcc/pic32mx/8.3.1/../../../../pic32mx/lib\liblega-c.a(_iobfuncs.o)
 .mdebug.abi32  0x00000000a0000138        0x0 c:/program files/microchip/xc32/v3.01/bin/bin/../../lib/gcc/pic32mx/8.3.1/../../../../pic32mx/lib\liblega-c.a(errno.o)
 .mdebug.abi32  0x00000000a0000138        0x0 c:/program files/microchip/xc32/v3.01/bin/bin/../../lib/gcc/pic32mx/8.3.1\libgcc.a(_udivdi3.o)
 .mdebug.abi32  0x00000000a0000138        0x0 c:/program files/microchip/xc32/v3.01/bin/bin/../../lib/gcc/pic32mx/8.3.1\libgcc.a(_umoddi3.o)
 .mdebug.abi32  0x00000000a0000138        0x0 c:/program files/microchip/xc32/v3.01/bin/bin/../../lib/gcc/pic32mx/8.3.1/../../../../pic32mx/lib\libpic32.a(_mon_write.o)

.mdebug.abiN32
 *(.mdebug.abiN32)

.mdebug.abi64
 *(.mdebug.abi64)

.mdebug.abiO64
 *(.mdebug.abiO64)

.mdebug.eabi32
 *(.mdebug.eabi32)

.mdebug.eabi64
 *(.mdebug.eabi64)

.gcc_compiled_long32
 *(.gcc_compiled_long32)

.gcc_compiled_long64
 *(.gcc_compiled_long64)

.stab
 *(.stab)

.stabstr
 *(.stabstr)

.stab.excl
 *(.stab.excl)

.stab.exclstr
 *(.stab.exclstr)

.stab.index
 *(.stab.index)

.stab.indexstr
 *(.stab.indexstr)

.comment        0x0000000000000000      0x2da
 *(.comment)
 .comment       0x0000000000000000       0x53 build/default/production/_ext/1548841071/ES_CheckEvents.o
                                         0x54 (size before relaxing)
 .comment       0x0000000000000053       0x54 build/default/production/_ext/1548841071/ES_Framework.o
 .comment       0x0000000000000053       0x54 build/default/production/_ext/1548841071/ES_KeyboardInput.o
 .comment       0x0000000000000053       0x54 build/default/production/_ext/1548841071/ES_Main.o
 .comment       0x0000000000000053       0x54 build/default/production/_ext/1548841071/ES_PostList.o
 .comment       0x0000000000000053       0x54 build/default/production/_ext/1548841071/ES_Queue.o
 .comment       0x0000000000000053       0x54 build/default/production/_ext/1548841071/ES_TattleTale.o
 .comment       0x0000000000000053       0x54 build/default/production/_ext/1548841071/ES_Timers.o
 .comment       0x0000000000000053       0x54 build/default/production/_ext/1548841071/Zone1SubHSM.o
 .comment       0x0000000000000053       0x54 build/default/production/_ext/1548841071/ShootingSubHSM.o
 .comment       0x0000000000000053       0x54 build/default/production/_ext/1548841071/Zone23SubHSM.o
 .comment       0x0000000000000053       0x54 build/default/production/_ext/1548841071/ZoneLoadingSubHSM.o
 .comment       0x0000000000000053       0x54 build/default/production/_ext/1548841071/TopHSM.o
 .comment       0x0000000000000053       0x54 build/default/production/_ext/1548841071/ReturningHSM.o
 .comment       0x0000000000000053       0x54 build/default/production/_ext/1548841071/LoadingSubHSM.o
 .comment       0x0000000000000053       0x54 build/default/production/_ext/1548841071/Service_Bumper.o
 .comment       0x0000000000000053       0x54 build/default/production/_ext/1548841071/Service_PingSensor.o
 .comment       0x0000000000000053       0x54 build/default/production/_ext/1548841071/Service_PeakDetector.o
 .comment       0x0000000000000053       0x54 build/default/production/_ext/1548841071/AD.o
 .comment       0x0000000000000053       0x54 build/default/production/_ext/1548841071/BOARD.o
 .comment       0x0000000000000053       0x54 build/default/production/_ext/1548841071/IO_Ports.o
 .comment       0x0000000000000053       0x54 build/default/production/_ext/1548841071/pwm.o
 .comment       0x0000000000000053       0x54 build/default/production/_ext/1548841071/serial.o
 .comment       0x0000000000000053       0x54 build/default/production/_ext/1548841071/robot.o
 .comment       0x0000000000000053       0x54 build/default/production/_ext/1548841071/EventChecker.o
 .comment       0x0000000000000053       0x54 build/default/production/_ext/1548841071/timers.o
 .comment       0x0000000000000053       0x54 build/default/production/_ext/1548841071/LED.o
 .comment       0x0000000000000053       0x54 build/default/production/_ext/1548841071/Service_TapeSensor.o
 .comment       0x0000000000000053       0x54 build/default/production/_ext/1922363930/ping.o
 .comment       0x0000000000000053       0x54 c:/program files/microchip/xc32/v3.01/bin/bin/../../lib/gcc/pic32mx/8.3.1\libgcc.a(floatunsisf.o)
 .comment       0x0000000000000053       0x54 c:/program files/microchip/xc32/v3.01/bin/bin/../../lib/gcc/pic32mx/8.3.1/../../../../pic32mx/lib\libpic32.a(default-bootstrap-exception-handler.o)
 .comment       0x0000000000000053       0x54 c:/program files/microchip/xc32/v3.01/bin/bin/../../lib/gcc/pic32mx/8.3.1/../../../../pic32mx/lib\libpic32.a(default-on-reset.o)
 .comment       0x0000000000000053       0x54 c:/program files/microchip/xc32/v3.01/bin/bin/../../lib/gcc/pic32mx/8.3.1/../../../../pic32mx/lib\libpic32.a(default-on-bootstrap.o)
 .comment       0x0000000000000053       0x54 c:/program files/microchip/xc32/v3.01/bin/bin/../../lib/gcc/pic32mx/8.3.1/../../../../pic32mx/lib\libpic32.a(default-general-exception-handler.o)
 .comment       0x0000000000000053       0x54 c:/program files/microchip/xc32/v3.01/bin/bin/../../lib/gcc/pic32mx/8.3.1/../../../../pic32mx/lib\libpic32.a(defaultinterrupt.o)
 .comment       0x0000000000000053       0x50 c:/program files/microchip/xc32/v3.01/bin/bin/../../lib/gcc/pic32mx/8.3.1/../../../../pic32mx/lib\liblega-c.a(fputc.o)
                                         0xa4 (size before relaxing)
 .comment       0x00000000000000a3       0x50 c:/program files/microchip/xc32/v3.01/bin/bin/../../lib/gcc/pic32mx/8.3.1/../../../../pic32mx/lib\liblega-c.a(fputs.o)
                                         0xa4 (size before relaxing)
 .comment       0x00000000000000f3       0x51 c:/program files/microchip/xc32/v3.01/bin/bin/../../lib/gcc/pic32mx/8.3.1/../../../../pic32mx/lib\liblega-c.a(printf_cdnopsuxX.eo)
                                         0xa5 (size before relaxing)
 .comment       0x0000000000000144       0xa5 c:/program files/microchip/xc32/v3.01/bin/bin/../../lib/gcc/pic32mx/8.3.1/../../../../pic32mx/lib\liblega-c.a(printf_cdnopuxX.eo)
 .comment       0x0000000000000144       0xa5 c:/program files/microchip/xc32/v3.01/bin/bin/../../lib/gcc/pic32mx/8.3.1/../../../../pic32mx/lib\liblega-c.a(printf_s.eo)
 .comment       0x0000000000000144       0x4f c:/program files/microchip/xc32/v3.01/bin/bin/../../lib/gcc/pic32mx/8.3.1/../../../../pic32mx/lib\liblega-c.a(strlen.o)
                                         0xa3 (size before relaxing)
 .comment       0x0000000000000193       0x52 c:/program files/microchip/xc32/v3.01/bin/bin/../../lib/gcc/pic32mx/8.3.1/../../../../pic32mx/lib\liblega-c.a(_doprnt_cdnopsuxX.eo)
                                         0xa6 (size before relaxing)
 .comment       0x00000000000001e5       0xa6 c:/program files/microchip/xc32/v3.01/bin/bin/../../lib/gcc/pic32mx/8.3.1/../../../../pic32mx/lib\liblega-c.a(_doprnt_cdnopuxX.eo)
 .comment       0x00000000000001e5       0xa6 c:/program files/microchip/xc32/v3.01/bin/bin/../../lib/gcc/pic32mx/8.3.1/../../../../pic32mx/lib\liblega-c.a(_doprnt_s.eo)
 .comment       0x00000000000001e5       0x53 c:/program files/microchip/xc32/v3.01/bin/bin/../../lib/gcc/pic32mx/8.3.1/../../../../pic32mx/lib\liblega-c.a(_iobdata.o)
                                         0xa7 (size before relaxing)
 .comment       0x0000000000000238       0x54 c:/program files/microchip/xc32/v3.01/bin/bin/../../lib/gcc/pic32mx/8.3.1/../../../../pic32mx/lib\liblega-c.a(_iobfuncs.o)
                                         0xa8 (size before relaxing)
 .comment       0x000000000000028c       0x4e c:/program files/microchip/xc32/v3.01/bin/bin/../../lib/gcc/pic32mx/8.3.1/../../../../pic32mx/lib\liblega-c.a(errno.o)
                                         0xa2 (size before relaxing)
 .comment       0x00000000000002da       0x54 c:/program files/microchip/xc32/v3.01/bin/bin/../../lib/gcc/pic32mx/8.3.1\libgcc.a(_udivdi3.o)
 .comment       0x00000000000002da       0x54 c:/program files/microchip/xc32/v3.01/bin/bin/../../lib/gcc/pic32mx/8.3.1\libgcc.a(_umoddi3.o)
 .comment       0x00000000000002da       0x54 c:/program files/microchip/xc32/v3.01/bin/bin/../../lib/gcc/pic32mx/8.3.1/../../../../pic32mx/lib\libpic32.a(_mon_write.o)

.debug
 *(.debug)

.line
 *(.line)

.debug_srcinfo
 *(.debug_srcinfo)

.debug_sfnames
 *(.debug_sfnames)

.debug_aranges  0x0000000000000000      0x4b8
 *(.debug_aranges)
 .debug_aranges
                0x0000000000000000       0x20 build/default/production/_ext/1548841071/ES_CheckEvents.o
 .debug_aranges
                0x0000000000000020       0x20 build/default/production/_ext/1548841071/ES_Framework.o
 .debug_aranges
                0x0000000000000040       0x20 build/default/production/_ext/1548841071/ES_KeyboardInput.o
 .debug_aranges
                0x0000000000000060       0x20 build/default/production/_ext/1548841071/ES_Main.o
 .debug_aranges
                0x0000000000000080       0x18 build/default/production/_ext/1548841071/ES_PostList.o
 .debug_aranges
                0x0000000000000098       0x20 build/default/production/_ext/1548841071/ES_Queue.o
 .debug_aranges
                0x00000000000000b8       0x20 build/default/production/_ext/1548841071/ES_TattleTale.o
 .debug_aranges
                0x00000000000000d8       0x20 build/default/production/_ext/1548841071/ES_Timers.o
 .debug_aranges
                0x00000000000000f8       0x20 build/default/production/_ext/1548841071/Zone1SubHSM.o
 .debug_aranges
                0x0000000000000118       0x20 build/default/production/_ext/1548841071/ShootingSubHSM.o
 .debug_aranges
                0x0000000000000138       0x20 build/default/production/_ext/1548841071/Zone23SubHSM.o
 .debug_aranges
                0x0000000000000158       0x20 build/default/production/_ext/1548841071/ZoneLoadingSubHSM.o
 .debug_aranges
                0x0000000000000178       0x20 build/default/production/_ext/1548841071/TopHSM.o
 .debug_aranges
                0x0000000000000198       0x20 build/default/production/_ext/1548841071/ReturningHSM.o
 .debug_aranges
                0x00000000000001b8       0x20 build/default/production/_ext/1548841071/LoadingSubHSM.o
 .debug_aranges
                0x00000000000001d8       0x20 build/default/production/_ext/1548841071/Service_Bumper.o
 .debug_aranges
                0x00000000000001f8       0x20 build/default/production/_ext/1548841071/Service_PingSensor.o
 .debug_aranges
                0x0000000000000218       0x20 build/default/production/_ext/1548841071/Service_PeakDetector.o
 .debug_aranges
                0x0000000000000238       0x20 build/default/production/_ext/1548841071/AD.o
 .debug_aranges
                0x0000000000000258       0x20 build/default/production/_ext/1548841071/BOARD.o
 .debug_aranges
                0x0000000000000278       0x20 build/default/production/_ext/1548841071/IO_Ports.o
 .debug_aranges
                0x0000000000000298       0x20 build/default/production/_ext/1548841071/pwm.o
 .debug_aranges
                0x00000000000002b8       0x20 build/default/production/_ext/1548841071/serial.o
 .debug_aranges
                0x00000000000002d8       0x20 build/default/production/_ext/1548841071/robot.o
 .debug_aranges
                0x00000000000002f8       0x20 build/default/production/_ext/1548841071/EventChecker.o
 .debug_aranges
                0x0000000000000318       0x20 build/default/production/_ext/1548841071/timers.o
 .debug_aranges
                0x0000000000000338       0x20 build/default/production/_ext/1548841071/LED.o
 .debug_aranges
                0x0000000000000358       0x20 build/default/production/_ext/1548841071/Service_TapeSensor.o
 .debug_aranges
                0x0000000000000378       0x20 build/default/production/_ext/1922363930/ping.o
 .debug_aranges
                0x0000000000000398       0x20 c:/program files/microchip/xc32/v3.01/bin/bin/../../lib/gcc/pic32mx/8.3.1\libgcc.a(floatunsisf.o)
 .debug_aranges
                0x00000000000003b8       0x20 c:/program files/microchip/xc32/v3.01/bin/bin/../../lib/gcc/pic32mx/8.3.1/../../../../pic32mx/lib\libpic32.a(default-bootstrap-exception-handler.o)
 .debug_aranges
                0x00000000000003d8       0x20 c:/program files/microchip/xc32/v3.01/bin/bin/../../lib/gcc/pic32mx/8.3.1/../../../../pic32mx/lib\libpic32.a(default-on-reset.o)
 .debug_aranges
                0x00000000000003f8       0x20 c:/program files/microchip/xc32/v3.01/bin/bin/../../lib/gcc/pic32mx/8.3.1/../../../../pic32mx/lib\libpic32.a(default-on-bootstrap.o)
 .debug_aranges
                0x0000000000000418       0x20 c:/program files/microchip/xc32/v3.01/bin/bin/../../lib/gcc/pic32mx/8.3.1/../../../../pic32mx/lib\libpic32.a(default-general-exception-handler.o)
 .debug_aranges
                0x0000000000000438       0x20 c:/program files/microchip/xc32/v3.01/bin/bin/../../lib/gcc/pic32mx/8.3.1/../../../../pic32mx/lib\libpic32.a(defaultinterrupt.o)
 .debug_aranges
                0x0000000000000458       0x20 c:/program files/microchip/xc32/v3.01/bin/bin/../../lib/gcc/pic32mx/8.3.1\libgcc.a(_udivdi3.o)
 .debug_aranges
                0x0000000000000478       0x20 c:/program files/microchip/xc32/v3.01/bin/bin/../../lib/gcc/pic32mx/8.3.1\libgcc.a(_umoddi3.o)
 .debug_aranges
                0x0000000000000498       0x20 c:/program files/microchip/xc32/v3.01/bin/bin/../../lib/gcc/pic32mx/8.3.1/../../../../pic32mx/lib\libpic32.a(_mon_write.o)

.debug_pubnames
 *(.debug_pubnames)

.debug_info     0x0000000000000000    0x90421
 *(.debug_info .gnu.linkonce.wi.*)
 .debug_info    0x0000000000000000      0x144 build/default/production/_ext/1548841071/ES_CheckEvents.o
 .debug_info    0x0000000000000144      0x82a build/default/production/_ext/1548841071/ES_Framework.o
 .debug_info    0x000000000000096e      0x5bc build/default/production/_ext/1548841071/ES_KeyboardInput.o
 .debug_info    0x0000000000000f2a     0xaa28 build/default/production/_ext/1548841071/ES_Main.o
 .debug_info    0x000000000000b952       0x8a build/default/production/_ext/1548841071/ES_PostList.o
 .debug_info    0x000000000000b9dc      0x37c build/default/production/_ext/1548841071/ES_Queue.o
 .debug_info    0x000000000000bd58     0xac4d build/default/production/_ext/1548841071/ES_TattleTale.o
 .debug_info    0x00000000000169a5     0xaa9f build/default/production/_ext/1548841071/ES_Timers.o
 .debug_info    0x0000000000021444      0x35f build/default/production/_ext/1548841071/Zone1SubHSM.o
 .debug_info    0x00000000000217a3      0x353 build/default/production/_ext/1548841071/ShootingSubHSM.o
 .debug_info    0x0000000000021af6      0x35f build/default/production/_ext/1548841071/Zone23SubHSM.o
 .debug_info    0x0000000000021e55      0x35f build/default/production/_ext/1548841071/ZoneLoadingSubHSM.o
 .debug_info    0x00000000000221b4      0x632 build/default/production/_ext/1548841071/TopHSM.o
 .debug_info    0x00000000000227e6      0x353 build/default/production/_ext/1548841071/ReturningHSM.o
 .debug_info    0x0000000000022b39      0x36b build/default/production/_ext/1548841071/LoadingSubHSM.o
 .debug_info    0x0000000000022ea4      0x5ad build/default/production/_ext/1548841071/Service_Bumper.o
 .debug_info    0x0000000000023451      0x60d build/default/production/_ext/1548841071/Service_PingSensor.o
 .debug_info    0x0000000000023a5e      0x5ad build/default/production/_ext/1548841071/Service_PeakDetector.o
 .debug_info    0x000000000002400b     0xac75 build/default/production/_ext/1548841071/AD.o
 .debug_info    0x000000000002ec80     0xa6f4 build/default/production/_ext/1548841071/BOARD.o
 .debug_info    0x0000000000039374     0xabbc build/default/production/_ext/1548841071/IO_Ports.o
 .debug_info    0x0000000000043f30     0xabc6 build/default/production/_ext/1548841071/pwm.o
 .debug_info    0x000000000004eaf6     0xa8d8 build/default/production/_ext/1548841071/serial.o
 .debug_info    0x00000000000593ce     0xab5c build/default/production/_ext/1548841071/robot.o
 .debug_info    0x0000000000063f2a     0xaf13 build/default/production/_ext/1548841071/EventChecker.o
 .debug_info    0x000000000006ee3d     0xa8a9 build/default/production/_ext/1548841071/timers.o
 .debug_info    0x00000000000796e6     0xaa67 build/default/production/_ext/1548841071/LED.o
 .debug_info    0x000000000008414d      0x5ad build/default/production/_ext/1548841071/Service_TapeSensor.o
 .debug_info    0x00000000000846fa     0xa9d0 build/default/production/_ext/1922363930/ping.o
 .debug_info    0x000000000008f0ca       0x9d c:/program files/microchip/xc32/v3.01/bin/bin/../../lib/gcc/pic32mx/8.3.1\libgcc.a(floatunsisf.o)
 .debug_info    0x000000000008f167       0x41 c:/program files/microchip/xc32/v3.01/bin/bin/../../lib/gcc/pic32mx/8.3.1/../../../../pic32mx/lib\libpic32.a(default-bootstrap-exception-handler.o)
 .debug_info    0x000000000008f1a8       0x3f c:/program files/microchip/xc32/v3.01/bin/bin/../../lib/gcc/pic32mx/8.3.1/../../../../pic32mx/lib\libpic32.a(default-on-reset.o)
 .debug_info    0x000000000008f1e7       0x3f c:/program files/microchip/xc32/v3.01/bin/bin/../../lib/gcc/pic32mx/8.3.1/../../../../pic32mx/lib\libpic32.a(default-on-bootstrap.o)
 .debug_info    0x000000000008f226       0x41 c:/program files/microchip/xc32/v3.01/bin/bin/../../lib/gcc/pic32mx/8.3.1/../../../../pic32mx/lib\libpic32.a(default-general-exception-handler.o)
 .debug_info    0x000000000008f267       0x40 c:/program files/microchip/xc32/v3.01/bin/bin/../../lib/gcc/pic32mx/8.3.1/../../../../pic32mx/lib\libpic32.a(defaultinterrupt.o)
 .debug_info    0x000000000008f2a7      0x85c c:/program files/microchip/xc32/v3.01/bin/bin/../../lib/gcc/pic32mx/8.3.1\libgcc.a(_udivdi3.o)
 .debug_info    0x000000000008fb03      0x8d4 c:/program files/microchip/xc32/v3.01/bin/bin/../../lib/gcc/pic32mx/8.3.1\libgcc.a(_umoddi3.o)
 .debug_info    0x00000000000903d7       0x4a c:/program files/microchip/xc32/v3.01/bin/bin/../../lib/gcc/pic32mx/8.3.1/../../../../pic32mx/lib\libpic32.a(_mon_write.o)

.debug_abbrev   0x0000000000000000     0x3cf3
 *(.debug_abbrev)
 .debug_abbrev  0x0000000000000000       0xc9 build/default/production/_ext/1548841071/ES_CheckEvents.o
 .debug_abbrev  0x00000000000000c9      0x21a build/default/production/_ext/1548841071/ES_Framework.o
 .debug_abbrev  0x00000000000002e3      0x1b5 build/default/production/_ext/1548841071/ES_KeyboardInput.o
 .debug_abbrev  0x0000000000000498      0x23e build/default/production/_ext/1548841071/ES_Main.o
 .debug_abbrev  0x00000000000006d6       0x59 build/default/production/_ext/1548841071/ES_PostList.o
 .debug_abbrev  0x000000000000072f      0x12c build/default/production/_ext/1548841071/ES_Queue.o
 .debug_abbrev  0x000000000000085b      0x29c build/default/production/_ext/1548841071/ES_TattleTale.o
 .debug_abbrev  0x0000000000000af7      0x2a7 build/default/production/_ext/1548841071/ES_Timers.o
 .debug_abbrev  0x0000000000000d9e      0x12f build/default/production/_ext/1548841071/Zone1SubHSM.o
 .debug_abbrev  0x0000000000000ecd      0x12f build/default/production/_ext/1548841071/ShootingSubHSM.o
 .debug_abbrev  0x0000000000000ffc      0x12f build/default/production/_ext/1548841071/Zone23SubHSM.o
 .debug_abbrev  0x000000000000112b      0x12f build/default/production/_ext/1548841071/ZoneLoadingSubHSM.o
 .debug_abbrev  0x000000000000125a      0x18a build/default/production/_ext/1548841071/TopHSM.o
 .debug_abbrev  0x00000000000013e4      0x12f build/default/production/_ext/1548841071/ReturningHSM.o
 .debug_abbrev  0x0000000000001513      0x12f build/default/production/_ext/1548841071/LoadingSubHSM.o
 .debug_abbrev  0x0000000000001642      0x19d build/default/production/_ext/1548841071/Service_Bumper.o
 .debug_abbrev  0x00000000000017df      0x18e build/default/production/_ext/1548841071/Service_PingSensor.o
 .debug_abbrev  0x000000000000196d      0x19d build/default/production/_ext/1548841071/Service_PeakDetector.o
 .debug_abbrev  0x0000000000001b0a      0x30b build/default/production/_ext/1548841071/AD.o
 .debug_abbrev  0x0000000000001e15      0x1d2 build/default/production/_ext/1548841071/BOARD.o
 .debug_abbrev  0x0000000000001fe7      0x262 build/default/production/_ext/1548841071/IO_Ports.o
 .debug_abbrev  0x0000000000002249      0x2da build/default/production/_ext/1548841071/pwm.o
 .debug_abbrev  0x0000000000002523      0x2ae build/default/production/_ext/1548841071/serial.o
 .debug_abbrev  0x00000000000027d1      0x32c build/default/production/_ext/1548841071/robot.o
 .debug_abbrev  0x0000000000002afd      0x3c1 build/default/production/_ext/1548841071/EventChecker.o
 .debug_abbrev  0x0000000000002ebe      0x21b build/default/production/_ext/1548841071/timers.o
 .debug_abbrev  0x00000000000030d9      0x29e build/default/production/_ext/1548841071/LED.o
 .debug_abbrev  0x0000000000003377      0x19d build/default/production/_ext/1548841071/Service_TapeSensor.o
 .debug_abbrev  0x0000000000003514      0x276 build/default/production/_ext/1922363930/ping.o
 .debug_abbrev  0x000000000000378a       0x7d c:/program files/microchip/xc32/v3.01/bin/bin/../../lib/gcc/pic32mx/8.3.1\libgcc.a(floatunsisf.o)
 .debug_abbrev  0x0000000000003807       0x31 c:/program files/microchip/xc32/v3.01/bin/bin/../../lib/gcc/pic32mx/8.3.1/../../../../pic32mx/lib\libpic32.a(default-bootstrap-exception-handler.o)
 .debug_abbrev  0x0000000000003838       0x2e c:/program files/microchip/xc32/v3.01/bin/bin/../../lib/gcc/pic32mx/8.3.1/../../../../pic32mx/lib\libpic32.a(default-on-reset.o)
 .debug_abbrev  0x0000000000003866       0x2e c:/program files/microchip/xc32/v3.01/bin/bin/../../lib/gcc/pic32mx/8.3.1/../../../../pic32mx/lib\libpic32.a(default-on-bootstrap.o)
 .debug_abbrev  0x0000000000003894       0x31 c:/program files/microchip/xc32/v3.01/bin/bin/../../lib/gcc/pic32mx/8.3.1/../../../../pic32mx/lib\libpic32.a(default-general-exception-handler.o)
 .debug_abbrev  0x00000000000038c5       0x31 c:/program files/microchip/xc32/v3.01/bin/bin/../../lib/gcc/pic32mx/8.3.1/../../../../pic32mx/lib\libpic32.a(defaultinterrupt.o)
 .debug_abbrev  0x00000000000038f6      0x1d8 c:/program files/microchip/xc32/v3.01/bin/bin/../../lib/gcc/pic32mx/8.3.1\libgcc.a(_udivdi3.o)
 .debug_abbrev  0x0000000000003ace      0x1ee c:/program files/microchip/xc32/v3.01/bin/bin/../../lib/gcc/pic32mx/8.3.1\libgcc.a(_umoddi3.o)
 .debug_abbrev  0x0000000000003cbc       0x37 c:/program files/microchip/xc32/v3.01/bin/bin/../../lib/gcc/pic32mx/8.3.1/../../../../pic32mx/lib\libpic32.a(_mon_write.o)

.debug_line     0x0000000000000000     0x618a
 *(.debug_line)
 .debug_line    0x0000000000000000      0x1b8 build/default/production/_ext/1548841071/ES_CheckEvents.o
 .debug_line    0x00000000000001b8      0x306 build/default/production/_ext/1548841071/ES_Framework.o
 .debug_line    0x00000000000004be      0x222 build/default/production/_ext/1548841071/ES_KeyboardInput.o
 .debug_line    0x00000000000006e0      0x2c2 build/default/production/_ext/1548841071/ES_Main.o
 .debug_line    0x00000000000009a2       0x7d build/default/production/_ext/1548841071/ES_PostList.o
 .debug_line    0x0000000000000a1f      0x253 build/default/production/_ext/1548841071/ES_Queue.o
 .debug_line    0x0000000000000c72      0x396 build/default/production/_ext/1548841071/ES_TattleTale.o
 .debug_line    0x0000000000001008      0x398 build/default/production/_ext/1548841071/ES_Timers.o
 .debug_line    0x00000000000013a0      0x22d build/default/production/_ext/1548841071/Zone1SubHSM.o
 .debug_line    0x00000000000015cd      0x22e build/default/production/_ext/1548841071/ShootingSubHSM.o
 .debug_line    0x00000000000017fb      0x28b build/default/production/_ext/1548841071/Zone23SubHSM.o
 .debug_line    0x0000000000001a86      0x290 build/default/production/_ext/1548841071/ZoneLoadingSubHSM.o
 .debug_line    0x0000000000001d16      0x30d build/default/production/_ext/1548841071/TopHSM.o
 .debug_line    0x0000000000002023      0x22e build/default/production/_ext/1548841071/ReturningHSM.o
 .debug_line    0x0000000000002251      0x261 build/default/production/_ext/1548841071/LoadingSubHSM.o
 .debug_line    0x00000000000024b2      0x235 build/default/production/_ext/1548841071/Service_Bumper.o
 .debug_line    0x00000000000026e7      0x2b4 build/default/production/_ext/1548841071/Service_PingSensor.o
 .debug_line    0x000000000000299b      0x23e build/default/production/_ext/1548841071/Service_PeakDetector.o
 .debug_line    0x0000000000002bd9      0x4b7 build/default/production/_ext/1548841071/AD.o
 .debug_line    0x0000000000003090      0x1e1 build/default/production/_ext/1548841071/BOARD.o
 .debug_line    0x0000000000003271      0x3fd build/default/production/_ext/1548841071/IO_Ports.o
 .debug_line    0x000000000000366e      0x427 build/default/production/_ext/1548841071/pwm.o
 .debug_line    0x0000000000003a95      0x359 build/default/production/_ext/1548841071/serial.o
 .debug_line    0x0000000000003dee      0x34c build/default/production/_ext/1548841071/robot.o
 .debug_line    0x000000000000413a      0x424 build/default/production/_ext/1548841071/EventChecker.o
 .debug_line    0x000000000000455e      0x2e0 build/default/production/_ext/1548841071/timers.o
 .debug_line    0x000000000000483e      0x626 build/default/production/_ext/1548841071/LED.o
 .debug_line    0x0000000000004e64      0x239 build/default/production/_ext/1548841071/Service_TapeSensor.o
 .debug_line    0x000000000000509d      0x26f build/default/production/_ext/1922363930/ping.o
 .debug_line    0x000000000000530c       0xba c:/program files/microchip/xc32/v3.01/bin/bin/../../lib/gcc/pic32mx/8.3.1\libgcc.a(floatunsisf.o)
 .debug_line    0x00000000000053c6       0xca c:/program files/microchip/xc32/v3.01/bin/bin/../../lib/gcc/pic32mx/8.3.1/../../../../pic32mx/lib\libpic32.a(default-bootstrap-exception-handler.o)
 .debug_line    0x0000000000005490       0xa6 c:/program files/microchip/xc32/v3.01/bin/bin/../../lib/gcc/pic32mx/8.3.1/../../../../pic32mx/lib\libpic32.a(default-on-reset.o)
 .debug_line    0x0000000000005536       0xaa c:/program files/microchip/xc32/v3.01/bin/bin/../../lib/gcc/pic32mx/8.3.1/../../../../pic32mx/lib\libpic32.a(default-on-bootstrap.o)
 .debug_line    0x00000000000055e0       0xc8 c:/program files/microchip/xc32/v3.01/bin/bin/../../lib/gcc/pic32mx/8.3.1/../../../../pic32mx/lib\libpic32.a(default-general-exception-handler.o)
 .debug_line    0x00000000000056a8       0xc9 c:/program files/microchip/xc32/v3.01/bin/bin/../../lib/gcc/pic32mx/8.3.1/../../../../pic32mx/lib\libpic32.a(defaultinterrupt.o)
 .debug_line    0x0000000000005771      0x490 c:/program files/microchip/xc32/v3.01/bin/bin/../../lib/gcc/pic32mx/8.3.1\libgcc.a(_udivdi3.o)
 .debug_line    0x0000000000005c01      0x4d9 c:/program files/microchip/xc32/v3.01/bin/bin/../../lib/gcc/pic32mx/8.3.1\libgcc.a(_umoddi3.o)
 .debug_line    0x00000000000060da       0xb0 c:/program files/microchip/xc32/v3.01/bin/bin/../../lib/gcc/pic32mx/8.3.1/../../../../pic32mx/lib\libpic32.a(_mon_write.o)

.debug_frame    0x0000000000000000     0x17d0
 *(.debug_frame)
 .debug_frame   0x0000000000000000       0x30 build/default/production/_ext/1548841071/ES_CheckEvents.o
 .debug_frame   0x0000000000000030       0xc0 build/default/production/_ext/1548841071/ES_Framework.o
 .debug_frame   0x00000000000000f0       0x98 build/default/production/_ext/1548841071/ES_KeyboardInput.o
 .debug_frame   0x0000000000000188       0x2c build/default/production/_ext/1548841071/ES_Main.o
 .debug_frame   0x00000000000001b4       0x90 build/default/production/_ext/1548841071/ES_Queue.o
 .debug_frame   0x0000000000000244       0x7c build/default/production/_ext/1548841071/ES_TattleTale.o
 .debug_frame   0x00000000000002c0      0x14c build/default/production/_ext/1548841071/ES_Timers.o
 .debug_frame   0x000000000000040c       0x58 build/default/production/_ext/1548841071/Zone1SubHSM.o
 .debug_frame   0x0000000000000464       0x58 build/default/production/_ext/1548841071/ShootingSubHSM.o
 .debug_frame   0x00000000000004bc       0x58 build/default/production/_ext/1548841071/Zone23SubHSM.o
 .debug_frame   0x0000000000000514       0x58 build/default/production/_ext/1548841071/ZoneLoadingSubHSM.o
 .debug_frame   0x000000000000056c       0x7c build/default/production/_ext/1548841071/TopHSM.o
 .debug_frame   0x00000000000005e8       0x58 build/default/production/_ext/1548841071/ReturningHSM.o
 .debug_frame   0x0000000000000640       0x58 build/default/production/_ext/1548841071/LoadingSubHSM.o
 .debug_frame   0x0000000000000698       0x7c build/default/production/_ext/1548841071/Service_Bumper.o
 .debug_frame   0x0000000000000714       0x7c build/default/production/_ext/1548841071/Service_PingSensor.o
 .debug_frame   0x0000000000000790       0x7c build/default/production/_ext/1548841071/Service_PeakDetector.o
 .debug_frame   0x000000000000080c      0x190 build/default/production/_ext/1548841071/AD.o
 .debug_frame   0x000000000000099c       0x74 build/default/production/_ext/1548841071/BOARD.o
 .debug_frame   0x0000000000000a10      0x200 build/default/production/_ext/1548841071/IO_Ports.o
 .debug_frame   0x0000000000000c10      0x148 build/default/production/_ext/1548841071/pwm.o
 .debug_frame   0x0000000000000d58      0x15c build/default/production/_ext/1548841071/serial.o
 .debug_frame   0x0000000000000eb4      0x228 build/default/production/_ext/1548841071/robot.o
 .debug_frame   0x00000000000010dc      0x120 build/default/production/_ext/1548841071/EventChecker.o
 .debug_frame   0x00000000000011fc      0x174 build/default/production/_ext/1548841071/timers.o
 .debug_frame   0x0000000000001370      0x170 build/default/production/_ext/1548841071/LED.o
 .debug_frame   0x00000000000014e0       0x7c build/default/production/_ext/1548841071/Service_TapeSensor.o
 .debug_frame   0x000000000000155c      0x118 build/default/production/_ext/1922363930/ping.o
 .debug_frame   0x0000000000001674       0x2c c:/program files/microchip/xc32/v3.01/bin/bin/../../lib/gcc/pic32mx/8.3.1\libgcc.a(floatunsisf.o)
 .debug_frame   0x00000000000016a0       0x2c c:/program files/microchip/xc32/v3.01/bin/bin/../../lib/gcc/pic32mx/8.3.1/../../../../pic32mx/lib\libpic32.a(default-bootstrap-exception-handler.o)
 .debug_frame   0x00000000000016cc       0x20 c:/program files/microchip/xc32/v3.01/bin/bin/../../lib/gcc/pic32mx/8.3.1/../../../../pic32mx/lib\libpic32.a(default-on-reset.o)
 .debug_frame   0x00000000000016ec       0x20 c:/program files/microchip/xc32/v3.01/bin/bin/../../lib/gcc/pic32mx/8.3.1/../../../../pic32mx/lib\libpic32.a(default-on-bootstrap.o)
 .debug_frame   0x000000000000170c       0x2c c:/program files/microchip/xc32/v3.01/bin/bin/../../lib/gcc/pic32mx/8.3.1/../../../../pic32mx/lib\libpic32.a(default-general-exception-handler.o)
 .debug_frame   0x0000000000001738       0x20 c:/program files/microchip/xc32/v3.01/bin/bin/../../lib/gcc/pic32mx/8.3.1/../../../../pic32mx/lib\libpic32.a(defaultinterrupt.o)
 .debug_frame   0x0000000000001758       0x20 c:/program files/microchip/xc32/v3.01/bin/bin/../../lib/gcc/pic32mx/8.3.1\libgcc.a(_udivdi3.o)
 .debug_frame   0x0000000000001778       0x20 c:/program files/microchip/xc32/v3.01/bin/bin/../../lib/gcc/pic32mx/8.3.1\libgcc.a(_umoddi3.o)
 .debug_frame   0x0000000000001798       0x38 c:/program files/microchip/xc32/v3.01/bin/bin/../../lib/gcc/pic32mx/8.3.1/../../../../pic32mx/lib\libpic32.a(_mon_write.o)

.debug_str      0x0000000000000000    0x381a9
 *(.debug_str)
 .debug_str     0x0000000000000000      0x393 build/default/production/_ext/1548841071/ES_CheckEvents.o
 .debug_str     0x0000000000000393      0x874 build/default/production/_ext/1548841071/ES_Framework.o
 .debug_str     0x0000000000000c07      0x757 build/default/production/_ext/1548841071/ES_KeyboardInput.o
 .debug_str     0x000000000000135e     0x39dc build/default/production/_ext/1548841071/ES_Main.o
 .debug_str     0x0000000000004d3a      0x31a build/default/production/_ext/1548841071/ES_PostList.o
 .debug_str     0x0000000000005054      0x615 build/default/production/_ext/1548841071/ES_Queue.o
 .debug_str     0x0000000000005669     0x3c67 build/default/production/_ext/1548841071/ES_TattleTale.o
 .debug_str     0x00000000000092d0     0x3b88 build/default/production/_ext/1548841071/ES_Timers.o
 .debug_str     0x000000000000ce58      0x66d build/default/production/_ext/1548841071/Zone1SubHSM.o
 .debug_str     0x000000000000d4c5      0x655 build/default/production/_ext/1548841071/ShootingSubHSM.o
 .debug_str     0x000000000000db1a      0x671 build/default/production/_ext/1548841071/Zone23SubHSM.o
 .debug_str     0x000000000000e18b      0x68b build/default/production/_ext/1548841071/ZoneLoadingSubHSM.o
 .debug_str     0x000000000000e816      0x7b9 build/default/production/_ext/1548841071/TopHSM.o
 .debug_str     0x000000000000efcf      0x656 build/default/production/_ext/1548841071/ReturningHSM.o
 .debug_str     0x000000000000f625      0x672 build/default/production/_ext/1548841071/LoadingSubHSM.o
 .debug_str     0x000000000000fc97      0x74c build/default/production/_ext/1548841071/Service_Bumper.o
 .debug_str     0x00000000000103e3      0x7c6 build/default/production/_ext/1548841071/Service_PingSensor.o
 .debug_str     0x0000000000010ba9      0x764 build/default/production/_ext/1548841071/Service_PeakDetector.o
 .debug_str     0x000000000001130d     0x3ad9 build/default/production/_ext/1548841071/AD.o
 .debug_str     0x0000000000014de6     0x3824 build/default/production/_ext/1548841071/BOARD.o
 .debug_str     0x000000000001860a     0x39f8 build/default/production/_ext/1548841071/IO_Ports.o
 .debug_str     0x000000000001c002     0x3a73 build/default/production/_ext/1548841071/pwm.o
 .debug_str     0x000000000001fa75     0x3932 build/default/production/_ext/1548841071/serial.o
 .debug_str     0x00000000000233a7     0x3a7a build/default/production/_ext/1548841071/robot.o
 .debug_str     0x0000000000026e21     0x3dbc build/default/production/_ext/1548841071/EventChecker.o
 .debug_str     0x000000000002abdd     0x3904 build/default/production/_ext/1548841071/timers.o
 .debug_str     0x000000000002e4e1     0x3946 build/default/production/_ext/1548841071/LED.o
 .debug_str     0x0000000000031e27      0x75c build/default/production/_ext/1548841071/Service_TapeSensor.o
 .debug_str     0x0000000000032583     0x3991 build/default/production/_ext/1922363930/ping.o
 .debug_str     0x0000000000035f14      0x31c c:/program files/microchip/xc32/v3.01/bin/bin/../../lib/gcc/pic32mx/8.3.1\libgcc.a(floatunsisf.o)
 .debug_str     0x0000000000036230      0x3b3 c:/program files/microchip/xc32/v3.01/bin/bin/../../lib/gcc/pic32mx/8.3.1/../../../../pic32mx/lib\libpic32.a(default-bootstrap-exception-handler.o)
 .debug_str     0x00000000000365e3      0x38d c:/program files/microchip/xc32/v3.01/bin/bin/../../lib/gcc/pic32mx/8.3.1/../../../../pic32mx/lib\libpic32.a(default-on-reset.o)
 .debug_str     0x0000000000036970      0x395 c:/program files/microchip/xc32/v3.01/bin/bin/../../lib/gcc/pic32mx/8.3.1/../../../../pic32mx/lib\libpic32.a(default-on-bootstrap.o)
 .debug_str     0x0000000000036d05      0x3af c:/program files/microchip/xc32/v3.01/bin/bin/../../lib/gcc/pic32mx/8.3.1/../../../../pic32mx/lib\libpic32.a(default-general-exception-handler.o)
 .debug_str     0x00000000000370b4      0x3a7 c:/program files/microchip/xc32/v3.01/bin/bin/../../lib/gcc/pic32mx/8.3.1/../../../../pic32mx/lib\libpic32.a(defaultinterrupt.o)
 .debug_str     0x000000000003745b      0x4e3 c:/program files/microchip/xc32/v3.01/bin/bin/../../lib/gcc/pic32mx/8.3.1\libgcc.a(_udivdi3.o)
 .debug_str     0x000000000003793e      0x4e3 c:/program files/microchip/xc32/v3.01/bin/bin/../../lib/gcc/pic32mx/8.3.1\libgcc.a(_umoddi3.o)
 .debug_str     0x0000000000037e21      0x388 c:/program files/microchip/xc32/v3.01/bin/bin/../../lib/gcc/pic32mx/8.3.1/../../../../pic32mx/lib\libpic32.a(_mon_write.o)

.debug_loc      0x0000000000000000     0x15cc
 *(.debug_loc)
 .debug_loc     0x0000000000000000       0x84 c:/program files/microchip/xc32/v3.01/bin/bin/../../lib/gcc/pic32mx/8.3.1\libgcc.a(floatunsisf.o)
 .debug_loc     0x0000000000000084       0x2c c:/program files/microchip/xc32/v3.01/bin/bin/../../lib/gcc/pic32mx/8.3.1/../../../../pic32mx/lib\libpic32.a(default-bootstrap-exception-handler.o)
 .debug_loc     0x00000000000000b0       0x2c c:/program files/microchip/xc32/v3.01/bin/bin/../../lib/gcc/pic32mx/8.3.1/../../../../pic32mx/lib\libpic32.a(default-general-exception-handler.o)
 .debug_loc     0x00000000000000dc      0xb5b c:/program files/microchip/xc32/v3.01/bin/bin/../../lib/gcc/pic32mx/8.3.1\libgcc.a(_udivdi3.o)
 .debug_loc     0x0000000000000c37      0x969 c:/program files/microchip/xc32/v3.01/bin/bin/../../lib/gcc/pic32mx/8.3.1\libgcc.a(_umoddi3.o)
 .debug_loc     0x00000000000015a0       0x2c c:/program files/microchip/xc32/v3.01/bin/bin/../../lib/gcc/pic32mx/8.3.1/../../../../pic32mx/lib\libpic32.a(_mon_write.o)

.debug_macinfo
 *(.debug_macinfo)

.debug_weaknames
 *(.debug_weaknames)

.debug_funcnames
 *(.debug_funcnames)

.debug_typenames
 *(.debug_typenames)

.debug_varnames
 *(.debug_varnames)

.debug_pubtypes
 *(.debug_pubtypes)

.debug_ranges   0x0000000000000000      0x1d0
 *(.debug_ranges)
 .debug_ranges  0x0000000000000000       0x10 c:/program files/microchip/xc32/v3.01/bin/bin/../../lib/gcc/pic32mx/8.3.1/../../../../pic32mx/lib\libpic32.a(default-bootstrap-exception-handler.o)
 .debug_ranges  0x0000000000000010       0x10 c:/program files/microchip/xc32/v3.01/bin/bin/../../lib/gcc/pic32mx/8.3.1/../../../../pic32mx/lib\libpic32.a(default-on-reset.o)
 .debug_ranges  0x0000000000000020       0x10 c:/program files/microchip/xc32/v3.01/bin/bin/../../lib/gcc/pic32mx/8.3.1/../../../../pic32mx/lib\libpic32.a(default-on-bootstrap.o)
 .debug_ranges  0x0000000000000030       0x10 c:/program files/microchip/xc32/v3.01/bin/bin/../../lib/gcc/pic32mx/8.3.1/../../../../pic32mx/lib\libpic32.a(default-general-exception-handler.o)
 .debug_ranges  0x0000000000000040       0x10 c:/program files/microchip/xc32/v3.01/bin/bin/../../lib/gcc/pic32mx/8.3.1/../../../../pic32mx/lib\libpic32.a(defaultinterrupt.o)
 .debug_ranges  0x0000000000000050       0xd0 c:/program files/microchip/xc32/v3.01/bin/bin/../../lib/gcc/pic32mx/8.3.1\libgcc.a(_udivdi3.o)
 .debug_ranges  0x0000000000000120       0xa0 c:/program files/microchip/xc32/v3.01/bin/bin/../../lib/gcc/pic32mx/8.3.1\libgcc.a(_umoddi3.o)
 .debug_ranges  0x00000000000001c0       0x10 c:/program files/microchip/xc32/v3.01/bin/bin/../../lib/gcc/pic32mx/8.3.1/../../../../pic32mx/lib\libpic32.a(_mon_write.o)

.gnu.attributes
                0x0000000000000000       0x10
 *(.gnu.attributes)
 .gnu.attributes
                0x0000000000000000       0x10 c:/program files/microchip/xc32/v3.01/bin/bin/../../lib/gcc/pic32mx/8.3.1/../../../../pic32mx/lib\debug-exception-return.o
 .gnu.attributes
                0x0000000000000010       0x10 build/default/production/_ext/1548841071/ES_CheckEvents.o
 .gnu.attributes
                0x0000000000000020       0x10 build/default/production/_ext/1548841071/ES_Framework.o
 .gnu.attributes
                0x0000000000000030       0x10 build/default/production/_ext/1548841071/ES_KeyboardInput.o
 .gnu.attributes
                0x0000000000000040       0x10 build/default/production/_ext/1548841071/ES_Main.o
 .gnu.attributes
                0x0000000000000050       0x10 build/default/production/_ext/1548841071/ES_PostList.o
 .gnu.attributes
                0x0000000000000060       0x10 build/default/production/_ext/1548841071/ES_Queue.o
 .gnu.attributes
                0x0000000000000070       0x10 build/default/production/_ext/1548841071/ES_TattleTale.o
 .gnu.attributes
                0x0000000000000080       0x10 build/default/production/_ext/1548841071/ES_Timers.o
 .gnu.attributes
                0x0000000000000090       0x10 build/default/production/_ext/1548841071/Zone1SubHSM.o
 .gnu.attributes
                0x00000000000000a0       0x10 build/default/production/_ext/1548841071/ShootingSubHSM.o
 .gnu.attributes
                0x00000000000000b0       0x10 build/default/production/_ext/1548841071/Zone23SubHSM.o
 .gnu.attributes
                0x00000000000000c0       0x10 build/default/production/_ext/1548841071/ZoneLoadingSubHSM.o
 .gnu.attributes
                0x00000000000000d0       0x10 build/default/production/_ext/1548841071/TopHSM.o
 .gnu.attributes
                0x00000000000000e0       0x10 build/default/production/_ext/1548841071/ReturningHSM.o
 .gnu.attributes
                0x00000000000000f0       0x10 build/default/production/_ext/1548841071/LoadingSubHSM.o
 .gnu.attributes
                0x0000000000000100       0x10 build/default/production/_ext/1548841071/Service_Bumper.o
 .gnu.attributes
                0x0000000000000110       0x10 build/default/production/_ext/1548841071/Service_PingSensor.o
 .gnu.attributes
                0x0000000000000120       0x10 build/default/production/_ext/1548841071/Service_PeakDetector.o
 .gnu.attributes
                0x0000000000000130       0x10 build/default/production/_ext/1548841071/AD.o
 .gnu.attributes
                0x0000000000000140       0x10 build/default/production/_ext/1548841071/BOARD.o
 .gnu.attributes
                0x0000000000000150       0x10 build/default/production/_ext/1548841071/IO_Ports.o
 .gnu.attributes
                0x0000000000000160       0x10 build/default/production/_ext/1548841071/pwm.o
 .gnu.attributes
                0x0000000000000170       0x10 build/default/production/_ext/1548841071/serial.o
 .gnu.attributes
                0x0000000000000180       0x10 build/default/production/_ext/1548841071/robot.o
 .gnu.attributes
                0x0000000000000190       0x10 build/default/production/_ext/1548841071/EventChecker.o
 .gnu.attributes
                0x00000000000001a0       0x10 build/default/production/_ext/1548841071/timers.o
 .gnu.attributes
                0x00000000000001b0       0x10 build/default/production/_ext/1548841071/LED.o
 .gnu.attributes
                0x00000000000001c0       0x10 build/default/production/_ext/1548841071/Service_TapeSensor.o
 .gnu.attributes
                0x00000000000001d0       0x10 build/default/production/_ext/1922363930/ping.o
 .gnu.attributes
                0x00000000000001e0       0x10 C:\Users\erikv\AppData\Local\Temp\ccrOvOKn.o
 .gnu.attributes
                0x00000000000001f0       0x10 C:\Users\erikv\AppData\Local\Temp\cc8ibMTG.o
 .gnu.attributes
                0x0000000000000200       0x10 C:\Users\erikv\AppData\Local\Temp\cclk3Fre.o
 .gnu.attributes
                0x0000000000000210       0x10 c:/program files/microchip/xc32/v3.01/bin/bin/../../lib/gcc/pic32mx/8.3.1/../../../../pic32mx/lib\pic32_software_reset.o
 .gnu.attributes
                0x0000000000000220       0x10 c:/program files/microchip/xc32/v3.01/bin/bin/../../lib/gcc/pic32mx/8.3.1\libgcc.a(floatunsisf.o)
 .gnu.attributes
                0x0000000000000230       0x10 c:/program files/microchip/xc32/v3.01/bin/bin/../../lib/gcc/pic32mx/8.3.1/../../../../pic32mx/lib\libpic32.a(default-bootstrap-exception-handler.o)
 .gnu.attributes
                0x0000000000000240       0x10 c:/program files/microchip/xc32/v3.01/bin/bin/../../lib/gcc/pic32mx/8.3.1/../../../../pic32mx/lib\libpic32.a(default-on-reset.o)
 .gnu.attributes
                0x0000000000000250       0x10 c:/program files/microchip/xc32/v3.01/bin/bin/../../lib/gcc/pic32mx/8.3.1/../../../../pic32mx/lib\libpic32.a(default-on-bootstrap.o)
 .gnu.attributes
                0x0000000000000260       0x10 c:/program files/microchip/xc32/v3.01/bin/bin/../../lib/gcc/pic32mx/8.3.1/../../../../pic32mx/lib\libpic32.a(default-nmi-handler.o)
 .gnu.attributes
                0x0000000000000270       0x10 c:/program files/microchip/xc32/v3.01/bin/bin/../../lib/gcc/pic32mx/8.3.1/../../../../pic32mx/lib\libpic32.a(pic32_data_init.o)
 .gnu.attributes
                0x0000000000000280       0x10 c:/program files/microchip/xc32/v3.01/bin/bin/../../lib/gcc/pic32mx/8.3.1/../../../../pic32mx/lib\libpic32.a(general-exception.o)
 .gnu.attributes
                0x0000000000000290       0x10 c:/program files/microchip/xc32/v3.01/bin/bin/../../lib/gcc/pic32mx/8.3.1/../../../../pic32mx/lib\libpic32.a(vector0.o)
 .gnu.attributes
                0x00000000000002a0       0x10 c:/program files/microchip/xc32/v3.01/bin/bin/../../lib/gcc/pic32mx/8.3.1/../../../../pic32mx/lib\libpic32.a(vector1.o)
 .gnu.attributes
                0x00000000000002b0       0x10 c:/program files/microchip/xc32/v3.01/bin/bin/../../lib/gcc/pic32mx/8.3.1/../../../../pic32mx/lib\libpic32.a(vector2.o)
 .gnu.attributes
                0x00000000000002c0       0x10 c:/program files/microchip/xc32/v3.01/bin/bin/../../lib/gcc/pic32mx/8.3.1/../../../../pic32mx/lib\libpic32.a(vector3.o)
 .gnu.attributes
                0x00000000000002d0       0x10 c:/program files/microchip/xc32/v3.01/bin/bin/../../lib/gcc/pic32mx/8.3.1/../../../../pic32mx/lib\libpic32.a(vector5.o)
 .gnu.attributes
                0x00000000000002e0       0x10 c:/program files/microchip/xc32/v3.01/bin/bin/../../lib/gcc/pic32mx/8.3.1/../../../../pic32mx/lib\libpic32.a(vector6.o)
 .gnu.attributes
                0x00000000000002f0       0x10 c:/program files/microchip/xc32/v3.01/bin/bin/../../lib/gcc/pic32mx/8.3.1/../../../../pic32mx/lib\libpic32.a(vector7.o)
 .gnu.attributes
                0x0000000000000300       0x10 c:/program files/microchip/xc32/v3.01/bin/bin/../../lib/gcc/pic32mx/8.3.1/../../../../pic32mx/lib\libpic32.a(vector8.o)
 .gnu.attributes
                0x0000000000000310       0x10 c:/program files/microchip/xc32/v3.01/bin/bin/../../lib/gcc/pic32mx/8.3.1/../../../../pic32mx/lib\libpic32.a(vector9.o)
 .gnu.attributes
                0x0000000000000320       0x10 c:/program files/microchip/xc32/v3.01/bin/bin/../../lib/gcc/pic32mx/8.3.1/../../../../pic32mx/lib\libpic32.a(vector10.o)
 .gnu.attributes
                0x0000000000000330       0x10 c:/program files/microchip/xc32/v3.01/bin/bin/../../lib/gcc/pic32mx/8.3.1/../../../../pic32mx/lib\libpic32.a(vector11.o)
 .gnu.attributes
                0x0000000000000340       0x10 c:/program files/microchip/xc32/v3.01/bin/bin/../../lib/gcc/pic32mx/8.3.1/../../../../pic32mx/lib\libpic32.a(vector12.o)
 .gnu.attributes
                0x0000000000000350       0x10 c:/program files/microchip/xc32/v3.01/bin/bin/../../lib/gcc/pic32mx/8.3.1/../../../../pic32mx/lib\libpic32.a(vector13.o)
 .gnu.attributes
                0x0000000000000360       0x10 c:/program files/microchip/xc32/v3.01/bin/bin/../../lib/gcc/pic32mx/8.3.1/../../../../pic32mx/lib\libpic32.a(vector14.o)
 .gnu.attributes
                0x0000000000000370       0x10 c:/program files/microchip/xc32/v3.01/bin/bin/../../lib/gcc/pic32mx/8.3.1/../../../../pic32mx/lib\libpic32.a(vector15.o)
 .gnu.attributes
                0x0000000000000380       0x10 c:/program files/microchip/xc32/v3.01/bin/bin/../../lib/gcc/pic32mx/8.3.1/../../../../pic32mx/lib\libpic32.a(vector17.o)
 .gnu.attributes
                0x0000000000000390       0x10 c:/program files/microchip/xc32/v3.01/bin/bin/../../lib/gcc/pic32mx/8.3.1/../../../../pic32mx/lib\libpic32.a(vector18.o)
 .gnu.attributes
                0x00000000000003a0       0x10 c:/program files/microchip/xc32/v3.01/bin/bin/../../lib/gcc/pic32mx/8.3.1/../../../../pic32mx/lib\libpic32.a(vector19.o)
 .gnu.attributes
                0x00000000000003b0       0x10 c:/program files/microchip/xc32/v3.01/bin/bin/../../lib/gcc/pic32mx/8.3.1/../../../../pic32mx/lib\libpic32.a(vector21.o)
 .gnu.attributes
                0x00000000000003c0       0x10 c:/program files/microchip/xc32/v3.01/bin/bin/../../lib/gcc/pic32mx/8.3.1/../../../../pic32mx/lib\libpic32.a(vector22.o)
 .gnu.attributes
                0x00000000000003d0       0x10 c:/program files/microchip/xc32/v3.01/bin/bin/../../lib/gcc/pic32mx/8.3.1/../../../../pic32mx/lib\libpic32.a(vector23.o)
 .gnu.attributes
                0x00000000000003e0       0x10 c:/program files/microchip/xc32/v3.01/bin/bin/../../lib/gcc/pic32mx/8.3.1/../../../../pic32mx/lib\libpic32.a(vector25.o)
 .gnu.attributes
                0x00000000000003f0       0x10 c:/program files/microchip/xc32/v3.01/bin/bin/../../lib/gcc/pic32mx/8.3.1/../../../../pic32mx/lib\libpic32.a(vector28.o)
 .gnu.attributes
                0x0000000000000400       0x10 c:/program files/microchip/xc32/v3.01/bin/bin/../../lib/gcc/pic32mx/8.3.1/../../../../pic32mx/lib\libpic32.a(vector29.o)
 .gnu.attributes
                0x0000000000000410       0x10 c:/program files/microchip/xc32/v3.01/bin/bin/../../lib/gcc/pic32mx/8.3.1/../../../../pic32mx/lib\libpic32.a(vector30.o)
 .gnu.attributes
                0x0000000000000420       0x10 c:/program files/microchip/xc32/v3.01/bin/bin/../../lib/gcc/pic32mx/8.3.1/../../../../pic32mx/lib\libpic32.a(vector31.o)
 .gnu.attributes
                0x0000000000000430       0x10 c:/program files/microchip/xc32/v3.01/bin/bin/../../lib/gcc/pic32mx/8.3.1/../../../../pic32mx/lib\libpic32.a(vector32.o)
 .gnu.attributes
                0x0000000000000440       0x10 c:/program files/microchip/xc32/v3.01/bin/bin/../../lib/gcc/pic32mx/8.3.1/../../../../pic32mx/lib\libpic32.a(vector33.o)
 .gnu.attributes